Microchip MPLAB XC8 Compiler V2.30

Linker command line:

-W-3 --edf=/opt/microchip/xc8/v2.30/pic/dat/en_msgs.txt -cn \
  -h+dist/18F4620/production/THE3.X.production.sym \
  --cmf=dist/18F4620/production/THE3.X.production.cmf -z -Q18F4620 \
  -o/tmp/xcXiccPbC --defsym=__MPLAB_BUILD=1 \
  -Mdist/18F4620/production/THE3.X.production.map -E1 -ver=XC8 Compiler \
  --acfsm=1493 -ASTACK=01D1h-0F7Fh -pstack=STACK -ACODE=00h-0FFFFh \
  -ACONST=00h-0FFFFh -ASMALLCONST=01000h-010FFhx240 \
  -AMEDIUMCONST=01000h-0FFFFh -ACOMRAM=01h-07Fh -AABS1=00h-0F7Fh \
  -ABIGRAM=01h-0F7Fh -ARAM=080h-0FFh,0100h-01FFhx14,0F00h-0F7Fh \
  -ABANK0=080h-0FFh -ABANK1=0100h-01FFh -ABANK2=0200h-02FFh \
  -ABANK3=0300h-03FFh -ABANK4=0400h-04FFh -ABANK5=0500h-05FFh \
  -ABANK6=0600h-06FFh -ABANK7=0700h-07FFh -ABANK8=0800h-08FFh \
  -ABANK9=0900h-09FFh -ABANK10=0A00h-0AFFh -ABANK11=0B00h-0BFFh \
  -ABANK12=0C00h-0CFFh -ABANK13=0D00h-0DFFh -ABANK14=0E00h-0EFFh \
  -ABANK15=0F00h-0F7Fh -ASFR=0F80h-0FFFh -ACONFIG=0300000h-030000Dh \
  -AIDLOC=0200000h-0200007h -AEEDATA=0F00000h-0F003FFh -peeprom_data=EEDATA \
  -preset_vec=00h,intcode=08h,intcodelo=018h,powerup,init -pramtop=01000h \
  -psmallconst=SMALLCONST -pmediumconst=MEDIUMCONST -pconst=CONST \
  -AFARRAM=00h-00h \
  -prdata=COMRAM,nvrram=COMRAM,nvbit=COMRAM,rbss=COMRAM,rbit=COMRAM \
  -pfarbss=FARRAM,fardata=FARRAM,nvFARRAM=FARRAM \
  -pintsave_regs=BIGRAM,bigbss=BIGRAM,bigdata=BIGRAM -pbss=RAM \
  -pidata=CODE,irdata=CODE,ibigdata=CODE,ifardata=CODE -prparam=COMRAM \
  /tmp/xcXEdCMFH.o dist/18F4620/production/THE3.X.production.o 

Object code version is 3.11

Machine type is 18F4620



                Name                               Link     Load   Length Selector   Space Scale
/tmp/xcXEdCMFH.o
                idloc                            200000   200000        8        0       5
                config                           300000   300000        E        0       4
                init                                 C6       C6        4        C       0
                reset_vec                             0        0        4        0       0
dist/18F4620/production/THE3.X.production.o
                intcodelo                            18       18       AE        C       0
                intcode                               8        8        6        4       0
                idloc                            200000   200000        8        0       5
                config                           300000   300000        E        0       4
                temp                                 7C       7C        1        1       1
                smallconst                         1000     1000        6      800       0
                text28                             4268     4268       26      803       0
                text27                             3D4E     3D4E      14E      803       0
                text26                             3B80     3B80      1CE      803       0
                text25                             3140     3140      302      803       0
                text24                             2B02     2B02      324      803       0
                text23                             3442     3442      2F6      803       0
                text22                             27DA     27DA      328      803       0
                text21                             4136     4136       64      803       0
                text20                             40CC     40CC       6A      803       0
                text19                             2E26     2E26      31A      803       0
                text18                             24AA     24AA      330      803       0
                text17                             1E14     1E14      352      803       0
                text16                             2166     2166      344      803       0
                text15                             3738     3738      242      803       0
                text14                             430E     430E       10     2179       0
                text13                             1ABC     1ABC      358      803       0
                intcode_body                       1006     1006      61C      803       0
                text10                             428E     428E       24      803       0
                text9                              42B2     42B2       22      803       0
                text8                              4054     4054       78      803       0
                text7                              419A     419A       4A      803       0
                text6                              3FD2     3FD2       82      803       0
                text5                              4240     4240       28      803       0
                text4                              397A     397A      206      803       0
                text3                              3E9C     3E9C       A4      803       0
                text2                              41E4     41E4       32      803       0
                text1                              1622     1622      49A      803       0
                text0                              42F2     42F2       1C     2179       0
                cstackCOMRAM                          1        1       4A        1       1
                cstackBANK0                          D8       D8       20       80       1
                cstackBANK1                         1C7      1C7        A      100       1
                dataBANK1                           1BC      1BC        B      100       1
                bssBANK1                            100      100       BC      100       1
                dataBANK0                            AE       AE       2A       80       1
                bssBANK0                             80       80       2E       80       1
                dataCOMRAM                           4B       4B       1D        1       1
                bssCOMRAM                            68       68       14        1       1
                cinit                              3F40     3F40       92      803       0
                idataBANK1                         431E     431E        B     2179       0
                idataBANK0                         4216     4216       2A      803       0
                idataCOMRAM                        42D4     42D4       1D      803       0

TOTAL           Name                               Link     Load   Length     Space
        CLASS   STACK          

        CLASS   CODE           
                intcodelo                            18       18       AE         0
                intcode                               8        8        6         0
                init                                 C6       C6        4         0
                reset_vec                             0        0        4         0
                text28                             4268     4268       26         0
                text27                             3D4E     3D4E      14E         0
                text26                             3B80     3B80      1CE         0
                text25                             3140     3140      302         0
                text24                             2B02     2B02      324         0
                text23                             3442     3442      2F6         0
                text22                             27DA     27DA      328         0
                text21                             4136     4136       64         0
                text20                             40CC     40CC       6A         0
                text19                             2E26     2E26      31A         0
                text18                             24AA     24AA      330         0
                text17                             1E14     1E14      352         0
                text16                             2166     2166      344         0
                text15                             3738     3738      242         0
                text14                             430E     430E       10         0
                text13                             1ABC     1ABC      358         0
                intcode_body                       1006     1006      61C         0
                text10                             428E     428E       24         0
                text9                              42B2     42B2       22         0
                text8                              4054     4054       78         0
                text7                              419A     419A       4A         0
                text6                              3FD2     3FD2       82         0
                text5                              4240     4240       28         0
                text4                              397A     397A      206         0
                text3                              3E9C     3E9C       A4         0
                text2                              41E4     41E4       32         0
                text1                              1622     1622      49A         0
                text0                              42F2     42F2       1C         0
                cinit                              3F40     3F40       92         0
                idataBANK1                         431E     431E        B         0
                idataBANK0                         4216     4216       2A         0
                idataCOMRAM                        42D4     42D4       1D         0

        CLASS   CONST          

        CLASS   SMALLCONST     
                smallconst                         1000     1000        6         0

        CLASS   MEDIUMCONST    

        CLASS   COMRAM         
                temp                                 7C       7C        1         1
                cstackCOMRAM                          1        1       4A         1
                dataCOMRAM                           4B       4B       1D         1
                bssCOMRAM                            68       68       14         1

        CLASS   ABS1           

        CLASS   BIGRAM         

        CLASS   RAM            

        CLASS   BANK0          
                cstackBANK0                          D8       D8       20         1
                dataBANK0                            AE       AE       2A         1
                bssBANK0                             80       80       2E         1

        CLASS   BANK1          
                cstackBANK1                         1C7      1C7        A         1
                dataBANK1                           1BC      1BC        B         1
                bssBANK1                            100      100       BC         1

        CLASS   BANK2          

        CLASS   BANK3          

        CLASS   BANK4          

        CLASS   BANK5          

        CLASS   BANK6          

        CLASS   BANK7          

        CLASS   BANK8          

        CLASS   BANK9          

        CLASS   BANK10         

        CLASS   BANK11         

        CLASS   BANK12         

        CLASS   BANK13         

        CLASS   BANK14         

        CLASS   BANK15         

        CLASS   SFR            

        CLASS   CONFIG         
                config                           300000   300000        E         4

        CLASS   IDLOC          
                idloc                            200000   200000        8         5

        CLASS   EEDATA         

        CLASS   FARRAM         



SEGMENTS        Name                           Load    Length   Top    Selector   Space  Class

                reset_vec                      000000  000004  000004         0       0  CODE    
                bssBANK1                       000100  0000D1  0001D1       100       1  BANK1   
                intcode_body                   001006  0032EB  0042F1       803       0  CODE    
                text0                          0042F2  000037  004329      2179       0  CODE    
                bssBANK0                       000080  000078  0000F8        80       1  BANK0   
                intcode                        000008  000006  00000E         4       0  CODE    
                intcodelo                      000018  0000B2  0000CA         C       0  CODE    
                smallconst                     001000  000006  001006       800       0  SMALLCON
                cstackCOMRAM                   000001  00007C  00007D         1       1  COMRAM  


UNUSED ADDRESS RANGES

        Name                Unused          Largest block    Delta
        BANK0            0000F8-0000FF                8
        BANK1            0001D1-0001FF               2F
        BANK10           000A00-000AFF              100
        BANK11           000B00-000BFF              100
        BANK12           000C00-000CFF              100
        BANK13           000D00-000DFF              100
        BANK14           000E00-000EFF              100
        BANK15           000F00-000F7F               80
        BANK2            000200-0002FF              100
        BANK3            000300-0003FF              100
        BANK4            000400-0004FF              100
        BANK5            000500-0005FF              100
        BANK6            000600-0006FF              100
        BANK7            000700-0007FF              100
        BANK8            000800-0008FF              100
        BANK9            000900-0009FF              100
        BIGRAM           00007D-00007F                3
                         0000F8-0000FF                8
                         0001D1-000F7F              DAF
        CODE             000004-000007                4
                         00000E-000017                A
                         0000CA-000FFF              F36
                         0042F1-0042F1                1
                         004329-00FFFF             BCD7
        COMRAM           00007D-00007F                3
        CONST            000004-000007                4
                         00000E-000017                A
                         0000CA-000FFF              F36
                         0042F1-0042F1                1
                         004329-00FFFF             BCD7
        EEDATA           F00000-F003FF              400
        MEDIUMCONST      0042F1-0042F1                1
                         004329-00FFFF             BCD7
        RAM              0000F8-0000FF                8
                         0001D1-000F7F              100
        SFR              000F80-000FFF               80
        SMALLCONST       0042F1-0042F1                1
                         004329-00FFFF              100
        STACK            0001D1-000F7F              DAF

                                  Symbol Table

?___lwmod                                                  cstackCOMRAM 000001
?___wmul                                                   cstackBANK0  0000E0
?_compute_frisbee_target_and_route                         cstackCOMRAM 00000E
?_random_generator                                         cstackCOMRAM 000006
?i2___wmul                                                 cstackCOMRAM 000001
CatchFrisbee@i                                             cstackCOMRAM 000011
CatchFrisbee@pl                                            cstackCOMRAM 000007
CheckIfCaughtFrisbee@i                                     cstackCOMRAM 000008
InitGameObjects@i                                          cstackBANK0  0000F2
InitGameObjects@i_954                                      cstackBANK0  0000F6
InitGameObjects@j                                          cstackBANK0  0000F4
LCDAddSpecialCharacter@character_index                     cstackBANK0  0000E5
LCDAddSpecialCharacter@data                                cstackBANK0  0000E3
LCDAddSpecialCharacter@i                                   cstackBANK0  0000E6
LCDCmd@cmd                                                 cstackBANK0  0000E0
LCDDat@dat                                                 cstackBANK0  0000E0
LCDGoto@p_1                                                cstackBANK0  0000E1
LCDGoto@p_2                                                cstackBANK0  0000E2
MoveEveryone@i                                             cstackCOMRAM 000033
MoveEveryone@val                                           cstackCOMRAM 000021
UpdateAndPrintDisplay2D@i                                  cstackBANK1  0001C7
UpdateAndPrintDisplay2D@i_948                              cstackBANK1  0001CF
UpdateAndPrintDisplay2D@i_949                              cstackBANK1  0001CB
UpdateAndPrintDisplay2D@j                                  cstackBANK1  0001C9
UpdateAndPrintDisplay2D@j_950                              cstackBANK1  0001CD
_ADCON0                                                    (abs)        000FC2
_ADCON0bits                                                (abs)        000FC2
_ADCON1                                                    (abs)        000FC1
_ADCON2                                                    (abs)        000FC0
_ADRESH                                                    (abs)        000FC4
_ADRESL                                                    (abs)        000FC3
_AddCustomCharacters                                       text6        003FD2
_CatchFrisbee                                              text26       003B80
_CheckIfCaughtFrisbee                                      text27       003D4E
_INTCON2bits                                               (abs)        000FF1
_INTCON3bits                                               (abs)        000FF0
_INTCONbits                                                (abs)        000FF2
_IPR1bits                                                  (abs)        000F9F
_InitGameObjects                                           text4        00397A
_InitInterrupts                                            text3        003E9C
_InitLCD                                                   text2        0041E4
_LATA                                                      (abs)        000F89
_LATD                                                      (abs)        000F8C
_LCDAddSpecialCharacter                                    text7        00419A
_LCDCmd                                                    text9        0042B2
_LCDDat                                                    text10       00428E
_LCDGoto                                                   text8        004054
_MoveEveryone                                              text15       003738
_MoveEveryone$1802                                         cstackCOMRAM 000023
_MoveEveryone$1803                                         cstackCOMRAM 000025
_MoveEveryone$1804                                         cstackCOMRAM 000027
_MoveEveryone$1805                                         cstackCOMRAM 000029
_MoveEveryone$1806                                         cstackCOMRAM 00002B
_MoveEveryone$1807                                         cstackCOMRAM 00002D
_MoveEveryone$1808                                         cstackCOMRAM 00002F
_MoveEveryone$1809                                         cstackCOMRAM 000031
_PIE1bits                                                  (abs)        000F9D
_PIR1bits                                                  (abs)        000F9E
_PORTA                                                     (abs)        000F80
_PORTB                                                     (abs)        000F81
_PORTD                                                     (abs)        000F83
_PORTEbits                                                 (abs)        000F84
_RCONbits                                                  (abs)        000FD0
_SetupDebouncingTimer                                      text14       00430E
_T0CON                                                     (abs)        000FD5
_T0CONbits                                                 (abs)        000FD5
_T1CON                                                     (abs)        000FCD
_T1CONbits                                                 (abs)        000FCD
_T2CON                                                     (abs)        000FCA
_T3CON                                                     (abs)        000FB1
_T3CONbits                                                 (abs)        000FB1
_TMR0H                                                     (abs)        000FD7
_TMR0L                                                     (abs)        000FD6
_TMR1H                                                     (abs)        000FCF
_TMR1L                                                     (abs)        000FCE
_TMR3H                                                     (abs)        000FB3
_TMR3L                                                     (abs)        000FB2
_TRISA                                                     (abs)        000F92
_TRISB                                                     (abs)        000F93
_TRISD                                                     (abs)        000F95
_TRISEbits                                                 (abs)        000F96
_UpdateAndPrintDisplay2D                                   text1        001622
__HRAM                                                     (abs)        000000
__Habs1                                                    abs1         000000
__Hbank0                                                   bank0        000000
__Hbank1                                                   bank1        000000
__Hbank10                                                  bank10       000000
__Hbank11                                                  bank11       000000
__Hbank12                                                  bank12       000000
__Hbank13                                                  bank13       000000
__Hbank14                                                  bank14       000000
__Hbank15                                                  bank15       000000
__Hbank2                                                   bank2        000000
__Hbank3                                                   bank3        000000
__Hbank4                                                   bank4        000000
__Hbank5                                                   bank5        000000
__Hbank6                                                   bank6        000000
__Hbank7                                                   bank7        000000
__Hbank8                                                   bank8        000000
__Hbank9                                                   bank9        000000
__Hbigbss                                                  bigbss       000000
__Hbigdata                                                 bigdata      000000
__Hbigram                                                  bigram       000000
__Hbss                                                     bss          000000
__HbssBANK0                                                bssBANK0     000000
__HbssBANK1                                                bssBANK1     000000
__HbssCOMRAM                                               bssCOMRAM    000000
__Hcinit                                                   cinit        000000
__Hclrtext                                                 clrtext      000000
__Hcomram                                                  comram       000000
__Hconfig                                                  config       30000E
__Hconst                                                   const        000000
__HcstackBANK0                                             cstackBANK0  000000
__HcstackBANK1                                             cstackBANK1  000000
__HcstackCOMRAM                                            cstackCOMRAM 000000
__Hdata                                                    data         000000
__HdataBANK0                                               dataBANK0    000000
__HdataBANK1                                               dataBANK1    000000
__HdataCOMRAM                                              dataCOMRAM   000000
__Heeprom_data                                             eeprom_data  000000
__Hfarbss                                                  farbss       000000
__Hfardata                                                 fardata      000000
__Hibigdata                                                ibigdata     000000
__Hidata                                                   idata        000000
__HidataBANK0                                              idataBANK0   000000
__HidataBANK1                                              idataBANK1   000000
__HidataCOMRAM                                             idataCOMRAM  000000
__Hidloc                                                   idloc        200008
__Hifardata                                                ifardata     000000
__Hinit                                                    init         0000CA
__Hintcode                                                 intcode      00000E
__Hintcode_body                                            intcode_body 000000
__Hintcodelo                                               intcodelo    0000C6
__Hintentry                                                intentry     000000
__Hintret                                                  intret       000000
__Hintsave_regs                                            intsave_regs 000000
__Hirdata                                                  irdata       000000
__Hmediumconst                                             mediumconst  000000
__HnvFARRAM                                                nvFARRAM     000000
__Hnvbit                                                   nvbit        000000
__Hnvrram                                                  nvrram       000000
__Hparam                                                   rparam       000000
__Hpowerup                                                 powerup      0000C6
__Hram                                                     ram          000000
__Hramtop                                                  ramtop       001000
__Hrbit                                                    rbit         000000
__Hrbss                                                    rbss         000000
__Hrdata                                                   rdata        000000
__Hreset_vec                                               reset_vec    000004
__Hrparam                                                  rparam       000000
__Hsfr                                                     sfr          000000
__Hsmallconst                                              smallconst   001006
__Hspace_0                                                 (abs)        004329
__Hspace_1                                                 (abs)        0001D1
__Hspace_2                                                 (abs)        000000
__Hspace_4                                                 (abs)        60000E
__Hstack                                                   stack        000000
__Hstruct                                                  struct       000000
__Htemp                                                    temp         00007D
__Htext                                                    text         000000
__Htext0                                                   text0        000000
__Htext1                                                   text1        000000
__Htext10                                                  text10       000000
__Htext13                                                  text13       000000
__Htext14                                                  text14       000000
__Htext15                                                  text15       000000
__Htext16                                                  text16       000000
__Htext17                                                  text17       000000
__Htext18                                                  text18       000000
__Htext19                                                  text19       000000
__Htext2                                                   text2        000000
__Htext20                                                  text20       000000
__Htext21                                                  text21       000000
__Htext22                                                  text22       000000
__Htext23                                                  text23       000000
__Htext24                                                  text24       000000
__Htext25                                                  text25       000000
__Htext26                                                  text26       000000
__Htext27                                                  text27       000000
__Htext28                                                  text28       000000
__Htext3                                                   text3        000000
__Htext4                                                   text4        000000
__Htext5                                                   text5        000000
__Htext6                                                   text6        000000
__Htext7                                                   text7        000000
__Htext8                                                   text8        000000
__Htext9                                                   text9        000000
__LRAM                                                     (abs)        000001
__Labs1                                                    abs1         000000
__Lbank0                                                   bank0        000000
__Lbank1                                                   bank1        000000
__Lbank10                                                  bank10       000000
__Lbank11                                                  bank11       000000
__Lbank12                                                  bank12       000000
__Lbank13                                                  bank13       000000
__Lbank14                                                  bank14       000000
__Lbank15                                                  bank15       000000
__Lbank2                                                   bank2        000000
__Lbank3                                                   bank3        000000
__Lbank4                                                   bank4        000000
__Lbank5                                                   bank5        000000
__Lbank6                                                   bank6        000000
__Lbank7                                                   bank7        000000
__Lbank8                                                   bank8        000000
__Lbank9                                                   bank9        000000
__Lbigbss                                                  bigbss       000000
__Lbigdata                                                 bigdata      000000
__Lbigram                                                  bigram       000000
__Lbss                                                     bss          000000
__LbssBANK0                                                bssBANK0     000000
__LbssBANK1                                                bssBANK1     000000
__LbssCOMRAM                                               bssCOMRAM    000000
__Lcinit                                                   cinit        000000
__Lclrtext                                                 clrtext      000000
__Lcomram                                                  comram       000000
__Lconfig                                                  config       000000
__Lconst                                                   const        000000
__LcstackBANK0                                             cstackBANK0  000000
__LcstackBANK1                                             cstackBANK1  000000
__LcstackCOMRAM                                            cstackCOMRAM 000000
__Ldata                                                    data         000000
__LdataBANK0                                               dataBANK0    000000
__LdataBANK1                                               dataBANK1    000000
__LdataCOMRAM                                              dataCOMRAM   000000
__Leeprom_data                                             eeprom_data  000000
__Lfarbss                                                  farbss       000000
__Lfardata                                                 fardata      000000
__Libigdata                                                ibigdata     000000
__Lidata                                                   idata        000000
__LidataBANK0                                              idataBANK0   000000
__LidataBANK1                                              idataBANK1   000000
__LidataCOMRAM                                             idataCOMRAM  000000
__Lidloc                                                   idloc        000000
__Lifardata                                                ifardata     000000
__Linit                                                    init         0000C6
__Lintcode                                                 intcode      000008
__Lintcode_body                                            intcode_body 000000
__Lintcodelo                                               intcodelo    000018
__Lintentry                                                intentry     000000
__Lintret                                                  intret       000000
__Lintsave_regs                                            intsave_regs 000000
__Lirdata                                                  irdata       000000
__Lmediumconst                                             mediumconst  000000
__LnvFARRAM                                                nvFARRAM     000000
__Lnvbit                                                   nvbit        000000
__Lnvrram                                                  nvrram       000000
__Lparam                                                   rparam       000000
__Lpowerup                                                 powerup      0000C6
__Lram                                                     ram          000000
__Lramtop                                                  ramtop       001000
__Lrbit                                                    rbit         000000
__Lrbss                                                    rbss         000000
__Lrdata                                                   rdata        000000
__Lreset_vec                                               reset_vec    000000
__Lrparam                                                  rparam       000000
__Lsfr                                                     sfr          000000
__Lsmallconst                                              smallconst   001000
__Lspace_0                                                 (abs)        000000
__Lspace_1                                                 (abs)        000000
__Lspace_2                                                 (abs)        000000
__Lspace_4                                                 (abs)        000000
__Lstack                                                   stack        000000
__Lstruct                                                  struct       000000
__Ltemp                                                    temp         00007C
__Ltext                                                    text         000000
__Ltext0                                                   text0        000000
__Ltext1                                                   text1        000000
__Ltext10                                                  text10       000000
__Ltext13                                                  text13       000000
__Ltext14                                                  text14       000000
__Ltext15                                                  text15       000000
__Ltext16                                                  text16       000000
__Ltext17                                                  text17       000000
__Ltext18                                                  text18       000000
__Ltext19                                                  text19       000000
__Ltext2                                                   text2        000000
__Ltext20                                                  text20       000000
__Ltext21                                                  text21       000000
__Ltext22                                                  text22       000000
__Ltext23                                                  text23       000000
__Ltext24                                                  text24       000000
__Ltext25                                                  text25       000000
__Ltext26                                                  text26       000000
__Ltext27                                                  text27       000000
__Ltext28                                                  text28       000000
__Ltext3                                                   text3        000000
__Ltext4                                                   text4        000000
__Ltext5                                                   text5        000000
__Ltext6                                                   text6        000000
__Ltext7                                                   text7        000000
__Ltext8                                                   text8        000000
__Ltext9                                                   text9        000000
__S0                                                       (abs)        004329
__S1                                                       (abs)        0001D1
__S2                                                       (abs)        000000
__S4                                                       (abs)        000000
__S5                                                       (abs)        000000
___inthi_sp                                                stack        000000
___intlo_sp                                                stack        000000
___lwmod                                                   text21       004136
___lwmod@counter                                           cstackCOMRAM 000005
___lwmod@dividend                                          cstackCOMRAM 000001
___lwmod@divisor                                           cstackCOMRAM 000003
___param_bank                                              (abs)        000000
___rparam_used                                             (abs)        000001
___sp                                                      stack        000000
___wmul                                                    text5        004240
___wmul@multiplicand                                       cstackBANK0  0000E2
___wmul@multiplier                                         cstackBANK0  0000E0
___wmul@product                                            cstackBANK0  0000E4
__accesstop                                                (abs)        000080
__activetblptr                                             (abs)        000002
__end_of_AddCustomCharacters                               text6        004054
__end_of_CatchFrisbee                                      text26       003D4E
__end_of_CheckIfCaughtFrisbee                              text27       003E9C
__end_of_InitGameObjects                                   text4        003B80
__end_of_InitInterrupts                                    text3        003F40
__end_of_InitLCD                                           text2        004216
__end_of_LCDAddSpecialCharacter                            text7        0041E4
__end_of_LCDCmd                                            text9        0042D4
__end_of_LCDDat                                            text10       0042B2
__end_of_LCDGoto                                           text8        0040CC
__end_of_MoveEveryone                                      text15       00397A
__end_of_SetupDebouncingTimer                              text14       00431E
__end_of_UpdateAndPrintDisplay2D                           text1        001ABC
__end_of___lwmod                                           text21       00419A
__end_of___wmul                                            text5        004268
__end_of__initialization                                   cinit        003FC4
__end_of_compute_frisbee_target_and_route                  text13       001E14
__end_of_down                                              text25       003442
__end_of_downleft                                          text24       002E26
__end_of_downright                                         text23       003738
__end_of_highIsr                                           intcode_body 001622
__end_of_left                                              text22       002B02
__end_of_lowIsr                                            intcodelo    0000C6
__end_of_main                                              text0        00430E
__end_of_random_generator                                  text20       004136
__end_of_right                                             text19       003140
__end_of_up                                                text18       0027DA
__end_of_upleft                                            text17       002166
__end_of_upright                                           text16       0024AA
__end_ofi2___wmul                                          text28       00428E
__initialization                                           cinit        003F40
__mediumconst                                              mediumconst  000000
__pbssBANK0                                                bssBANK0     000080
__pbssBANK1                                                bssBANK1     000100
__pbssCOMRAM                                               bssCOMRAM    000068
__pcinit                                                   cinit        003F40
__pcstackBANK0                                             cstackBANK0  0000D8
__pcstackBANK1                                             cstackBANK1  0001C7
__pcstackCOMRAM                                            cstackCOMRAM 000001
__pdataBANK0                                               dataBANK0    0000AE
__pdataBANK1                                               dataBANK1    0001BC
__pdataCOMRAM                                              dataCOMRAM   00004B
__pidataBANK0                                              idataBANK0   004216
__pidataBANK1                                              idataBANK1   00431E
__pidataCOMRAM                                             idataCOMRAM  0042D4
__pintcode                                                 intcode      000008
__pintcode_body                                            intcode_body 001006
__pintcodelo                                               intcodelo    000018
__psmallconst                                              smallconst   001000
__ptext0                                                   text0        0042F2
__ptext1                                                   text1        001622
__ptext10                                                  text10       00428E
__ptext13                                                  text13       001ABC
__ptext14                                                  text14       00430E
__ptext15                                                  text15       003738
__ptext16                                                  text16       002166
__ptext17                                                  text17       001E14
__ptext18                                                  text18       0024AA
__ptext19                                                  text19       002E26
__ptext2                                                   text2        0041E4
__ptext20                                                  text20       0040CC
__ptext21                                                  text21       004136
__ptext22                                                  text22       0027DA
__ptext23                                                  text23       003442
__ptext24                                                  text24       002B02
__ptext25                                                  text25       003140
__ptext26                                                  text26       003B80
__ptext27                                                  text27       003D4E
__ptext28                                                  text28       004268
__ptext3                                                   text3        003E9C
__ptext4                                                   text4        00397A
__ptext5                                                   text5        004240
__ptext6                                                   text6        003FD2
__ptext7                                                   text7        00419A
__ptext8                                                   text8        004054
__ptext9                                                   text9        0042B2
__ramtop                                                   ramtop       001000
__size_of_AddCustomCharacters                              (abs)        000000
__size_of_CatchFrisbee                                     (abs)        000000
__size_of_CheckIfCaughtFrisbee                             (abs)        000000
__size_of_InitGameObjects                                  (abs)        000000
__size_of_InitInterrupts                                   (abs)        000000
__size_of_InitLCD                                          (abs)        000000
__size_of_LCDAddSpecialCharacter                           (abs)        000000
__size_of_LCDCmd                                           (abs)        000000
__size_of_LCDDat                                           (abs)        000000
__size_of_LCDGoto                                          (abs)        000000
__size_of_MoveEveryone                                     (abs)        000000
__size_of_SetupDebouncingTimer                             (abs)        000000
__size_of_UpdateAndPrintDisplay2D                          (abs)        000000
__size_of___lwmod                                          (abs)        000000
__size_of___wmul                                           (abs)        000000
__size_of_compute_frisbee_target_and_route                 (abs)        000000
__size_of_down                                             (abs)        000000
__size_of_downleft                                         (abs)        000000
__size_of_downright                                        (abs)        000000
__size_of_highIsr                                          (abs)        000000
__size_of_left                                             (abs)        000000
__size_of_lowIsr                                           (abs)        000000
__size_of_main                                             (abs)        000000
__size_of_random_generator                                 (abs)        000000
__size_of_right                                            (abs)        000000
__size_of_up                                               (abs)        000000
__size_of_upleft                                           (abs)        000000
__size_of_upright                                          (abs)        000000
__size_ofi2___wmul                                         (abs)        000000
__smallconst                                               smallconst   001000
_a                                                         bssCOMRAM    000078
_acceptInterrupts                                          bssCOMRAM    00007B
_b                                                         bssCOMRAM    000076
_c                                                         bssCOMRAM    000074
_compute_frisbee_target_and_route                          text13       001ABC
_curFrisbeeSteps                                           bssCOMRAM    00006A
_currentSegment                                            bssCOMRAM    000070
_digital                                                   bssCOMRAM    000068
_display                                                   bssBANK1     000100
_down                                                      text25       003140
_downleft                                                  text24       002B02
_downright                                                 text23       003442
_frisbeeChar                                               dataCOMRAM   000058
_frisbeeSteps                                              bssCOMRAM    00006C
_frisbee_steps                                             bssBANK1     000180
_frisbee_target                                            dataCOMRAM   000050
_gameSpeed                                                 dataCOMRAM   00004D
_game_state                                                dataCOMRAM   00004F
_highIsr                                                   intcode      000008
_highIsr$1798                                              cstackCOMRAM 000043
_highIsr$1799                                              cstackCOMRAM 000045
_highIsr$1800                                              cstackCOMRAM 000047
_highIsr$1801                                              cstackCOMRAM 000049
_lcd_x                                                     dataBANK0    0000AF
_lcd_y                                                     dataBANK0    0000AE
_left                                                      text22       0027DA
_lowIsr                                                    intcodelo    000018
_main                                                      text0        0042F2
_nextGameSpeed                                             dataCOMRAM   00004B
_objs                                                      bssBANK0     000084
_portbVals                                                 bssCOMRAM    00007A
_pulseCounter                                              bssCOMRAM    00006E
_random_generator                                          text20       0040CC
_right                                                     text19       002E26
_scoreA                                                    bssBANK0     000082
_scoreB                                                    bssBANK0     000080
_segValues                                                 dataBANK1    0001BC
_selectedPlayer                                            bssCOMRAM    000072
_selected_teamA_player                                     dataBANK0    0000C0
_selected_teamA_player_with_frisbee                        dataBANK0    0000B0
_selected_teamB_player                                     dataBANK0    0000B8
_selected_teamB_player_with_frisbee                        dataCOMRAM   000060
_teamA_player                                              dataBANK0    0000D0
_teamB_player                                              dataBANK0    0000C8
_up                                                        text18       0024AA
_upleft                                                    text17       001E14
_upright                                                   text16       002166
btemp                                                      temp         00007C
compute_frisbee_target_and_route@current_fisbee_x_position cstackCOMRAM 00000E
compute_frisbee_target_and_route@current_fisbee_y_position cstackCOMRAM 000010
compute_frisbee_target_and_route@i                         cstackCOMRAM 000014
compute_frisbee_target_and_route@i_782                     cstackCOMRAM 000016
compute_frisbee_target_and_route@i_783                     cstackCOMRAM 000018
compute_frisbee_target_and_route@i_785                     cstackCOMRAM 00001A
compute_frisbee_target_and_route@i_786                     cstackCOMRAM 00001C
compute_frisbee_target_and_route@i_787                     cstackCOMRAM 00001E
compute_frisbee_target_and_route@number_of_steps           cstackCOMRAM 000020
compute_frisbee_target_and_route@target_x                  cstackCOMRAM 000022
compute_frisbee_target_and_route@target_y                  cstackCOMRAM 000024
compute_frisbee_target_and_route@x                         cstackCOMRAM 000026
compute_frisbee_target_and_route@x_step_size               cstackCOMRAM 00002A
compute_frisbee_target_and_route@y                         cstackCOMRAM 000028
compute_frisbee_target_and_route@y_step_size               cstackCOMRAM 00002C
down@pl                                                    cstackCOMRAM 000013
downleft@pl                                                cstackCOMRAM 000013
downright@pl                                               cstackCOMRAM 000013
end_of_initialization                                      cinit        003FC4
i2___wmul                                                  text28       004268
i2___wmul@multiplicand                                     cstackCOMRAM 000003
i2___wmul@multiplier                                       cstackCOMRAM 000001
i2___wmul@product                                          cstackCOMRAM 000005
int$flags                                                  temp         00007C
int_func                                                   intcode_body 001006
intlevel0                                                  text         000000
intlevel1                                                  text         000000
intlevel2                                                  text         000000
intlevel3                                                  text         000000
left@pl                                                    cstackCOMRAM 000013
lowIsr@temp_a                                              cstackBANK0  0000DF
lowIsr@temp_d                                              cstackBANK0  0000DE
random_generator@i                                         cstackCOMRAM 00000A
random_generator@modulo                                    cstackCOMRAM 000006
random_generator@res                                       cstackCOMRAM 00000D
random_generator@temp                                      cstackCOMRAM 00000C
right@pl                                                   cstackCOMRAM 000013
stackhi                                                    (abs)        000F7F
stacklo                                                    (abs)        0001D1
start                                                      init         0000C6
start_initialization                                       cinit        003F40
ttemp5                                                     temp         00007D
ttemp6                                                     temp         000080
ttemp7                                                     temp         000084
up@pl                                                      cstackCOMRAM 000013
upleft@pl                                                  cstackCOMRAM 000013
upright@pl                                                 cstackCOMRAM 000013
wtemp8                                                     temp         00007D


FUNCTION INFORMATION:

 *************** function _main *****************
 Defined at:
		line 243 in file "main.c"
 Parameters:    Size  Location     Type
		None
 Auto vars:     Size  Location     Type
		None
 Return value:  Size  Location     Type
                  1    wreg      void 
 Registers used:
		wreg, fsr1l, fsr1h, fsr2l, fsr2h, status,2, status,0, prodl, prodh, cstack
 Tracked objects:
		On entry : 
		On exit  : 
		Unchanged: 
 Data sizes:     COMRAM   BANK0   BANK1   BANK2   BANK3   BANK4   BANK5   BANK6   BANK7   BANK8   BANK9  BANK10  BANK11  BANK12  BANK13  BANK14  BANK15
      Params:         0       0       0       0       0       0       0       0       0       0       0       0       0       0       0       0       0
      Locals:         0       0       0       0       0       0       0       0       0       0       0       0       0       0       0       0       0
      Temps:          0       0       0       0       0       0       0       0       0       0       0       0       0       0       0       0       0
      Totals:         0       0       0       0       0       0       0       0       0       0       0       0       0       0       0       0       0
Total ram usage:        0 bytes
 Hardware stack levels required when called:   10
 This function calls:
		_AddCustomCharacters
		_InitGameObjects
		_InitInterrupts
		_InitLCD
		_UpdateAndPrintDisplay2D
 This function is called by:
		Startup code after reset
 This function uses a non-reentrant model


 *************** function _UpdateAndPrintDisplay2D *****************
 Defined at:
		line 382 in file "main.c"
 Parameters:    Size  Location     Type
		None
 Auto vars:     Size  Location     Type
  j               2    6[BANK1 ] int 
  j               2    2[BANK1 ] int 
  i               2    4[BANK1 ] int 
  i               2    8[BANK1 ] int 
  i               2    0[BANK1 ] int 
 Return value:  Size  Location     Type
                  1    wreg      void 
 Registers used:
		wreg, fsr1l, fsr1h, fsr2l, fsr2h, status,2, status,0, prodl, prodh, cstack
 Tracked objects:
		On entry : 
		On exit  : 
		Unchanged: 
 Data sizes:     COMRAM   BANK0   BANK1   BANK2   BANK3   BANK4   BANK5   BANK6   BANK7   BANK8   BANK9  BANK10  BANK11  BANK12  BANK13  BANK14  BANK15
      Params:         0       0       0       0       0       0       0       0       0       0       0       0       0       0       0       0       0
      Locals:         0       0      10       0       0       0       0       0       0       0       0       0       0       0       0       0       0
      Temps:          0      10       0       0       0       0       0       0       0       0       0       0       0       0       0       0       0
      Totals:         0      10      10       0       0       0       0       0       0       0       0       0       0       0       0       0       0
Total ram usage:       20 bytes
 Hardware stack levels used:    1
 Hardware stack levels required when called:    8
 This function calls:
		_LCDDat
		_LCDGoto
		___wmul
 This function is called by:
		_main
 This function uses a non-reentrant model


 *************** function _InitLCD *****************
 Defined at:
		line 124 in file "./lcd.h"
 Parameters:    Size  Location     Type
		None
 Auto vars:     Size  Location     Type
		None
 Return value:  Size  Location     Type
                  1    wreg      void 
 Registers used:
		wreg, status,2, cstack
 Tracked objects:
		On entry : 
		On exit  : 
		Unchanged: 
 Data sizes:     COMRAM   BANK0   BANK1   BANK2   BANK3   BANK4   BANK5   BANK6   BANK7   BANK8   BANK9  BANK10  BANK11  BANK12  BANK13  BANK14  BANK15
      Params:         0       0       0       0       0       0       0       0       0       0       0       0       0       0       0       0       0
      Locals:         0       0       0       0       0       0       0       0       0       0       0       0       0       0       0       0       0
      Temps:          0       0       0       0       0       0       0       0       0       0       0       0       0       0       0       0       0
      Totals:         0       0       0       0       0       0       0       0       0       0       0       0       0       0       0       0       0
Total ram usage:        0 bytes
 Hardware stack levels used:    1
 Hardware stack levels required when called:    7
 This function calls:
		_LCDCmd
 This function is called by:
		_main
 This function uses a non-reentrant model


 *************** function _InitInterrupts *****************
 Defined at:
		line 542 in file "main.c"
 Parameters:    Size  Location     Type
		None
 Auto vars:     Size  Location     Type
		None
 Return value:  Size  Location     Type
                  1    wreg      void 
 Registers used:
		wreg, status,2, status,0
 Tracked objects:
		On entry : 
		On exit  : 
		Unchanged: 
 Data sizes:     COMRAM   BANK0   BANK1   BANK2   BANK3   BANK4   BANK5   BANK6   BANK7   BANK8   BANK9  BANK10  BANK11  BANK12  BANK13  BANK14  BANK15
      Params:         0       0       0       0       0       0       0       0       0       0       0       0       0       0       0       0       0
      Locals:         0       0       0       0       0       0       0       0       0       0       0       0       0       0       0       0       0
      Temps:          0       0       0       0       0       0       0       0       0       0       0       0       0       0       0       0       0
      Totals:         0       0       0       0       0       0       0       0       0       0       0       0       0       0       0       0       0
Total ram usage:        0 bytes
 Hardware stack levels used:    1
 Hardware stack levels required when called:    6
 This function calls:
		Nothing
 This function is called by:
		_main
 This function uses a non-reentrant model


 *************** function _InitGameObjects *****************
 Defined at:
		line 452 in file "main.c"
 Parameters:    Size  Location     Type
		None
 Auto vars:     Size  Location     Type
  j               2   28[BANK0 ] int 
  i               2   30[BANK0 ] int 
  i               2   26[BANK0 ] int 
 Return value:  Size  Location     Type
                  1    wreg      void 
 Registers used:
		wreg, fsr2l, fsr2h, status,2, status,0, prodl, prodh, cstack
 Tracked objects:
		On entry : 
		On exit  : 
		Unchanged: 
 Data sizes:     COMRAM   BANK0   BANK1   BANK2   BANK3   BANK4   BANK5   BANK6   BANK7   BANK8   BANK9  BANK10  BANK11  BANK12  BANK13  BANK14  BANK15
      Params:         0       0       0       0       0       0       0       0       0       0       0       0       0       0       0       0       0
      Locals:         0       6       0       0       0       0       0       0       0       0       0       0       0       0       0       0       0
      Temps:          0      12       0       0       0       0       0       0       0       0       0       0       0       0       0       0       0
      Totals:         0      18       0       0       0       0       0       0       0       0       0       0       0       0       0       0       0
Total ram usage:       18 bytes
 Hardware stack levels used:    1
 Hardware stack levels required when called:    7
 This function calls:
		___wmul
 This function is called by:
		_main
 This function uses a non-reentrant model


 *************** function ___wmul *****************
 Defined at:
		line 15 in file "/opt/microchip/xc8/v2.30/pic/sources/c99/common/Umul16.c"
 Parameters:    Size  Location     Type
  multiplier      2    8[BANK0 ] unsigned int 
  multiplicand    2   10[BANK0 ] unsigned int 
 Auto vars:     Size  Location     Type
  product         2   12[BANK0 ] unsigned int 
 Return value:  Size  Location     Type
                  2    8[BANK0 ] unsigned int 
 Registers used:
		wreg, status,2, status,0, prodl, prodh
 Tracked objects:
		On entry : 
		On exit  : 
		Unchanged: 
 Data sizes:     COMRAM   BANK0   BANK1   BANK2   BANK3   BANK4   BANK5   BANK6   BANK7   BANK8   BANK9  BANK10  BANK11  BANK12  BANK13  BANK14  BANK15
      Params:         0       4       0       0       0       0       0       0       0       0       0       0       0       0       0       0       0
      Locals:         0       2       0       0       0       0       0       0       0       0       0       0       0       0       0       0       0
      Temps:          0       0       0       0       0       0       0       0       0       0       0       0       0       0       0       0       0
      Totals:         0       6       0       0       0       0       0       0       0       0       0       0       0       0       0       0       0
Total ram usage:        6 bytes
 Hardware stack levels used:    1
 Hardware stack levels required when called:    6
 This function calls:
		Nothing
 This function is called by:
		_UpdateAndPrintDisplay2D
		_InitGameObjects
		_UpdateAndPrintDisplay
 This function uses a non-reentrant model


 *************** function _AddCustomCharacters *****************
 Defined at:
		line 161 in file "./lcd.h"
 Parameters:    Size  Location     Type
		None
 Auto vars:     Size  Location     Type
		None
 Return value:  Size  Location     Type
                  1    wreg      void 
 Registers used:
		wreg, fsr2l, fsr2h, status,2, status,0, prodl, prodh, cstack
 Tracked objects:
		On entry : 
		On exit  : 
		Unchanged: 
 Data sizes:     COMRAM   BANK0   BANK1   BANK2   BANK3   BANK4   BANK5   BANK6   BANK7   BANK8   BANK9  BANK10  BANK11  BANK12  BANK13  BANK14  BANK15
      Params:         0       0       0       0       0       0       0       0       0       0       0       0       0       0       0       0       0
      Locals:         0       0       0       0       0       0       0       0       0       0       0       0       0       0       0       0       0
      Temps:          0       0       0       0       0       0       0       0       0       0       0       0       0       0       0       0       0
      Totals:         0       0       0       0       0       0       0       0       0       0       0       0       0       0       0       0       0
Total ram usage:        0 bytes
 Hardware stack levels used:    1
 Hardware stack levels required when called:    9
 This function calls:
		_LCDAddSpecialCharacter
 This function is called by:
		_main
 This function uses a non-reentrant model


 *************** function _LCDAddSpecialCharacter *****************
 Defined at:
		line 145 in file "./lcd.h"
 Parameters:    Size  Location     Type
  character_in    1    wreg     unsigned char 
  data            2   11[BANK0 ] PTR unsigned char 
		 -> frisbee_target(8), frisbeeChar(8), selected_teamB_player_with_frisbee(8), selected_teamA_player_with_frisbee(8), 
		 -> selected_teamB_player(8), selected_teamA_player(8), teamB_player(8), teamA_player(8), 
 Auto vars:     Size  Location     Type
  character_in    1   13[BANK0 ] unsigned char 
  i               1   14[BANK0 ] unsigned char 
 Return value:  Size  Location     Type
                  1    wreg      void 
 Registers used:
		wreg, fsr2l, fsr2h, status,2, status,0, prodl, prodh, cstack
 Tracked objects:
		On entry : 
		On exit  : 
		Unchanged: 
 Data sizes:     COMRAM   BANK0   BANK1   BANK2   BANK3   BANK4   BANK5   BANK6   BANK7   BANK8   BANK9  BANK10  BANK11  BANK12  BANK13  BANK14  BANK15
      Params:         0       2       0       0       0       0       0       0       0       0       0       0       0       0       0       0       0
      Locals:         0       2       0       0       0       0       0       0       0       0       0       0       0       0       0       0       0
      Temps:          0       0       0       0       0       0       0       0       0       0       0       0       0       0       0       0       0
      Totals:         0       4       0       0       0       0       0       0       0       0       0       0       0       0       0       0       0
Total ram usage:        4 bytes
 Hardware stack levels used:    1
 Hardware stack levels required when called:    8
 This function calls:
		_LCDCmd
		_LCDDat
		_LCDGoto
 This function is called by:
		_AddCustomCharacters
 This function uses a non-reentrant model


 *************** function _LCDGoto *****************
 Defined at:
		line 88 in file "./lcd.h"
 Parameters:    Size  Location     Type
  p_2             1    wreg     unsigned char 
  p_1             1    9[BANK0 ] unsigned char 
 Auto vars:     Size  Location     Type
  p_2             1   10[BANK0 ] unsigned char 
 Return value:  Size  Location     Type
                  1    wreg      void 
 Registers used:
		wreg, status,2, status,0, cstack
 Tracked objects:
		On entry : 
		On exit  : 
		Unchanged: 
 Data sizes:     COMRAM   BANK0   BANK1   BANK2   BANK3   BANK4   BANK5   BANK6   BANK7   BANK8   BANK9  BANK10  BANK11  BANK12  BANK13  BANK14  BANK15
      Params:         0       1       0       0       0       0       0       0       0       0       0       0       0       0       0       0       0
      Locals:         0       1       0       0       0       0       0       0       0       0       0       0       0       0       0       0       0
      Temps:          0       0       0       0       0       0       0       0       0       0       0       0       0       0       0       0       0
      Totals:         0       2       0       0       0       0       0       0       0       0       0       0       0       0       0       0       0
Total ram usage:        2 bytes
 Hardware stack levels used:    1
 Hardware stack levels required when called:    7
 This function calls:
		_LCDCmd
 This function is called by:
		_LCDAddSpecialCharacter
		_UpdateAndPrintDisplay2D
		_LCDStr
		_UpdateAndPrintDisplay
		_PrintPORTBandIntCounts
 This function uses a non-reentrant model


 *************** function _LCDCmd *****************
 Defined at:
		line 64 in file "./lcd.h"
 Parameters:    Size  Location     Type
  cmd             1    wreg     unsigned char 
 Auto vars:     Size  Location     Type
  cmd             1    8[BANK0 ] unsigned char 
 Return value:  Size  Location     Type
                  1    wreg      void 
 Registers used:
		wreg
 Tracked objects:
		On entry : 
		On exit  : 
		Unchanged: 
 Data sizes:     COMRAM   BANK0   BANK1   BANK2   BANK3   BANK4   BANK5   BANK6   BANK7   BANK8   BANK9  BANK10  BANK11  BANK12  BANK13  BANK14  BANK15
      Params:         0       0       0       0       0       0       0       0       0       0       0       0       0       0       0       0       0
      Locals:         0       1       0       0       0       0       0       0       0       0       0       0       0       0       0       0       0
      Temps:          0       0       0       0       0       0       0       0       0       0       0       0       0       0       0       0       0
      Totals:         0       1       0       0       0       0       0       0       0       0       0       0       0       0       0       0       0
Total ram usage:        1 bytes
 Hardware stack levels used:    1
 Hardware stack levels required when called:    6
 This function calls:
		Nothing
 This function is called by:
		_LCDGoto
		_InitLCD
		_LCDAddSpecialCharacter
 This function uses a non-reentrant model


 *************** function _LCDDat *****************
 Defined at:
		line 74 in file "./lcd.h"
 Parameters:    Size  Location     Type
  dat             1    wreg     unsigned char 
 Auto vars:     Size  Location     Type
  dat             1    8[BANK0 ] unsigned char 
 Return value:  Size  Location     Type
                  1    wreg      void 
 Registers used:
		wreg
 Tracked objects:
		On entry : 
		On exit  : 
		Unchanged: 
 Data sizes:     COMRAM   BANK0   BANK1   BANK2   BANK3   BANK4   BANK5   BANK6   BANK7   BANK8   BANK9  BANK10  BANK11  BANK12  BANK13  BANK14  BANK15
      Params:         0       0       0       0       0       0       0       0       0       0       0       0       0       0       0       0       0
      Locals:         0       1       0       0       0       0       0       0       0       0       0       0       0       0       0       0       0
      Temps:          0       0       0       0       0       0       0       0       0       0       0       0       0       0       0       0       0
      Totals:         0       1       0       0       0       0       0       0       0       0       0       0       0       0       0       0       0
Total ram usage:        1 bytes
 Hardware stack levels used:    1
 Hardware stack levels required when called:    6
 This function calls:
		Nothing
 This function is called by:
		_LCDAddSpecialCharacter
		_UpdateAndPrintDisplay2D
		_LCDStr
		_UpdateAndPrintDisplay
		_PrintPORTBandIntCounts
 This function uses a non-reentrant model


 *************** function _lowIsr *****************
 Defined at:
		line 214 in file "main.c"
 Parameters:    Size  Location     Type
		None
 Auto vars:     Size  Location     Type
  temp_a          1    7[BANK0 ] unsigned char 
  temp_d          1    6[BANK0 ] unsigned char 
 Return value:  Size  Location     Type
                  1    wreg      void 
 Registers used:
		wreg, fsr2l, fsr2h, status,2, status,0
 Tracked objects:
		On entry : 
		On exit  : 
		Unchanged: 
 Data sizes:     COMRAM   BANK0   BANK1   BANK2   BANK3   BANK4   BANK5   BANK6   BANK7   BANK8   BANK9  BANK10  BANK11  BANK12  BANK13  BANK14  BANK15
      Params:         0       0       0       0       0       0       0       0       0       0       0       0       0       0       0       0       0
      Locals:         0       2       0       0       0       0       0       0       0       0       0       0       0       0       0       0       0
      Temps:          0       6       0       0       0       0       0       0       0       0       0       0       0       0       0       0       0
      Totals:         0       8       0       0       0       0       0       0       0       0       0       0       0       0       0       0       0
Total ram usage:        8 bytes
 Hardware stack levels used:    1
 Hardware stack levels required when called:    5
 This function calls:
		Nothing
 This function is called by:
		Interrupt level 1
 This function uses a non-reentrant model


 *************** function _highIsr *****************
 Defined at:
		line 49 in file "main.c"
 Parameters:    Size  Location     Type
		None
 Auto vars:     Size  Location     Type
		None
 Return value:  Size  Location     Type
                  1    wreg      void 
 Registers used:
		wreg, fsr1l, fsr1h, fsr2l, fsr2h, status,2, status,0, prodl, prodh, cstack
 Tracked objects:
		On entry : 
		On exit  : 
		Unchanged: 
 Data sizes:     COMRAM   BANK0   BANK1   BANK2   BANK3   BANK4   BANK5   BANK6   BANK7   BANK8   BANK9  BANK10  BANK11  BANK12  BANK13  BANK14  BANK15
      Params:         0       0       0       0       0       0       0       0       0       0       0       0       0       0       0       0       0
      Locals:         8       0       0       0       0       0       0       0       0       0       0       0       0       0       0       0       0
      Temps:         14       0       0       0       0       0       0       0       0       0       0       0       0       0       0       0       0
      Totals:        22       0       0       0       0       0       0       0       0       0       0       0       0       0       0       0       0
Total ram usage:       22 bytes
 Hardware stack levels used:    1
 Hardware stack levels required when called:    4
 This function calls:
		_CheckIfCaughtFrisbee
		_MoveEveryone
		_SetupDebouncingTimer
		_compute_frisbee_target_and_route
		_down
		_left
		_right
		_up
		i2___wmul
 This function is called by:
		Interrupt level 2
 This function uses a non-reentrant model


 *************** function _compute_frisbee_target_and_route *****************
 Defined at:
		line 151 in file "./the3.h"
 Parameters:    Size  Location     Type
  current_fisb    2   13[COMRAM] unsigned short 
  current_fisb    2   15[COMRAM] unsigned short 
 Auto vars:     Size  Location     Type
  i               2   27[COMRAM] unsigned short 
  i               2   25[COMRAM] unsigned short 
  i               2   21[COMRAM] unsigned short 
  i               2   19[COMRAM] unsigned short 
  i               2   29[COMRAM] unsigned short 
  i               2   23[COMRAM] unsigned short 
  y_step_size     2   43[COMRAM] unsigned short 
  x_step_size     2   41[COMRAM] unsigned short 
  y               2   39[COMRAM] unsigned short 
  x               2   37[COMRAM] unsigned short 
  target_y        2   35[COMRAM] unsigned short 
  target_x        2   33[COMRAM] unsigned short 
  number_of_st    2   31[COMRAM] unsigned short 
 Return value:  Size  Location     Type
                  2   13[COMRAM] unsigned short 
 Registers used:
		wreg, fsr2l, fsr2h, status,2, status,0, cstack
 Tracked objects:
		On entry : 
		On exit  : 
		Unchanged: 
 Data sizes:     COMRAM   BANK0   BANK1   BANK2   BANK3   BANK4   BANK5   BANK6   BANK7   BANK8   BANK9  BANK10  BANK11  BANK12  BANK13  BANK14  BANK15
      Params:         4       0       0       0       0       0       0       0       0       0       0       0       0       0       0       0       0
      Locals:        26       0       0       0       0       0       0       0       0       0       0       0       0       0       0       0       0
      Temps:          2       0       0       0       0       0       0       0       0       0       0       0       0       0       0       0       0
      Totals:        32       0       0       0       0       0       0       0       0       0       0       0       0       0       0       0       0
Total ram usage:       32 bytes
 Hardware stack levels used:    1
 Hardware stack levels required when called:    2
 This function calls:
		_random_generator
 This function is called by:
		_highIsr
 This function uses a non-reentrant model


 *************** function _SetupDebouncingTimer *****************
 Defined at:
		line 612 in file "main.c"
 Parameters:    Size  Location     Type
		None
 Auto vars:     Size  Location     Type
		None
 Return value:  Size  Location     Type
                  1    wreg      void 
 Registers used:
		wreg, status,2
 Tracked objects:
		On entry : 
		On exit  : 
		Unchanged: 
 Data sizes:     COMRAM   BANK0   BANK1   BANK2   BANK3   BANK4   BANK5   BANK6   BANK7   BANK8   BANK9  BANK10  BANK11  BANK12  BANK13  BANK14  BANK15
      Params:         0       0       0       0       0       0       0       0       0       0       0       0       0       0       0       0       0
      Locals:         0       0       0       0       0       0       0       0       0       0       0       0       0       0       0       0       0
      Temps:          0       0       0       0       0       0       0       0       0       0       0       0       0       0       0       0       0
      Totals:         0       0       0       0       0       0       0       0       0       0       0       0       0       0       0       0       0
Total ram usage:        0 bytes
 Hardware stack levels used:    1
 This function calls:
		Nothing
 This function is called by:
		_highIsr
 This function uses a non-reentrant model


 *************** function _MoveEveryone *****************
 Defined at:
		line 258 in file "main.c"
 Parameters:    Size  Location     Type
		None
 Auto vars:     Size  Location     Type
  val             2   32[COMRAM] int 
  i               2   50[COMRAM] int 
 Return value:  Size  Location     Type
                  1    wreg      void 
 Registers used:
		wreg, fsr1l, fsr1h, fsr2l, fsr2h, status,2, status,0, prodl, prodh, cstack
 Tracked objects:
		On entry : 
		On exit  : 
		Unchanged: 
 Data sizes:     COMRAM   BANK0   BANK1   BANK2   BANK3   BANK4   BANK5   BANK6   BANK7   BANK8   BANK9  BANK10  BANK11  BANK12  BANK13  BANK14  BANK15
      Params:         0       0       0       0       0       0       0       0       0       0       0       0       0       0       0       0       0
      Locals:        20       0       0       0       0       0       0       0       0       0       0       0       0       0       0       0       0
[...]
		 -> objs(42), 
 Auto vars:     Size  Location     Type
		None
 Return value:  Size  Location     Type
                  1    wreg      void 
 Registers used:
		wreg, fsr1l, fsr1h, fsr2l, fsr2h, status,2, status,0, prodl, prodh, cstack
 Tracked objects:
		On entry : 
		On exit  : 
		Unchanged: 
 Data sizes:     COMRAM   BANK0   BANK1   BANK2   BANK3   BANK4   BANK5   BANK6   BANK7   BANK8   BANK9  BANK10  BANK11  BANK12  BANK13  BANK14  BANK15
      Params:         2       0       0       0       0       0       0       0       0       0       0       0       0       0       0       0       0
      Locals:         0       0       0       0       0       0       0       0       0       0       0       0       0       0       0       0       0
      Temps:         10       0       0       0       0       0       0       0       0       0       0       0       0       0       0       0       0
      Totals:        12       0       0       0       0       0       0       0       0       0       0       0       0       0       0       0       0
Total ram usage:       12 bytes
 Hardware stack levels used:    1
 Hardware stack levels required when called:    2
 This function calls:
		_CatchFrisbee
 This function is called by:
		_MoveEveryone
 This function uses a non-reentrant model


 *************** function _up *****************
 Defined at:
		line 709 in file "main.c"
 Parameters:    Size  Location     Type
  pl              2   18[COMRAM] PTR struct GameElement
		 -> objs(42), 
 Auto vars:     Size  Location     Type
		None
 Return value:  Size  Location     Type
                  1    wreg      void 
 Registers used:
		wreg, fsr1l, fsr1h, fsr2l, fsr2h, status,2, status,0, prodl, prodh, cstack
 Tracked objects:
		On entry : 
		On exit  : 
		Unchanged: 
 Data sizes:     COMRAM   BANK0   BANK1   BANK2   BANK3   BANK4   BANK5   BANK6   BANK7   BANK8   BANK9  BANK10  BANK11  BANK12  BANK13  BANK14  BANK15
      Params:         2       0       0       0       0       0       0       0       0       0       0       0       0       0       0       0       0
      Locals:         0       0       0       0       0       0       0       0       0       0       0       0       0       0       0       0       0
      Temps:         10       0       0       0       0       0       0       0       0       0       0       0       0       0       0       0       0
      Totals:        12       0       0       0       0       0       0       0       0       0       0       0       0       0       0       0       0
Total ram usage:       12 bytes
 Hardware stack levels used:    1
 Hardware stack levels required when called:    2
 This function calls:
		_CatchFrisbee
 This function is called by:
		_highIsr
		_MoveEveryone
 This function uses a non-reentrant model


 *************** function _right *****************
 Defined at:
		line 693 in file "main.c"
 Parameters:    Size  Location     Type
  pl              2   18[COMRAM] PTR struct GameElement
		 -> objs(42), 
 Auto vars:     Size  Location     Type
		None
 Return value:  Size  Location     Type
                  1    wreg      void 
 Registers used:
		wreg, fsr1l, fsr1h, fsr2l, fsr2h, status,2, status,0, prodl, prodh, cstack
 Tracked objects:
		On entry : 
		On exit  : 
		Unchanged: 
 Data sizes:     COMRAM   BANK0   BANK1   BANK2   BANK3   BANK4   BANK5   BANK6   BANK7   BANK8   BANK9  BANK10  BANK11  BANK12  BANK13  BANK14  BANK15
      Params:         2       0       0       0       0       0       0       0       0       0       0       0       0       0       0       0       0
      Locals:         0       0       0       0       0       0       0       0       0       0       0       0       0       0       0       0       0
      Temps:          9       0       0       0       0       0       0       0       0       0       0       0       0       0       0       0       0
      Totals:        11       0       0       0       0       0       0       0       0       0       0       0       0       0       0       0       0
Total ram usage:       11 bytes
 Hardware stack levels used:    1
 Hardware stack levels required when called:    2
 This function calls:
		_CatchFrisbee
 This function is called by:
		_highIsr
		_MoveEveryone
 This function uses a non-reentrant model


 *************** function _random_generator *****************
 Defined at:
		line 237 in file "./the3.h"
 Parameters:    Size  Location     Type
  modulo          2    5[COMRAM] unsigned short 
 Auto vars:     Size  Location     Type
  i               2    9[COMRAM] unsigned short 
  res             1   12[COMRAM] unsigned char 
  temp            1   11[COMRAM] unsigned char 
 Return value:  Size  Location     Type
                  2    5[COMRAM] unsigned short 
 Registers used:
		wreg, status,2, status,0, cstack
 Tracked objects:
		On entry : 
		On exit  : 
		Unchanged: 
 Data sizes:     COMRAM   BANK0   BANK1   BANK2   BANK3   BANK4   BANK5   BANK6   BANK7   BANK8   BANK9  BANK10  BANK11  BANK12  BANK13  BANK14  BANK15
      Params:         2       0       0       0       0       0       0       0       0       0       0       0       0       0       0       0       0
      Locals:         4       0       0       0       0       0       0       0       0       0       0       0       0       0       0       0       0
      Temps:          2       0       0       0       0       0       0       0       0       0       0       0       0       0       0       0       0
      Totals:         8       0       0       0       0       0       0       0       0       0       0       0       0       0       0       0       0
Total ram usage:        8 bytes
 Hardware stack levels used:    1
 Hardware stack levels required when called:    1
 This function calls:
		___lwmod
 This function is called by:
		_compute_frisbee_target_and_route
		_MoveEveryone
 This function uses a non-reentrant model


 *************** function ___lwmod *****************
 Defined at:
		line 7 in file "/opt/microchip/xc8/v2.30/pic/sources/c99/common/lwmod.c"
 Parameters:    Size  Location     Type
  dividend        2    0[COMRAM] unsigned int 
  divisor         2    2[COMRAM] unsigned int 
 Auto vars:     Size  Location     Type
  counter         1    4[COMRAM] unsigned char 
 Return value:  Size  Location     Type
                  2    0[COMRAM] unsigned int 
 Registers used:
		wreg, status,2, status,0
 Tracked objects:
		On entry : 
		On exit  : 
		Unchanged: 
 Data sizes:     COMRAM   BANK0   BANK1   BANK2   BANK3   BANK4   BANK5   BANK6   BANK7   BANK8   BANK9  BANK10  BANK11  BANK12  BANK13  BANK14  BANK15
      Params:         4       0       0       0       0       0       0       0       0       0       0       0       0       0       0       0       0
      Locals:         1       0       0       0       0       0       0       0       0       0       0       0       0       0       0       0       0
      Temps:          0       0       0       0       0       0       0       0       0       0       0       0       0       0       0       0       0
      Totals:         5       0       0       0       0       0       0       0       0       0       0       0       0       0       0       0       0
Total ram usage:        5 bytes
 Hardware stack levels used:    1
 This function calls:
		Nothing
 This function is called by:
		_random_generator
 This function uses a non-reentrant model


 *************** function _left *****************
 Defined at:
		line 677 in file "main.c"
 Parameters:    Size  Location     Type
  pl              2   18[COMRAM] PTR struct GameElement
		 -> objs(42), 
 Auto vars:     Size  Location     Type
		None
 Return value:  Size  Location     Type
                  1    wreg      void 
 Registers used:
		wreg, fsr1l, fsr1h, fsr2l, fsr2h, status,2, status,0, prodl, prodh, cstack
 Tracked objects:
		On entry : 
		On exit  : 
		Unchanged: 
 Data sizes:     COMRAM   BANK0   BANK1   BANK2   BANK3   BANK4   BANK5   BANK6   BANK7   BANK8   BANK9  BANK10  BANK11  BANK12  BANK13  BANK14  BANK15
      Params:         2       0       0       0       0       0       0       0       0       0       0       0       0       0       0       0       0
      Locals:         0       0       0       0       0       0       0       0       0       0       0       0       0       0       0       0       0
      Temps:         10       0       0       0       0       0       0       0       0       0       0       0       0       0       0       0       0
      Totals:        12       0       0       0       0       0       0       0       0       0       0       0       0       0       0       0       0
Total ram usage:       12 bytes
 Hardware stack levels used:    1
 Hardware stack levels required when called:    2
 This function calls:
		_CatchFrisbee
 This function is called by:
		_highIsr
		_MoveEveryone
 This function uses a non-reentrant model


 *************** function _downright *****************
 Defined at:
		line 795 in file "main.c"
 Parameters:    Size  Location     Type
  pl              2   18[COMRAM] PTR struct GameElement
		 -> objs(42), 
 Auto vars:     Size  Location     Type
		None
 Return value:  Size  Location     Type
                  1    wreg      void 
 Registers used:
		wreg, fsr1l, fsr1h, fsr2l, fsr2h, status,2, status,0, prodl, prodh, cstack
 Tracked objects:
		On entry : 
		On exit  : 
		Unchanged: 
 Data sizes:     COMRAM   BANK0   BANK1   BANK2   BANK3   BANK4   BANK5   BANK6   BANK7   BANK8   BANK9  BANK10  BANK11  BANK12  BANK13  BANK14  BANK15
      Params:         2       0       0       0       0       0       0       0       0       0       0       0       0       0       0       0       0
      Locals:         0       0       0       0       0       0       0       0       0       0       0       0       0       0       0       0       0
      Temps:          8       0       0       0       0       0       0       0       0       0       0       0       0       0       0       0       0
      Totals:        10       0       0       0       0       0       0       0       0       0       0       0       0       0       0       0       0
Total ram usage:       10 bytes
 Hardware stack levels used:    1
 Hardware stack levels required when called:    2
 This function calls:
		_CatchFrisbee
 This function is called by:
		_MoveEveryone
 This function uses a non-reentrant model


 *************** function _downleft *****************
 Defined at:
		line 778 in file "main.c"
 Parameters:    Size  Location     Type
  pl              2   18[COMRAM] PTR struct GameElement
		 -> objs(42), 
 Auto vars:     Size  Location     Type
		None
 Return value:  Size  Location     Type
                  1    wreg      void 
 Registers used:
		wreg, fsr1l, fsr1h, fsr2l, fsr2h, status,2, status,0, prodl, prodh, cstack
 Tracked objects:
		On entry : 
		On exit  : 
		Unchanged: 
 Data sizes:     COMRAM   BANK0   BANK1   BANK2   BANK3   BANK4   BANK5   BANK6   BANK7   BANK8   BANK9  BANK10  BANK11  BANK12  BANK13  BANK14  BANK15
      Params:         2       0       0       0       0       0       0       0       0       0       0       0       0       0       0       0       0
      Locals:         0       0       0       0       0       0       0       0       0       0       0       0       0       0       0       0       0
      Temps:          9       0       0       0       0       0       0       0       0       0       0       0       0       0       0       0       0
      Totals:        11       0       0       0       0       0       0       0       0       0       0       0       0       0       0       0       0
Total ram usage:       11 bytes
 Hardware stack levels used:    1
 Hardware stack levels required when called:    2
 This function calls:
		_CatchFrisbee
 This function is called by:
		_MoveEveryone
 This function uses a non-reentrant model


 *************** function _down *****************
 Defined at:
		line 725 in file "main.c"
 Parameters:    Size  Location     Type
  pl              2   18[COMRAM] PTR struct GameElement
		 -> objs(42), 
 Auto vars:     Size  Location     Type
		None
 Return value:  Size  Location     Type
                  1    wreg      void 
 Registers used:
		wreg, fsr1l, fsr1h, fsr2l, fsr2h, status,2, status,0, prodl, prodh, cstack
 Tracked objects:
		On entry : 
		On exit  : 
		Unchanged: 
 Data sizes:     COMRAM   BANK0   BANK1   BANK2   BANK3   BANK4   BANK5   BANK6   BANK7   BANK8   BANK9  BANK10  BANK11  BANK12  BANK13  BANK14  BANK15
      Params:         2       0       0       0       0       0       0       0       0       0       0       0       0       0       0       0       0
      Locals:         0       0       0       0       0       0       0       0       0       0       0       0       0       0       0       0       0
      Temps:          9       0       0       0       0       0       0       0       0       0       0       0       0       0       0       0       0
      Totals:        11       0       0       0       0       0       0       0       0       0       0       0       0       0       0       0       0
Total ram usage:       11 bytes
 Hardware stack levels used:    1
 Hardware stack levels required when called:    2
 This function calls:
		_CatchFrisbee
 This function is called by:
		_highIsr
		_MoveEveryone
 This function uses a non-reentrant model


 *************** function _CatchFrisbee *****************
 Defined at:
		line 648 in file "main.c"
 Parameters:    Size  Location     Type
  pl              2    6[COMRAM] PTR struct GameElement
		 -> objs(42), 
 Auto vars:     Size  Location     Type
  i               2   16[COMRAM] int 
 Return value:  Size  Location     Type
                  1    wreg      void 
 Registers used:
		wreg, fsr2l, fsr2h, status,2, status,0, prodl, prodh, cstack
 Tracked objects:
		On entry : 
		On exit  : 
		Unchanged: 
 Data sizes:     COMRAM   BANK0   BANK1   BANK2   BANK3   BANK4   BANK5   BANK6   BANK7   BANK8   BANK9  BANK10  BANK11  BANK12  BANK13  BANK14  BANK15
      Params:         2       0       0       0       0       0       0       0       0       0       0       0       0       0       0       0       0
      Locals:         2       0       0       0       0       0       0       0       0       0       0       0       0       0       0       0       0
      Temps:          8       0       0       0       0       0       0       0       0       0       0       0       0       0       0       0       0
      Totals:        12       0       0       0       0       0       0       0       0       0       0       0       0       0       0       0       0
Total ram usage:       12 bytes
 Hardware stack levels used:    1
 Hardware stack levels required when called:    1
 This function calls:
		i2___wmul
 This function is called by:
		_left
		_right
		_up
		_down
		_upleft
		_upright
		_downleft
		_downright
 This function uses a non-reentrant model


 *************** function _CheckIfCaughtFrisbee *****************
 Defined at:
		line 619 in file "main.c"
 Parameters:    Size  Location     Type
		None
 Auto vars:     Size  Location     Type
  i               2    7[COMRAM] int 
 Return value:  Size  Location     Type
                  2   42[None  ] PTR struct GameElement
 Registers used:
		wreg, fsr2l, fsr2h, status,2, status,0, prodl, prodh, cstack
 Tracked objects:
		On entry : 
		On exit  : 
		Unchanged: 
 Data sizes:     COMRAM   BANK0   BANK1   BANK2   BANK3   BANK4   BANK5   BANK6   BANK7   BANK8   BANK9  BANK10  BANK11  BANK12  BANK13  BANK14  BANK15
      Params:         0       0       0       0       0       0       0       0       0       0       0       0       0       0       0       0       0
      Locals:         2       0       0       0       0       0       0       0       0       0       0       0       0       0       0       0       0
      Temps:          1       0       0       0       0       0       0       0       0       0       0       0       0       0       0       0       0
      Totals:         3       0       0       0       0       0       0       0       0       0       0       0       0       0       0       0       0
Total ram usage:        3 bytes
 Hardware stack levels used:    1
 Hardware stack levels required when called:    1
 This function calls:
		i2___wmul
 This function is called by:
		_highIsr
 This function uses a non-reentrant model


 *************** function i2___wmul *****************
 Defined at:
		line 15 in file "/opt/microchip/xc8/v2.30/pic/sources/c99/common/Umul16.c"
 Parameters:    Size  Location     Type
  multiplier      2    0[COMRAM] unsigned int 
  multiplicand    2    2[COMRAM] unsigned int 
 Auto vars:     Size  Location     Type
  product         2    4[COMRAM] unsigned int 
 Return value:  Size  Location     Type
                  2    0[COMRAM] unsigned int 
 Registers used:
		wreg, status,2, status,0, prodl, prodh
 Tracked objects:
		On entry : 
		On exit  : 
		Unchanged: 
 Data sizes:     COMRAM   BANK0   BANK1   BANK2   BANK3   BANK4   BANK5   BANK6   BANK7   BANK8   BANK9  BANK10  BANK11  BANK12  BANK13  BANK14  BANK15
      Params:         4       0       0       0       0       0       0       0       0       0       0       0       0       0       0       0       0
      Locals:         2       0       0       0       0       0       0       0       0       0       0       0       0       0       0       0       0
      Temps:          0       0       0       0       0       0       0       0       0       0       0       0       0       0       0       0       0
      Totals:         6       0       0       0       0       0       0       0       0       0       0       0       0       0       0       0       0
Total ram usage:        6 bytes
 Hardware stack levels used:    1
 This function calls:
		Nothing
 This function is called by:
		_highIsr
		_MoveEveryone
		_CheckIfCaughtFrisbee
		_CatchFrisbee
 This function uses a non-reentrant model



MODULE INFORMATION

Module		Function		Class		Link	Load	Size
./lcd.h
		_AddCustomCharacters		CODE           	3FD2	0000	130
		_LCDCmd        		CODE           	42B2	0000	34
		_InitLCD       		CODE           	41E4	0000	50
		_LCDDat        		CODE           	428E	0000	36
		_LCDAddSpecialCharacter		CODE           	419A	0000	74
		_LCDGoto       		CODE           	4054	0000	120

./lcd.h estimated size: 444

/opt/microchip/xc8/v2.30/pic/sources/c99/common/lwmod.c
		___lwmod       		CODE           	4136	0000	100

/opt/microchip/xc8/v2.30/pic/sources/c99/common/lwmod.c estimated size: 100

./the3.h
		_compute_frisbee_target_and_route		CODE           	1ABC	0000	856
		_random_generator		CODE           	40CC	0000	106

./the3.h estimated size: 962

shared
		i2___wmul      		CODE           	4268	0000	38
		__initialization		CODE           	3F40	0000	132

shared estimated size: 170

/opt/microchip/xc8/v2.30/pic/sources/c99/common/Umul16.c
		___wmul        		CODE           	4240	0000	40

/opt/microchip/xc8/v2.30/pic/sources/c99/common/Umul16.c estimated size: 40

main.c
		_lowIsr        		CODE           	0018	0000	174
		_CheckIfCaughtFrisbee		CODE           	3D4E	0000	334
		_MoveEveryone  		CODE           	3738	0000	578
		_down          		CODE           	3140	0000	770
		_InitInterrupts		CODE           	3E9C	0000	164
		_main          		CODE           	42F2	0000	28
		_highIsr       		CODE           	0008	0000	1570
		_upleft        		CODE           	1E14	0000	850
		_downleft      		CODE           	2B02	0000	804
		_downright     		CODE           	3442	0000	758
		_up            		CODE           	24AA	0000	816
		_left          		CODE           	27DA	0000	808
		_CatchFrisbee  		CODE           	3B80	0000	462
		_InitGameObjects		CODE           	397A	0000	518
		_right         		CODE           	2E26	0000	794
		_UpdateAndPrintDisplay2D		CODE           	1622	0000	1178
		_SetupDebouncingTimer		CODE           	430E	0000	16
		_upright       		CODE           	2166	0000	836

main.c estimated size: 11458

