Microchip MPLAB XC8 Compiler V2.30

Linker command line:

-W-3 --edf=/opt/microchip/xc8/v2.30/pic/dat/en_msgs.txt -cn \
  -h+dist/18F4620/production/THE3.X.production.sym \
  --cmf=dist/18F4620/production/THE3.X.production.cmf -z -Q18F4620 \
  -o/tmp/xcXPHcpGl --defsym=__MPLAB_BUILD=1 \
  -Mdist/18F4620/production/THE3.X.production.map -E1 -ver=XC8 Compiler \
  --acfsm=1493 -ASTACK=019Ah-0F7Fh -pstack=STACK -ACODE=00h-0FFFFh \
  -ACONST=00h-0FFFFh -ASMALLCONST=01000h-010FFhx240 \
  -AMEDIUMCONST=01000h-0FFFFh -ACOMRAM=01h-07Fh -AABS1=00h-0F7Fh \
  -ABIGRAM=01h-0F7Fh -ARAM=080h-0FFh,0100h-01FFhx14,0F00h-0F7Fh \
  -ABANK0=080h-0FFh -ABANK1=0100h-01FFh -ABANK2=0200h-02FFh \
  -ABANK3=0300h-03FFh -ABANK4=0400h-04FFh -ABANK5=0500h-05FFh \
  -ABANK6=0600h-06FFh -ABANK7=0700h-07FFh -ABANK8=0800h-08FFh \
  -ABANK9=0900h-09FFh -ABANK10=0A00h-0AFFh -ABANK11=0B00h-0BFFh \
  -ABANK12=0C00h-0CFFh -ABANK13=0D00h-0DFFh -ABANK14=0E00h-0EFFh \
  -ABANK15=0F00h-0F7Fh -ASFR=0F80h-0FFFh -ACONFIG=0300000h-030000Dh \
  -AIDLOC=0200000h-0200007h -AEEDATA=0F00000h-0F003FFh -peeprom_data=EEDATA \
  -preset_vec=00h,intcode=08h,intcodelo=018h,powerup,init -pramtop=01000h \
  -psmallconst=SMALLCONST -pmediumconst=MEDIUMCONST -pconst=CONST \
  -AFARRAM=00h-00h \
  -prdata=COMRAM,nvrram=COMRAM,nvbit=COMRAM,rbss=COMRAM,rbit=COMRAM \
  -pfarbss=FARRAM,fardata=FARRAM,nvFARRAM=FARRAM \
  -pintsave_regs=BIGRAM,bigbss=BIGRAM,bigdata=BIGRAM -pbss=RAM \
  -pidata=CODE,irdata=CODE,ibigdata=CODE,ifardata=CODE -prparam=COMRAM \
  /tmp/xcXOGiFAB.o dist/18F4620/production/THE3.X.production.o 

Object code version is 3.11

Machine type is 18F4620



                Name                               Link     Load   Length Selector   Space Scale
/tmp/xcXOGiFAB.o
                idloc                            200000   200000        8        0       5
                config                           300000   300000        E        0       4
                init                                 EC       EC        4        C       0
                reset_vec                             0        0        4        0       0
dist/18F4620/production/THE3.X.production.o
                intcodelo                            18       18       D4        C       0
                intcode                               8        8        6        4       0
                idloc                            200000   200000        8        0       5
                config                           300000   300000        E        0       4
                temp                                 62       62        1        1       1
                smallconst                         1000     1000        6      800       0
                text19                             20DE     20DE       10      FEE       0
                text18                             1BA0     1BA0      11A      803       0
                text17                             1956     1956      128      803       0
                text16                             1A7E     1A7E      122      803       0
                text15                             1826     1826      130      803       0
                text14                             209C     209C       26      FEE       0
                intcode_body                       1448     1448      208      803       0
                text12                             1CBA     1CBA       B0      803       0
                text10                             1FDC     1FDC       34      FEE       0
                text9                              2042     2042       32      FEE       0
                text8                              1E64     1E64       78      803       0
                text7                              1F4E     1F4E       4A      803       0
                text6                              1D6A     1D6A       82      803       0
                text5                              2074     2074       28      FEE       0
                text4                              1650     1650      1D6      803       0
                text3                              1DEC     1DEC       78      803       0
                text2                              2010     2010       32      FEE       0
                text1                              1006     1006      442      803       0
                text0                              20C2     20C2       1C      FEE       0
                cstackCOMRAM                         2E       2E       29        1       1
                cstackBANK0                          FF       FF        1       80       1
                cstackBANK1                         180      180       1A      100       1
                bssBANK1                            100      100       80      100       1
                dataBANK0                            80       80       43       80       1
                bssBANK0                             C3       C3       3C       80       1
                dataCOMRAM                           57       57        B        1       1
                bssCOMRAM                             1        1       2D        1       1
                cinit                              1EDC     1EDC       72      803       0
                idataBANK0                         1F98     1F98       43      803       0
                idataCOMRAM                        20EE     20EE        B      FEE       0

TOTAL           Name                               Link     Load   Length     Space
        CLASS   STACK          

        CLASS   CODE           
                intcodelo                            18       18       D4         0
                intcode                               8        8        6         0
                init                                 EC       EC        4         0
                reset_vec                             0        0        4         0
                text19                             20DE     20DE       10         0
                text18                             1BA0     1BA0      11A         0
                text17                             1956     1956      128         0
                text16                             1A7E     1A7E      122         0
                text15                             1826     1826      130         0
                text14                             209C     209C       26         0
                intcode_body                       1448     1448      208         0
                text12                             1CBA     1CBA       B0         0
                text10                             1FDC     1FDC       34         0
                text9                              2042     2042       32         0
                text8                              1E64     1E64       78         0
                text7                              1F4E     1F4E       4A         0
                text6                              1D6A     1D6A       82         0
                text5                              2074     2074       28         0
                text4                              1650     1650      1D6         0
                text3                              1DEC     1DEC       78         0
                text2                              2010     2010       32         0
                text1                              1006     1006      442         0
                text0                              20C2     20C2       1C         0
                cinit                              1EDC     1EDC       72         0
                idataBANK0                         1F98     1F98       43         0
                idataCOMRAM                        20EE     20EE        B         0

        CLASS   CONST          

        CLASS   SMALLCONST     
                smallconst                         1000     1000        6         0

        CLASS   MEDIUMCONST    

        CLASS   COMRAM         
                temp                                 62       62        1         1
                cstackCOMRAM                         2E       2E       29         1
                dataCOMRAM                           57       57        B         1
                bssCOMRAM                             1        1       2D         1

        CLASS   ABS1           

        CLASS   BIGRAM         

        CLASS   RAM            

        CLASS   BANK0          
                cstackBANK0                          FF       FF        1         1
                dataBANK0                            80       80       43         1
                bssBANK0                             C3       C3       3C         1

        CLASS   BANK1          
                cstackBANK1                         180      180       1A         1
                bssBANK1                            100      100       80         1

        CLASS   BANK2          

        CLASS   BANK3          

        CLASS   BANK4          

        CLASS   BANK5          

        CLASS   BANK6          

        CLASS   BANK7          

        CLASS   BANK8          

        CLASS   BANK9          

        CLASS   BANK10         

        CLASS   BANK11         

        CLASS   BANK12         

        CLASS   BANK13         

        CLASS   BANK14         

        CLASS   BANK15         

        CLASS   SFR            

        CLASS   CONFIG         
                config                           300000   300000        E         4

        CLASS   IDLOC          
                idloc                            200000   200000        8         5

        CLASS   EEDATA         

        CLASS   FARRAM         



SEGMENTS        Name                           Load    Length   Top    Selector   Space  Class

                reset_vec                      000000  000004  000004         0       0  CODE    
                bssBANK1                       000100  00009A  00019A       100       1  BANK1   
                text1                          001006  000FD5  001FDB       803       0  CODE    
                text10                         001FDC  00011D  0020F9       FEE       0  CODE    
                dataBANK0                      000080  000080  000100        80       1  BANK0   
                intcode                        000008  000006  00000E         4       0  CODE    
                intcodelo                      000018  0000D8  0000F0         C       0  CODE    
                smallconst                     001000  000006  001006       800       0  SMALLCON
                bssCOMRAM                      000001  000062  000063         1       1  COMRAM  


UNUSED ADDRESS RANGES

        Name                Unused          Largest block    Delta
        BANK1            00019A-0001FF               66
        BANK10           000A00-000AFF              100
        BANK11           000B00-000BFF              100
        BANK12           000C00-000CFF              100
        BANK13           000D00-000DFF              100
        BANK14           000E00-000EFF              100
        BANK15           000F00-000F7F               80
        BANK2            000200-0002FF              100
        BANK3            000300-0003FF              100
        BANK4            000400-0004FF              100
        BANK5            000500-0005FF              100
        BANK6            000600-0006FF              100
        BANK7            000700-0007FF              100
        BANK8            000800-0008FF              100
        BANK9            000900-0009FF              100
        BIGRAM           000063-00007F               1D
                         00019A-000F7F              DE6
        CODE             000004-000007                4
                         00000E-000017                A
                         0000F0-000FFF              F10
                         001FDB-001FDB                1
                         0020F9-00FFFF             DF07
        COMRAM           000063-00007F               1D
        CONST            000004-000007                4
                         00000E-000017                A
                         0000F0-000FFF              F10
                         001FDB-001FDB                1
                         0020F9-00FFFF             DF07
        EEDATA           F00000-F003FF              400
        MEDIUMCONST      001FDB-001FDB                1
                         0020F9-00FFFF             DF07
        RAM              00019A-000F7F              100
        SFR              000F80-000FFF               80
        SMALLCONST       001FDB-001FDB                1
                         0020F9-00FFFF              100
        STACK            00019A-000F7F              DE6

                                  Symbol Table

?___awmod                              cstackCOMRAM 000048
?___wmul                               cstackBANK1  000180
?i2___wmul                             cstackCOMRAM 00002E
InitGameObjects@i                      cstackBANK1  000192
InitGameObjects@i_758                  cstackBANK1  000196
InitGameObjects@j                      cstackBANK1  000194
LCDAddSpecialCharacter@character_index cstackBANK1  000185
LCDAddSpecialCharacter@data            cstackBANK1  000183
LCDAddSpecialCharacter@i               cstackBANK1  000186
LCDCmd@cmd                             cstackBANK1  000180
LCDDat@dat                             cstackBANK1  000180
LCDGoto@p_1                            cstackBANK1  000181
LCDGoto@p_2                            cstackBANK1  000182
UpdateAndPrintDisplay@i                cstackBANK1  000190
UpdateAndPrintDisplay@i_747            cstackBANK1  000194
UpdateAndPrintDisplay@i_748            cstackBANK1  000196
UpdateAndPrintDisplay@j                cstackBANK1  000192
UpdateAndPrintDisplay@j_749            cstackBANK1  000198
_ADCON1                                (abs)        000FC1
_AddCustomCharacters                   text6        001D6A
_INTCON2bits                           (abs)        000FF1
_INTCON3bits                           (abs)        000FF0
_INTCONbits                            (abs)        000FF2
_IPR1bits                              (abs)        000F9F
_InitGameObjects                       text4        001650
_InitInterrupts                        text3        001DEC
_InitLCD                               text2        002010
_LATA                                  (abs)        000F89
_LATD                                  (abs)        000F8C
_LCDAddSpecialCharacter                text7        001F4E
_LCDCmd                                text9        002042
_LCDDat                                text10       001FDC
_LCDGoto                               text8        001E64
_PIE1bits                              (abs)        000F9D
_PIR1bits                              (abs)        000F9E
_PORTA                                 (abs)        000F80
_PORTB                                 (abs)        000F81
_PORTD                                 (abs)        000F83
_PORTEbits                             (abs)        000F84
_RCONbits                              (abs)        000FD0
_SetupDebouncingTimer                  text19       0020DE
_T0CON                                 (abs)        000FD5
_T0CONbits                             (abs)        000FD5
_T2CON                                 (abs)        000FCA
_T3CON                                 (abs)        000FB1
_T3CONbits                             (abs)        000FB1
_TMR0H                                 (abs)        000FD7
_TMR0L                                 (abs)        000FD6
_TMR3H                                 (abs)        000FB3
_TMR3L                                 (abs)        000FB2
_TRISA                                 (abs)        000F92
_TRISB                                 (abs)        000F93
_TRISD                                 (abs)        000F95
_TRISEbits                             (abs)        000F96
_UpdateAndPrintDisplay                 text1        001006
__HRAM                                 (abs)        000000
__Habs1                                abs1         000000
__Hbank0                               bank0        000000
__Hbank1                               bank1        000000
__Hbank10                              bank10       000000
__Hbank11                              bank11       000000
__Hbank12                              bank12       000000
__Hbank13                              bank13       000000
__Hbank14                              bank14       000000
__Hbank15                              bank15       000000
__Hbank2                               bank2        000000
__Hbank3                               bank3        000000
__Hbank4                               bank4        000000
__Hbank5                               bank5        000000
__Hbank6                               bank6        000000
__Hbank7                               bank7        000000
__Hbank8                               bank8        000000
__Hbank9                               bank9        000000
__Hbigbss                              bigbss       000000
__Hbigdata                             bigdata      000000
__Hbigram                              bigram       000000
__Hbss                                 bss          000000
__HbssBANK0                            bssBANK0     000000
__HbssBANK1                            bssBANK1     000000
__HbssCOMRAM                           bssCOMRAM    000000
__Hcinit                               cinit        000000
__Hclrtext                             clrtext      000000
__Hcomram                              comram       000000
__Hconfig                              config       30000E
__Hconst                               const        000000
__HcstackBANK0                         cstackBANK0  000000
__HcstackBANK1                         cstackBANK1  000000
__HcstackCOMRAM                        cstackCOMRAM 000000
__Hdata                                data         000000
__HdataBANK0                           dataBANK0    000000
__HdataCOMRAM                          dataCOMRAM   000000
__Heeprom_data                         eeprom_data  000000
__Hfarbss                              farbss       000000
__Hfardata                             fardata      000000
__Hibigdata                            ibigdata     000000
__Hidata                               idata        000000
__HidataBANK0                          idataBANK0   000000
__HidataCOMRAM                         idataCOMRAM  000000
__Hidloc                               idloc        200008
__Hifardata                            ifardata     000000
__Hinit                                init         0000F0
__Hintcode                             intcode      00000E
__Hintcode_body                        intcode_body 000000
__Hintcodelo                           intcodelo    0000EC
__Hintentry                            intentry     000000
__Hintret                              intret       000000
__Hintsave_regs                        intsave_regs 000000
__Hirdata                              irdata       000000
__Hmediumconst                         mediumconst  000000
__HnvFARRAM                            nvFARRAM     000000
__Hnvbit                               nvbit        000000
__Hnvrram                              nvrram       000000
__Hparam                               rparam       000000
__Hpowerup                             powerup      0000EC
__Hram                                 ram          000000
__Hramtop                              ramtop       001000
__Hrbit                                rbit         000000
__Hrbss                                rbss         000000
__Hrdata                               rdata        000000
__Hreset_vec                           reset_vec    000004
__Hrparam                              rparam       000000
__Hsfr                                 sfr          000000
__Hsmallconst                          smallconst   001006
__Hspace_0                             (abs)        0020F9
__Hspace_1                             (abs)        00019A
__Hspace_2                             (abs)        000000
__Hspace_4                             (abs)        60000E
__Hstack                               stack        000000
__Hstruct                              struct       000000
__Htemp                                temp         000063
__Htext                                text         000000
__Htext0                               text0        000000
__Htext1                               text1        000000
__Htext10                              text10       000000
__Htext12                              text12       000000
__Htext14                              text14       000000
__Htext15                              text15       000000
__Htext16                              text16       000000
__Htext17                              text17       000000
__Htext18                              text18       000000
__Htext19                              text19       000000
__Htext2                               text2        000000
__Htext3                               text3        000000
__Htext4                               text4        000000
__Htext5                               text5        000000
__Htext6                               text6        000000
__Htext7                               text7        000000
__Htext8                               text8        000000
__Htext9                               text9        000000
__LRAM                                 (abs)        000001
__Labs1                                abs1         000000
__Lbank0                               bank0        000000
__Lbank1                               bank1        000000
__Lbank10                              bank10       000000
__Lbank11                              bank11       000000
__Lbank12                              bank12       000000
__Lbank13                              bank13       000000
__Lbank14                              bank14       000000
__Lbank15                              bank15       000000
__Lbank2                               bank2        000000
__Lbank3                               bank3        000000
__Lbank4                               bank4        000000
__Lbank5                               bank5        000000
__Lbank6                               bank6        000000
__Lbank7                               bank7        000000
__Lbank8                               bank8        000000
__Lbank9                               bank9        000000
__Lbigbss                              bigbss       000000
__Lbigdata                             bigdata      000000
__Lbigram                              bigram       000000
__Lbss                                 bss          000000
__LbssBANK0                            bssBANK0     000000
__LbssBANK1                            bssBANK1     000000
__LbssCOMRAM                           bssCOMRAM    000000
__Lcinit                               cinit        000000
__Lclrtext                             clrtext      000000
__Lcomram                              comram       000000
__Lconfig                              config       000000
__Lconst                               const        000000
__LcstackBANK0                         cstackBANK0  000000
__LcstackBANK1                         cstackBANK1  000000
__LcstackCOMRAM                        cstackCOMRAM 000000
__Ldata                                data         000000
__LdataBANK0                           dataBANK0    000000
__LdataCOMRAM                          dataCOMRAM   000000
__Leeprom_data                         eeprom_data  000000
__Lfarbss                              farbss       000000
__Lfardata                             fardata      000000
__Libigdata                            ibigdata     000000
__Lidata                               idata        000000
__LidataBANK0                          idataBANK0   000000
__LidataCOMRAM                         idataCOMRAM  000000
__Lidloc                               idloc        000000
__Lifardata                            ifardata     000000
__Linit                                init         0000EC
__Lintcode                             intcode      000008
__Lintcode_body                        intcode_body 000000
__Lintcodelo                           intcodelo    000018
__Lintentry                            intentry     000000
__Lintret                              intret       000000
__Lintsave_regs                        intsave_regs 000000
__Lirdata                              irdata       000000
__Lmediumconst                         mediumconst  000000
__LnvFARRAM                            nvFARRAM     000000
__Lnvbit                               nvbit        000000
__Lnvrram                              nvrram       000000
__Lparam                               rparam       000000
__Lpowerup                             powerup      0000EC
__Lram                                 ram          000000
__Lramtop                              ramtop       001000
__Lrbit                                rbit         000000
__Lrbss                                rbss         000000
__Lrdata                               rdata        000000
__Lreset_vec                           reset_vec    000000
__Lrparam                              rparam       000000
__Lsfr                                 sfr          000000
__Lsmallconst                          smallconst   001000
__Lspace_0                             (abs)        000000
__Lspace_1                             (abs)        000000
__Lspace_2                             (abs)        000000
__Lspace_4                             (abs)        000000
__Lstack                               stack        000000
__Lstruct                              struct       000000
__Ltemp                                temp         000062
__Ltext                                text         000000
__Ltext0                               text0        000000
__Ltext1                               text1        000000
__Ltext10                              text10       000000
__Ltext12                              text12       000000
__Ltext14                              text14       000000
__Ltext15                              text15       000000
__Ltext16                              text16       000000
__Ltext17                              text17       000000
__Ltext18                              text18       000000
__Ltext19                              text19       000000
__Ltext2                               text2        000000
__Ltext3                               text3        000000
__Ltext4                               text4        000000
__Ltext5                               text5        000000
__Ltext6                               text6        000000
__Ltext7                               text7        000000
__Ltext8                               text8        000000
__Ltext9                               text9        000000
__S0                                   (abs)        0020F9
__S1                                   (abs)        00019A
__S2                                   (abs)        000000
__S4                                   (abs)        000000
__S5                                   (abs)        000000
___awmod                               text12       001CBA
___awmod@counter                       cstackCOMRAM 00004C
___awmod@dividend                      cstackCOMRAM 000048
___awmod@divisor                       cstackCOMRAM 00004A
___awmod@sign                          cstackCOMRAM 00004D
___inthi_sp                            stack        000000
___intlo_sp                            stack        000000
___param_bank                          (abs)        000000
___rparam_used                         (abs)        000001
___sp                                  stack        000000
___wmul                                text5        002074
___wmul@multiplicand                   cstackBANK1  000182
___wmul@multiplier                     cstackBANK1  000180
___wmul@product                        cstackBANK1  000184
__accesstop                            (abs)        000080
__activetblptr                         (abs)        000002
__end_of_AddCustomCharacters           text6        001DEC
__end_of_InitGameObjects               text4        001826
__end_of_InitInterrupts                text3        001E64
__end_of_InitLCD                       text2        002042
__end_of_LCDAddSpecialCharacter        text7        001F98
__end_of_LCDCmd                        text9        002074
__end_of_LCDDat                        text10       002010
__end_of_LCDGoto                       text8        001EDC
__end_of_SetupDebouncingTimer          text19       0020EE
__end_of_UpdateAndPrintDisplay         text1        001448
__end_of___awmod                       text12       001D6A
__end_of___wmul                        text5        00209C
__end_of__initialization               cinit        001F40
__end_of_down                          text18       001CBA
__end_of_highIsr                       intcode_body 001650
__end_of_left                          text17       001A7E
__end_of_lowIsr                        intcodelo    0000EC
__end_of_main                          text0        0020DE
__end_of_right                         text16       001BA0
__end_of_up                            text15       001956
__end_ofi2___wmul                      text14       0020C2
__initialization                       cinit        001EDC
__mediumconst                          mediumconst  000000
__pbssBANK0                            bssBANK0     0000C3
__pbssBANK1                            bssBANK1     000100
__pbssCOMRAM                           bssCOMRAM    000001
__pcinit                               cinit        001EDC
__pcstackBANK0                         cstackBANK0  0000FF
__pcstackBANK1                         cstackBANK1  000180
__pcstackCOMRAM                        cstackCOMRAM 00002E
__pdataBANK0                           dataBANK0    000080
__pdataCOMRAM                          dataCOMRAM   000057
__pidataBANK0                          idataBANK0   001F98
__pidataCOMRAM                         idataCOMRAM  0020EE
__pintcode                             intcode      000008
__pintcode_body                        intcode_body 001448
__pintcodelo                           intcodelo    000018
__psmallconst                          smallconst   001000
__ptext0                               text0        0020C2
__ptext1                               text1        001006
__ptext10                              text10       001FDC
__ptext12                              text12       001CBA
__ptext14                              text14       00209C
__ptext15                              text15       001826
__ptext16                              text16       001A7E
__ptext17                              text17       001956
__ptext18                              text18       001BA0
__ptext19                              text19       0020DE
__ptext2                               text2        002010
__ptext3                               text3        001DEC
__ptext4                               text4        001650
__ptext5                               text5        002074
__ptext6                               text6        001D6A
__ptext7                               text7        001F4E
__ptext8                               text8        001E64
__ptext9                               text9        002042
__ramtop                               ramtop       001000
__size_of_AddCustomCharacters          (abs)        000000
__size_of_InitGameObjects              (abs)        000000
__size_of_InitInterrupts               (abs)        000000
__size_of_InitLCD                      (abs)        000000
__size_of_LCDAddSpecialCharacter       (abs)        000000
__size_of_LCDCmd                       (abs)        000000
__size_of_LCDDat                       (abs)        000000
__size_of_LCDGoto                      (abs)        000000
__size_of_SetupDebouncingTimer         (abs)        000000
__size_of_UpdateAndPrintDisplay        (abs)        000000
__size_of___awmod                      (abs)        000000
__size_of___wmul                       (abs)        000000
__size_of_down                         (abs)        000000
__size_of_highIsr                      (abs)        000000
__size_of_left                         (abs)        000000
__size_of_lowIsr                       (abs)        000000
__size_of_main                         (abs)        000000
__size_of_right                        (abs)        000000
__size_of_up                           (abs)        000000
__size_ofi2___wmul                     (abs)        000000
__smallconst                           smallconst   001000
_a                                     bssCOMRAM    00000D
_acceptInterrupts                      bssCOMRAM    00000F
_b                                     bssCOMRAM    00000B
_c                                     bssCOMRAM    000009
_currentSegment                        bssCOMRAM    000001
_display                               bssBANK1     000100
_down                                  text18       001BA0
_frisbeeChar                           dataBANK0    000093
_frisbee_steps                         bssBANK0     0000C3
_frisbee_target                        dataBANK0    00008B
_game_state                            dataCOMRAM   000057
_highIsr                               intcode      000008
_lcd_x                                 dataCOMRAM   000059
_lcd_y                                 dataCOMRAM   000058
_left                                  text17       001956
_lowIsr                                intcodelo    000018
_main                                  text0        0020C2
_objs                                  bssCOMRAM    000010
_right                                 text16       001A7E
_scoreA                                bssCOMRAM    000005
_scoreB                                bssCOMRAM    000003
_segValues                             dataBANK0    000080
_selectedPlayer                        bssCOMRAM    000007
_selected_teamA_player                 dataBANK0    0000B3
_selected_teamA_player_with_frisbee    dataBANK0    0000A3
_selected_teamB_player                 dataBANK0    0000AB
_selected_teamB_player_with_frisbee    dataBANK0    00009B
_teamA_player                          dataCOMRAM   00005A
_teamB_player                          dataBANK0    0000BB
_up                                    text15       001826
btemp                                  temp         000062
down@pl                                cstackCOMRAM 000034
end_of_initialization                  cinit        001F40
highIsr@portbVals                      cstackCOMRAM 000047
i2___wmul                              text14       00209C
i2___wmul@multiplicand                 cstackCOMRAM 000030
i2___wmul@multiplier                   cstackCOMRAM 00002E
i2___wmul@product                      cstackCOMRAM 000032
int$flags                              temp         000062
int_func                               intcode_body 001448
intlevel0                              text         000000
intlevel1                              text         000000
intlevel2                              text         000000
intlevel3                              text         000000
left@pl                                cstackCOMRAM 000034
lowIsr@temp_a                          cstackCOMRAM 000056
lowIsr@temp_d                          cstackCOMRAM 000055
right@pl                               cstackCOMRAM 000034
stackhi                                (abs)        000F7F
stacklo                                (abs)        00019A
start                                  init         0000EC
start_initialization                   cinit        001EDC
ttemp5                                 temp         000063
ttemp6                                 temp         000066
ttemp7                                 temp         00006A
up@pl                                  cstackCOMRAM 000034
wtemp8                                 temp         000063


FUNCTION INFORMATION:

 *************** function _main *****************
 Defined at:
		line 135 in file "main.c"
 Parameters:    Size  Location     Type
		None
 Auto vars:     Size  Location     Type
		None
 Return value:  Size  Location     Type
                  1    wreg      void 
 Registers used:
		wreg, fsr1l, fsr1h, fsr2l, fsr2h, status,2, status,0, prodl, prodh, cstack
 Tracked objects:
		On entry : 
		On exit  : 
		Unchanged: 
 Data sizes:     COMRAM   BANK0   BANK1   BANK2   BANK3   BANK4   BANK5   BANK6   BANK7   BANK8   BANK9  BANK10  BANK11  BANK12  BANK13  BANK14  BANK15
      Params:         0       0       0       0       0       0       0       0       0       0       0       0       0       0       0       0       0
      Locals:         0       0       0       0       0       0       0       0       0       0       0       0       0       0       0       0       0
      Temps:          0       0       0       0       0       0       0       0       0       0       0       0       0       0       0       0       0
      Totals:         0       0       0       0       0       0       0       0       0       0       0       0       0       0       0       0       0
Total ram usage:        0 bytes
 Hardware stack levels required when called:    8
 This function calls:
		_AddCustomCharacters
		_InitGameObjects
		_InitInterrupts
		_InitLCD
		_UpdateAndPrintDisplay
 This function is called by:
		Startup code after reset
 This function uses a non-reentrant model


 *************** function _UpdateAndPrintDisplay *****************
 Defined at:
		line 153 in file "main.c"
 Parameters:    Size  Location     Type
		None
 Auto vars:     Size  Location     Type
  j               2   24[BANK1 ] int 
  j               2   18[BANK1 ] int 
  i               2   22[BANK1 ] int 
  i               2   20[BANK1 ] int 
  i               2   16[BANK1 ] int 
 Return value:  Size  Location     Type
                  1    wreg      void 
 Registers used:
		wreg, fsr1l, fsr1h, fsr2l, fsr2h, status,2, status,0, prodl, prodh, cstack
 Tracked objects:
		On entry : 
		On exit  : 
		Unchanged: 
 Data sizes:     COMRAM   BANK0   BANK1   BANK2   BANK3   BANK4   BANK5   BANK6   BANK7   BANK8   BANK9  BANK10  BANK11  BANK12  BANK13  BANK14  BANK15
      Params:         0       0       0       0       0       0       0       0       0       0       0       0       0       0       0       0       0
      Locals:         0       0      10       0       0       0       0       0       0       0       0       0       0       0       0       0       0
      Temps:          0       0      10       0       0       0       0       0       0       0       0       0       0       0       0       0       0
      Totals:         0       0      20       0       0       0       0       0       0       0       0       0       0       0       0       0       0
Total ram usage:       20 bytes
 Hardware stack levels used:    1
 Hardware stack levels required when called:    6
 This function calls:
		_LCDDat
		_LCDGoto
		___wmul
 This function is called by:
		_main
 This function uses a non-reentrant model


 *************** function _InitLCD *****************
 Defined at:
		line 124 in file "./lcd.h"
 Parameters:    Size  Location     Type
		None
 Auto vars:     Size  Location     Type
		None
 Return value:  Size  Location     Type
                  1    wreg      void 
 Registers used:
		wreg, status,2, cstack
 Tracked objects:
		On entry : 
		On exit  : 
		Unchanged: 
 Data sizes:     COMRAM   BANK0   BANK1   BANK2   BANK3   BANK4   BANK5   BANK6   BANK7   BANK8   BANK9  BANK10  BANK11  BANK12  BANK13  BANK14  BANK15
      Params:         0       0       0       0       0       0       0       0       0       0       0       0       0       0       0       0       0
      Locals:         0       0       0       0       0       0       0       0       0       0       0       0       0       0       0       0       0
      Temps:          0       0       0       0       0       0       0       0       0       0       0       0       0       0       0       0       0
      Totals:         0       0       0       0       0       0       0       0       0       0       0       0       0       0       0       0       0
Total ram usage:        0 bytes
 Hardware stack levels used:    1
 Hardware stack levels required when called:    5
 This function calls:
		_LCDCmd
 This function is called by:
		_main
 This function uses a non-reentrant model


 *************** function _InitInterrupts *****************
 Defined at:
		line 308 in file "main.c"
 Parameters:    Size  Location     Type
		None
 Auto vars:     Size  Location     Type
		None
 Return value:  Size  Location     Type
                  1    wreg      void 
 Registers used:
		wreg, status,2
 Tracked objects:
		On entry : 
		On exit  : 
		Unchanged: 
 Data sizes:     COMRAM   BANK0   BANK1   BANK2   BANK3   BANK4   BANK5   BANK6   BANK7   BANK8   BANK9  BANK10  BANK11  BANK12  BANK13  BANK14  BANK15
      Params:         0       0       0       0       0       0       0       0       0       0       0       0       0       0       0       0       0
      Locals:         0       0       0       0       0       0       0       0       0       0       0       0       0       0       0       0       0
      Temps:          0       0       0       0       0       0       0       0       0       0       0       0       0       0       0       0       0
      Totals:         0       0       0       0       0       0       0       0       0       0       0       0       0       0       0       0       0
Total ram usage:        0 bytes
 Hardware stack levels used:    1
 Hardware stack levels required when called:    4
 This function calls:
		Nothing
 This function is called by:
		_main
 This function uses a non-reentrant model


 *************** function _InitGameObjects *****************
 Defined at:
		line 230 in file "main.c"
 Parameters:    Size  Location     Type
		None
 Auto vars:     Size  Location     Type
  j               2   20[BANK1 ] int 
  i               2   22[BANK1 ] int 
  i               2   18[BANK1 ] int 
 Return value:  Size  Location     Type
                  1    wreg      void 
 Registers used:
		wreg, fsr2l, fsr2h, status,2, status,0, prodl, prodh, cstack
 Tracked objects:
		On entry : 
		On exit  : 
		Unchanged: 
 Data sizes:     COMRAM   BANK0   BANK1   BANK2   BANK3   BANK4   BANK5   BANK6   BANK7   BANK8   BANK9  BANK10  BANK11  BANK12  BANK13  BANK14  BANK15
      Params:         0       0       0       0       0       0       0       0       0       0       0       0       0       0       0       0       0
      Locals:         0       0       6       0       0       0       0       0       0       0       0       0       0       0       0       0       0
      Temps:          0       0      12       0       0       0       0       0       0       0       0       0       0       0       0       0       0
      Totals:         0       0      18       0       0       0       0       0       0       0       0       0       0       0       0       0       0
Total ram usage:       18 bytes
 Hardware stack levels used:    1
 Hardware stack levels required when called:    5
 This function calls:
		___wmul
 This function is called by:
		_main
 This function uses a non-reentrant model


 *************** function ___wmul *****************
 Defined at:
		line 15 in file "/opt/microchip/xc8/v2.30/pic/sources/c99/common/Umul16.c"
 Parameters:    Size  Location     Type
  multiplier      2    0[BANK1 ] unsigned int 
  multiplicand    2    2[BANK1 ] unsigned int 
 Auto vars:     Size  Location     Type
  product         2    4[BANK1 ] unsigned int 
 Return value:  Size  Location     Type
                  2    0[BANK1 ] unsigned int 
 Registers used:
		wreg, status,2, status,0, prodl, prodh
 Tracked objects:
		On entry : 
		On exit  : 
		Unchanged: 
 Data sizes:     COMRAM   BANK0   BANK1   BANK2   BANK3   BANK4   BANK5   BANK6   BANK7   BANK8   BANK9  BANK10  BANK11  BANK12  BANK13  BANK14  BANK15
      Params:         0       0       4       0       0       0       0       0       0       0       0       0       0       0       0       0       0
      Locals:         0       0       2       0       0       0       0       0       0       0       0       0       0       0       0       0       0
      Temps:          0       0       0       0       0       0       0       0       0       0       0       0       0       0       0       0       0
      Totals:         0       0       6       0       0       0       0       0       0       0       0       0       0       0       0       0       0
Total ram usage:        6 bytes
 Hardware stack levels used:    1
 Hardware stack levels required when called:    4
 This function calls:
		Nothing
 This function is called by:
		_UpdateAndPrintDisplay
		_InitGameObjects
 This function uses a non-reentrant model


 *************** function _AddCustomCharacters *****************
 Defined at:
		line 161 in file "./lcd.h"
 Parameters:    Size  Location     Type
		None
 Auto vars:     Size  Location     Type
		None
 Return value:  Size  Location     Type
                  1    wreg      void 
 Registers used:
		wreg, fsr2l, fsr2h, status,2, status,0, prodl, prodh, cstack
 Tracked objects:
		On entry : 
		On exit  : 
		Unchanged: 
 Data sizes:     COMRAM   BANK0   BANK1   BANK2   BANK3   BANK4   BANK5   BANK6   BANK7   BANK8   BANK9  BANK10  BANK11  BANK12  BANK13  BANK14  BANK15
      Params:         0       0       0       0       0       0       0       0       0       0       0       0       0       0       0       0       0
      Locals:         0       0       0       0       0       0       0       0       0       0       0       0       0       0       0       0       0
      Temps:          0       0       0       0       0       0       0       0       0       0       0       0       0       0       0       0       0
      Totals:         0       0       0       0       0       0       0       0       0       0       0       0       0       0       0       0       0
Total ram usage:        0 bytes
 Hardware stack levels used:    1
 Hardware stack levels required when called:    7
 This function calls:
		_LCDAddSpecialCharacter
 This function is called by:
		_main
 This function uses a non-reentrant model


 *************** function _LCDAddSpecialCharacter *****************
 Defined at:
		line 145 in file "./lcd.h"
 Parameters:    Size  Location     Type
  character_in    1    wreg     unsigned char 
  data            2    3[BANK1 ] PTR unsigned char 
		 -> frisbee_target(8), frisbeeChar(8), selected_teamB_player_with_frisbee(8), selected_teamA_player_with_frisbee(8), 
		 -> selected_teamB_player(8), selected_teamA_player(8), teamB_player(8), teamA_player(8), 
 Auto vars:     Size  Location     Type
  character_in    1    5[BANK1 ] unsigned char 
  i               1    6[BANK1 ] unsigned char 
 Return value:  Size  Location     Type
                  1    wreg      void 
 Registers used:
		wreg, fsr2l, fsr2h, status,2, status,0, prodl, prodh, cstack
 Tracked objects:
		On entry : 
		On exit  : 
		Unchanged: 
 Data sizes:     COMRAM   BANK0   BANK1   BANK2   BANK3   BANK4   BANK5   BANK6   BANK7   BANK8   BANK9  BANK10  BANK11  BANK12  BANK13  BANK14  BANK15
      Params:         0       0       2       0       0       0       0       0       0       0       0       0       0       0       0       0       0
      Locals:         0       0       2       0       0       0       0       0       0       0       0       0       0       0       0       0       0
      Temps:          0       0       0       0       0       0       0       0       0       0       0       0       0       0       0       0       0
      Totals:         0       0       4       0       0       0       0       0       0       0       0       0       0       0       0       0       0
Total ram usage:        4 bytes
 Hardware stack levels used:    1
 Hardware stack levels required when called:    6
 This function calls:
		_LCDCmd
		_LCDDat
		_LCDGoto
 This function is called by:
		_AddCustomCharacters
 This function uses a non-reentrant model


 *************** function _LCDGoto *****************
 Defined at:
		line 88 in file "./lcd.h"
 Parameters:    Size  Location     Type
  p_2             1    wreg     unsigned char 
  p_1             1    1[BANK1 ] unsigned char 
 Auto vars:     Size  Location     Type
  p_2             1    2[BANK1 ] unsigned char 
 Return value:  Size  Location     Type
                  1    wreg      void 
 Registers used:
		wreg, status,2, status,0, cstack
 Tracked objects:
		On entry : 
		On exit  : 
		Unchanged: 
 Data sizes:     COMRAM   BANK0   BANK1   BANK2   BANK3   BANK4   BANK5   BANK6   BANK7   BANK8   BANK9  BANK10  BANK11  BANK12  BANK13  BANK14  BANK15
      Params:         0       0       1       0       0       0       0       0       0       0       0       0       0       0       0       0       0
      Locals:         0       0       1       0       0       0       0       0       0       0       0       0       0       0       0       0       0
      Temps:          0       0       0       0       0       0       0       0       0       0       0       0       0       0       0       0       0
      Totals:         0       0       2       0       0       0       0       0       0       0       0       0       0       0       0       0       0
Total ram usage:        2 bytes
 Hardware stack levels used:    1
 Hardware stack levels required when called:    5
 This function calls:
		_LCDCmd
 This function is called by:
		_LCDAddSpecialCharacter
		_UpdateAndPrintDisplay
		_LCDStr
		_PrintPORTBandIntCounts
 This function uses a non-reentrant model


 *************** function _LCDCmd *****************
 Defined at:
		line 64 in file "./lcd.h"
 Parameters:    Size  Location     Type
  cmd             1    wreg     unsigned char 
 Auto vars:     Size  Location     Type
  cmd             1    0[BANK1 ] unsigned char 
 Return value:  Size  Location     Type
                  1    wreg      void 
 Registers used:
		wreg
 Tracked objects:
		On entry : 
		On exit  : 
		Unchanged: 
 Data sizes:     COMRAM   BANK0   BANK1   BANK2   BANK3   BANK4   BANK5   BANK6   BANK7   BANK8   BANK9  BANK10  BANK11  BANK12  BANK13  BANK14  BANK15
      Params:         0       0       0       0       0       0       0       0       0       0       0       0       0       0       0       0       0
      Locals:         0       0       1       0       0       0       0       0       0       0       0       0       0       0       0       0       0
      Temps:          0       1       0       0       0       0       0       0       0       0       0       0       0       0       0       0       0
      Totals:         0       1       1       0       0       0       0       0       0       0       0       0       0       0       0       0       0
Total ram usage:        2 bytes
 Hardware stack levels used:    1
 Hardware stack levels required when called:    4
 This function calls:
		Nothing
 This function is called by:
		_LCDGoto
		_InitLCD
		_LCDAddSpecialCharacter
 This function uses a non-reentrant model


 *************** function _LCDDat *****************
 Defined at:
		line 74 in file "./lcd.h"
 Parameters:    Size  Location     Type
  dat             1    wreg     unsigned char 
 Auto vars:     Size  Location     Type
  dat             1    0[BANK1 ] unsigned char 
 Return value:  Size  Location     Type
                  1    wreg      void 
 Registers used:
		wreg
 Tracked objects:
		On entry : 
		On exit  : 
		Unchanged: 
 Data sizes:     COMRAM   BANK0   BANK1   BANK2   BANK3   BANK4   BANK5   BANK6   BANK7   BANK8   BANK9  BANK10  BANK11  BANK12  BANK13  BANK14  BANK15
      Params:         0       0       0       0       0       0       0       0       0       0       0       0       0       0       0       0       0
      Locals:         0       0       1       0       0       0       0       0       0       0       0       0       0       0       0       0       0
      Temps:          0       1       0       0       0       0       0       0       0       0       0       0       0       0       0       0       0
      Totals:         0       1       1       0       0       0       0       0       0       0       0       0       0       0       0       0       0
Total ram usage:        2 bytes
 Hardware stack levels used:    1
 Hardware stack levels required when called:    4
 This function calls:
		Nothing
 This function is called by:
		_LCDAddSpecialCharacter
		_UpdateAndPrintDisplay
		_LCDStr
		_PrintPORTBandIntCounts
 This function uses a non-reentrant model


 *************** function _lowIsr *****************
 Defined at:
		line 103 in file "main.c"
 Parameters:    Size  Location     Type
		None
 Auto vars:     Size  Location     Type
  temp_a          1   40[COMRAM] unsigned char 
  temp_d          1   39[COMRAM] unsigned char 
 Return value:  Size  Location     Type
                  1    wreg      void 
 Registers used:
		wreg, fsr2l, fsr2h, status,2, status,0, cstack
 Tracked objects:
		On entry : 
		On exit  : 
		Unchanged: 
 Data sizes:     COMRAM   BANK0   BANK1   BANK2   BANK3   BANK4   BANK5   BANK6   BANK7   BANK8   BANK9  BANK10  BANK11  BANK12  BANK13  BANK14  BANK15
      Params:         0       0       0       0       0       0       0       0       0       0       0       0       0       0       0       0       0
      Locals:         2       0       0       0       0       0       0       0       0       0       0       0       0       0       0       0       0
      Temps:          7       0       0       0       0       0       0       0       0       0       0       0       0       0       0       0       0
      Totals:         9       0       0       0       0       0       0       0       0       0       0       0       0       0       0       0       0
Total ram usage:        9 bytes
 Hardware stack levels used:    1
 Hardware stack levels required when called:    3
 This function calls:
		___awmod
 This function is called by:
		Interrupt level 1
 This function uses a non-reentrant model


 *************** function ___awmod *****************
 Defined at:
		line 7 in file "/opt/microchip/xc8/v2.30/pic/sources/c99/common/awmod.c"
 Parameters:    Size  Location     Type
  dividend        2   26[COMRAM] int 
  divisor         2   28[COMRAM] int 
 Auto vars:     Size  Location     Type
  sign            1   31[COMRAM] unsigned char 
  counter         1   30[COMRAM] unsigned char 
 Return value:  Size  Location     Type
                  2   26[COMRAM] int 
 Registers used:
		wreg, status,2, status,0
 Tracked objects:
		On entry : 
		On exit  : 
		Unchanged: 
 Data sizes:     COMRAM   BANK0   BANK1   BANK2   BANK3   BANK4   BANK5   BANK6   BANK7   BANK8   BANK9  BANK10  BANK11  BANK12  BANK13  BANK14  BANK15
      Params:         4       0       0       0       0       0       0       0       0       0       0       0       0       0       0       0       0
      Locals:         2       0       0       0       0       0       0       0       0       0       0       0       0       0       0       0       0
      Temps:          0       0       0       0       0       0       0       0       0       0       0       0       0       0       0       0       0
      Totals:         6       0       0       0       0       0       0       0       0       0       0       0       0       0       0       0       0
Total ram usage:        6 bytes
 Hardware stack levels used:    1
 Hardware stack levels required when called:    2
 This function calls:
		Nothing
 This function is called by:
		_lowIsr
 This function uses a non-reentrant model


 *************** function _highIsr *****************
 Defined at:
		line 40 in file "main.c"
 Parameters:    Size  Location     Type
		None
 Auto vars:     Size  Location     Type
  portbVals       1   25[COMRAM] unsigned char 
 Return value:  Size  Location     Type
                  1    wreg      void 
 Registers used:
		wreg, fsr1l, fsr1h, fsr2l, fsr2h, status,2, status,0, prodl, prodh, cstack
 Tracked objects:
		On entry : 
		On exit  : 
		Unchanged: 
 Data sizes:     COMRAM   BANK0   BANK1   BANK2   BANK3   BANK4   BANK5   BANK6   BANK7   BANK8   BANK9  BANK10  BANK11  BANK12  BANK13  BANK14  BANK15
      Params:         0       0       0       0       0       0       0       0       0       0       0       0       0       0       0       0       0
      Locals:         1       0       0       0       0       0       0       0       0       0       0       0       0       0       0       0       0
      Temps:          8       0       0       0       0       0       0       0       0       0       0       0       0       0       0       0       0
      Totals:         9       0       0       0       0       0       0       0       0       0       0       0       0       0       0       0       0
Total ram usage:        9 bytes
 Hardware stack levels used:    1
 Hardware stack levels required when called:    1
 This function calls:
		_SetupDebouncingTimer
		_down
		_left
		_right
		_up
		i2___wmul
 This function is called by:
		Interrupt level 2
 This function uses a non-reentrant model


 *************** function i2___wmul *****************
 Defined at:
		line 15 in file "/opt/microchip/xc8/v2.30/pic/sources/c99/common/Umul16.c"
 Parameters:    Size  Location     Type
  multiplier      2    0[COMRAM] unsigned int 
  multiplicand    2    2[COMRAM] unsigned int 
 Auto vars:     Size  Location     Type
  product         2    4[COMRAM] unsigned int 
 Return value:  Size  Location     Type
                  2    0[COMRAM] unsigned int 
 Registers used:
		wreg, status,2, status,0, prodl, prodh
 Tracked objects:
		On entry : 
		On exit  : 
		Unchanged: 
 Data sizes:     COMRAM   BANK0   BANK1   BANK2   BANK3   BANK4   BANK5   BANK6   BANK7   BANK8   BANK9  BANK10  BANK11  BANK12  BANK13  BANK14  BANK15
      Params:         4       0       0       0       0       0       0       0       0       0       0       0       0       0       0       0       0
      Locals:         2       0       0       0       0       0       0       0       0       0       0       0       0       0       0       0       0
      Temps:          0       0       0       0       0       0       0       0       0       0       0       0       0       0       0       0       0
      Totals:         6       0       0       0       0       0       0       0       0       0       0       0       0       0       0       0       0
Total ram usage:        6 bytes
 Hardware stack levels used:    1
 This function calls:
		Nothing
 This function is called by:
		_highIsr
 This function uses a non-reentrant model


 *************** function _up *****************
 Defined at:
		line 389 in file "main.c"
 Parameters:    Size  Location     Type
  pl              2    6[COMRAM] PTR struct GameElement
		 -> objs(30), 
 Auto vars:     Size  Location     Type
		None
 Return value:  Size  Location     Type
                  1    wreg      void 
 Registers used:
		wreg, fsr1l, fsr1h, fsr2l, fsr2h, status,2, status,0
 Tracked objects:
		On entry : 
		On exit  : 
		Unchanged: 
 Data sizes:     COMRAM   BANK0   BANK1   BANK2   BANK3   BANK4   BANK5   BANK6   BANK7   BANK8   BANK9  BANK10  BANK11  BANK12  BANK13  BANK14  BANK15
      Params:         2       0       0       0       0       0       0       0       0       0       0       0       0       0       0       0       0
      Locals:         0       0       0       0       0       0       0       0       0       0       0       0       0       0       0       0       0
      Temps:          9       0       0       0       0       0       0       0       0       0       0       0       0       0       0       0       0
      Totals:        11       0       0       0       0       0       0       0       0       0       0       0       0       0       0       0       0
Total ram usage:       11 bytes
 Hardware stack levels used:    1
 This function calls:
		Nothing
 This function is called by:
		_highIsr
 This function uses a non-reentrant model


 *************** function _right *****************
 Defined at:
		line 379 in file "main.c"
 Parameters:    Size  Location     Type
  pl              2    6[COMRAM] PTR struct GameElement
		 -> objs(30), 
 Auto vars:     Size  Location     Type
		None
 Return value:  Size  Location     Type
                  1    wreg      void 
 Registers used:
		wreg, fsr1l, fsr1h, fsr2l, fsr2h, status,2, status,0, prodl, prodh
 Tracked objects:
		On entry : 
		On exit  : 
		Unchanged: 
 Data sizes:     COMRAM   BANK0   BANK1   BANK2   BANK3   BANK4   BANK5   BANK6   BANK7   BANK8   BANK9  BANK10  BANK11  BANK12  BANK13  BANK14  BANK15
      Params:         2       0       0       0       0       0       0       0       0       0       0       0       0       0       0       0       0
      Locals:         0       0       0       0       0       0       0       0       0       0       0       0       0       0       0       0       0
      Temps:          8       0       0       0       0       0       0       0       0       0       0       0       0       0       0       0       0
      Totals:        10       0       0       0       0       0       0       0       0       0       0       0       0       0       0       0       0
Total ram usage:       10 bytes
 Hardware stack levels used:    1
 This function calls:
		Nothing
 This function is called by:
		_highIsr
 This function uses a non-reentrant model


 *************** function _left *****************
 Defined at:
		line 369 in file "main.c"
 Parameters:    Size  Location     Type
  pl              2    6[COMRAM] PTR struct GameElement
		 -> objs(30), 
 Auto vars:     Size  Location     Type
		None
 Return value:  Size  Location     Type
                  1    wreg      void 
 Registers used:
		wreg, fsr1l, fsr1h, fsr2l, fsr2h, status,2, status,0
 Tracked objects:
		On entry : 
		On exit  : 
		Unchanged: 
 Data sizes:     COMRAM   BANK0   BANK1   BANK2   BANK3   BANK4   BANK5   BANK6   BANK7   BANK8   BANK9  BANK10  BANK11  BANK12  BANK13  BANK14  BANK15
      Params:         2       0       0       0       0       0       0       0       0       0       0       0       0       0       0       0       0
      Locals:         0       0       0       0       0       0       0       0       0       0       0       0       0       0       0       0       0
      Temps:          9       0       0       0       0       0       0       0       0       0       0       0       0       0       0       0       0
      Totals:        11       0       0       0       0       0       0       0       0       0       0       0       0       0       0       0       0
Total ram usage:       11 bytes
 Hardware stack levels used:    1
 This function calls:
		Nothing
 This function is called by:
		_highIsr
 This function uses a non-reentrant model


 *************** function _down *****************
 Defined at:
		line 399 in file "main.c"
 Parameters:    Size  Location     Type
  pl              2    6[COMRAM] PTR struct GameElement
		 -> objs(30), 
 Auto vars:     Size  Location     Type
		None
 Return value:  Size  Location     Type
                  1    wreg      void 
 Registers used:
		wreg, fsr1l, fsr1h, fsr2l, fsr2h, status,2, status,0, prodl, prodh
 Tracked objects:
		On entry : 
		On exit  : 
		Unchanged: 
 Data sizes:     COMRAM   BANK0   BANK1   BANK2   BANK3   BANK4   BANK5   BANK6   BANK7   BANK8   BANK9  BANK10  BANK11  BANK12  BANK13  BANK14  BANK15
      Params:         2       0       0       0       0       0       0       0       0       0       0       0       0       0       0       0       0
      Locals:         0       0       0       0       0       0       0       0       0       0       0       0       0       0       0       0       0
      Temps:          8       0       0       0       0       0       0       0       0       0       0       0       0       0       0       0       0
      Totals:        10       0       0       0       0       0       0       0       0       0       0       0       0       0       0       0       0
Total ram usage:       10 bytes
 Hardware stack levels used:    1
 This function calls:
		Nothing
 This function is called by:
		_highIsr
 This function uses a non-reentrant model


 *************** function _SetupDebouncingTimer *****************
 Defined at:
		line 362 in file "main.c"
 Parameters:    Size  Location     Type
		None
 Auto vars:     Size  Location     Type
		None
 Return value:  Size  Location     Type
                  1    wreg      void 
 Registers used:
		wreg, status,2
 Tracked objects:
		On entry : 
		On exit  : 
		Unchanged: 
 Data sizes:     COMRAM   BANK0   BANK1   BANK2   BANK3   BANK4   BANK5   BANK6   BANK7   BANK8   BANK9  BANK10  BANK11  BANK12  BANK13  BANK14  BANK15
      Params:         0       0       0       0       0       0       0       0       0       0       0       0       0       0       0       0       0
      Locals:         0       0       0       0       0       0       0       0       0       0       0       0       0       0       0       0       0
      Temps:          0       0       0       0       0       0       0       0       0       0       0       0       0       0       0       0       0
      Totals:         0       0       0       0       0       0       0       0       0       0       0       0       0       0       0       0       0
Total ram usage:        0 bytes
 Hardware stack levels used:    1
 This function calls:
		Nothing
 This function is called by:
		_highIsr
 This function uses a non-reentrant model



MODULE INFORMATION

Module		Function		Class		Link	Load	Size
./lcd.h
		_AddCustomCharacters		CODE           	1D6A	0000	130
		_LCDCmd        		CODE           	2042	0000	50
		_InitLCD       		CODE           	2010	0000	50
		_LCDDat        		CODE           	1FDC	0000	52
		_LCDAddSpecialCharacter		CODE           	1F4E	0000	74
		_LCDGoto       		CODE           	1E64	0000	120

./lcd.h estimated size: 476

/opt/microchip/xc8/v2.30/pic/sources/c99/common/awmod.c
		___awmod       		CODE           	1CBA	0000	176

/opt/microchip/xc8/v2.30/pic/sources/c99/common/awmod.c estimated size: 176

shared
		i2___wmul      		CODE           	209C	0000	38
		__initialization		CODE           	1EDC	0000	100

shared estimated size: 138

/opt/microchip/xc8/v2.30/pic/sources/c99/common/Umul16.c
		___wmul        		CODE           	2074	0000	40

/opt/microchip/xc8/v2.30/pic/sources/c99/common/Umul16.c estimated size: 40

main.c
		_lowIsr        		CODE           	0018	0000	212
		_down          		CODE           	1BA0	0000	282
		_InitInterrupts		CODE           	1DEC	0000	120
		_main          		CODE           	20C2	0000	28
		_highIsr       		CODE           	0008	0000	526
		_up            		CODE           	1826	0000	304
		_left          		CODE           	1956	0000	296
		_InitGameObjects		CODE           	1650	0000	470
		_right         		CODE           	1A7E	0000	290
		_UpdateAndPrintDisplay		CODE           	1006	0000	1090
		_SetupDebouncingTimer		CODE           	20DE	0000	16

main.c estimated size: 3634

