Microchip MPLAB XC8 Compiler V2.30

Linker command line:

-W-3 --edf=/opt/microchip/xc8/v2.30/pic/dat/en_msgs.txt -cn \
  -h+dist/18F4620/debug/THE3.X.debug.sym \
  --cmf=dist/18F4620/debug/THE3.X.debug.cmf -z -Q18F4620 -o/tmp/xcXCiefCL \
  --defsym=__MPLAB_BUILD=1 -Mdist/18F4620/debug/THE3.X.debug.map -E1 \
  -ver=XC8 Compiler --acfsm=1493 -ASTACK=0209h-0F7Fh -pstack=STACK \
  -ACODE=00h-0FFFFh -ACONST=00h-0FFFFh -ASMALLCONST=01000h-010FFhx240 \
  -AMEDIUMCONST=01000h-0FFFFh -ACOMRAM=01h-07Fh -AABS1=00h-0F7Fh \
  -ABIGRAM=01h-0F7Fh -ARAM=080h-0FFh,0100h-01FFhx14,0F00h-0F7Fh \
  -ABANK0=080h-0FFh -ABANK1=0100h-01FFh -ABANK2=0200h-02FFh \
  -ABANK3=0300h-03FFh -ABANK4=0400h-04FFh -ABANK5=0500h-05FFh \
  -ABANK6=0600h-06FFh -ABANK7=0700h-07FFh -ABANK8=0800h-08FFh \
  -ABANK9=0900h-09FFh -ABANK10=0A00h-0AFFh -ABANK11=0B00h-0BFFh \
  -ABANK12=0C00h-0CFFh -ABANK13=0D00h-0DFFh -ABANK14=0E00h-0EFFh \
  -ABANK15=0F00h-0F7Fh -ASFR=0F80h-0FFFh -ACONFIG=0300000h-030000Dh \
  -AIDLOC=0200000h-0200007h -AEEDATA=0F00000h-0F003FFh -peeprom_data=EEDATA \
  -preset_vec=00h,intcode=08h,intcodelo,powerup,init -pramtop=01000h \
  -psmallconst=SMALLCONST -pmediumconst=MEDIUMCONST -pconst=CONST \
  -AFARRAM=00h-00h \
  -prdata=COMRAM,nvrram=COMRAM,nvbit=COMRAM,rbss=COMRAM,rbit=COMRAM \
  -pfarbss=FARRAM,fardata=FARRAM,nvFARRAM=FARRAM \
  -pintsave_regs=BIGRAM,bigbss=BIGRAM,bigdata=BIGRAM -pbss=RAM \
  -pidata=CODE,irdata=CODE,ibigdata=CODE,ifardata=CODE -prparam=COMRAM \
  /tmp/xcXOdnPlm.o dist/18F4620/debug/THE3.X.debug.o 

Object code version is 3.11

Machine type is 18F4620



                Name                               Link     Load   Length Selector   Space Scale
/tmp/xcXOdnPlm.o
                idloc                            200000   200000        8        0       5
                config                           300000   300000        E        0       4
                init                                  E        E        4        4       0
                reset_vec                             0        0        4        0       0
dist/18F4620/debug/THE3.X.debug.o
                intcode                               8        8        6        4       0
                idloc                            200000   200000        8        0       5
                config                           300000   300000        E        0       4
                temp                                 76       76        1        1       1
                smallconst                         1000     1000        6      800       0
                text26                             2004     2004       10      803       0
                text25                             201C     201C        8      803       0
                text24                             202A     202A        6      803       0
                text23                             2024     2024        6      803       0
                text22                             2014     2014        8      803       0
                intcode_body                       18CA     18CA      104      803       0
                text20                             1FA2     1FA2       32      803       0
                text19                             1FD4     1FD4       30      803       0
                text18                             1BCE     1BCE       74      803       0
                text17                             1E78     1E78       42      803       0
                text16                             1C42     1C42       72      803       0
                text15                             1D1E     1D1E       66      803       0
                text14                             1F70     1F70       32      803       0
                text13                             1B5A     1B5A       74      803       0
                text12                             1498     1498      188      803       0
                text11                             1620     1620      164      803       0
                text10                             1EFA     1EFA       40      803       0
                text9                              2032     2032        2      803       0
                text8                              19CE     19CE       CA      803       0
                text7                              1E34     1E34       44      803       0
                text6                              1F3A     1F3A       36      803       0
                text5                              1A98     1A98       C2      803       0
                text4                              1006     1006      2DE      803       0
                text3                              12E4     12E4      1B4      803       0
                text2                              1D84     1D84       62      803       0
                text1                              1DE6     1DE6       4E      803       0
                text0                              1784     1784      146      803       0
                cstackCOMRAM                          1        1       6C        1       1
                cstackBANK2                         200      200        9      200       1
                bssBANK1                            100      100       FC      100       1
                dataBANK0                            80       80       40       80       1
                bssBANK0                             C0       C0       3A       80       1
                dataCOMRAM                           74       74        2        1       1
                bssCOMRAM                            6D       6D        7        1       1
                cinit                              1CB4     1CB4       6A      803       0
                nvBANK0                              FA       FA        1       80       1
                idataBANK0                         1EBA     1EBA       40      803       0
                idataCOMRAM                        2030     2030        2      803       0

TOTAL           Name                               Link     Load   Length     Space
        CLASS   STACK          

        CLASS   CODE           
                intcode                               8        8        6         0
                init                                  E        E        4         0
                reset_vec                             0        0        4         0
                text26                             2004     2004       10         0
                text25                             201C     201C        8         0
                text24                             202A     202A        6         0
                text23                             2024     2024        6         0
                text22                             2014     2014        8         0
                intcode_body                       18CA     18CA      104         0
                text20                             1FA2     1FA2       32         0
                text19                             1FD4     1FD4       30         0
                text18                             1BCE     1BCE       74         0
                text17                             1E78     1E78       42         0
                text16                             1C42     1C42       72         0
                text15                             1D1E     1D1E       66         0
                text14                             1F70     1F70       32         0
                text13                             1B5A     1B5A       74         0
                text12                             1498     1498      188         0
                text11                             1620     1620      164         0
                text10                             1EFA     1EFA       40         0
                text9                              2032     2032        2         0
                text8                              19CE     19CE       CA         0
                text7                              1E34     1E34       44         0
                text6                              1F3A     1F3A       36         0
                text5                              1A98     1A98       C2         0
                text4                              1006     1006      2DE         0
                text3                              12E4     12E4      1B4         0
                text2                              1D84     1D84       62         0
                text1                              1DE6     1DE6       4E         0
                text0                              1784     1784      146         0
                cinit                              1CB4     1CB4       6A         0
                idataBANK0                         1EBA     1EBA       40         0
                idataCOMRAM                        2030     2030        2         0

        CLASS   CONST          

        CLASS   SMALLCONST     
                smallconst                         1000     1000        6         0

        CLASS   MEDIUMCONST    

        CLASS   COMRAM         
                temp                                 76       76        1         1
                cstackCOMRAM                          1        1       6C         1
                dataCOMRAM                           74       74        2         1
                bssCOMRAM                            6D       6D        7         1

        CLASS   ABS1           

        CLASS   BIGRAM         

        CLASS   RAM            

        CLASS   BANK0          
                dataBANK0                            80       80       40         1
                bssBANK0                             C0       C0       3A         1
                nvBANK0                              FA       FA        1         1

        CLASS   BANK1          
                bssBANK1                            100      100       FC         1

        CLASS   BANK2          
                cstackBANK2                         200      200        9         1

        CLASS   BANK3          

        CLASS   BANK4          

        CLASS   BANK5          

        CLASS   BANK6          

        CLASS   BANK7          

        CLASS   BANK8          

        CLASS   BANK9          

        CLASS   BANK10         

        CLASS   BANK11         

        CLASS   BANK12         

        CLASS   BANK13         

        CLASS   BANK14         

        CLASS   BANK15         

        CLASS   SFR            

        CLASS   CONFIG         
                config                           300000   300000        E         4

        CLASS   IDLOC          
                idloc                            200000   200000        8         5

        CLASS   EEDATA         

        CLASS   FARRAM         



SEGMENTS        Name                           Load    Length   Top    Selector   Space  Class

                reset_vec                      000000  000004  000004         0       0  CODE    
                bssBANK1                       000100  0000FC  0001FC       100       1  BANK1   
                text4                          001006  00102E  002034       803       0  CODE    
                cstackBANK2                    000200  000009  000209       200       1  BANK2   
                intcode                        000008  00000A  000012         4       0  CODE    
                dataBANK0                      000080  00007B  0000FB        80       1  BANK0   
                cstackCOMRAM                   000001  000076  000077         1       1  COMRAM  
                smallconst                     001000  000006  001006       800       0  SMALLCON


UNUSED ADDRESS RANGES

        Name                Unused          Largest block    Delta
        BANK0            0000FB-0000FF                5
        BANK1            0001FC-0001FF                4
        BANK10           000A00-000AFF              100
        BANK11           000B00-000BFF              100
        BANK12           000C00-000CFF              100
        BANK13           000D00-000DFF              100
        BANK14           000E00-000EFF              100
        BANK15           000F00-000F7F               80
        BANK2            000209-0002FF               F7
        BANK3            000300-0003FF              100
        BANK4            000400-0004FF              100
        BANK5            000500-0005FF              100
        BANK6            000600-0006FF              100
        BANK7            000700-0007FF              100
        BANK8            000800-0008FF              100
        BANK9            000900-0009FF              100
        BIGRAM           000077-00007F                9
                         0000FB-0000FF                5
                         0001FC-0001FF                4
                         000209-000F7F              D77
        CODE             000004-000007                4
                         000012-000FFF              FEE
                         002034-00FFFF             DFCC
        COMRAM           000077-00007F                9
        CONST            000004-000007                4
                         000012-000FFF              FEE
                         002034-00FFFF             DFCC
        EEDATA           F00000-F003FF              400
        MEDIUMCONST      002034-00FFFF             DFCC
        RAM              0000FB-0000FF                5
                         0001FC-0001FF                4
                         000209-000F7F              100
        SFR              000F80-000FFF               80
        SMALLCONST       002034-00FFFF              100
        STACK            000209-000F7F              D77

                                  Symbol Table

?___aodiv                              cstackCOMRAM 000004
?___aomod                              cstackCOMRAM 000004
?_abs                                  cstackCOMRAM 000016
?_dtoa                                 cstackCOMRAM 00001F
?_pad                                  cstackCOMRAM 000014
?_sprintf                              cstackCOMRAM 00005B
?_strlen                               cstackCOMRAM 000004
?_vfpfcnvrt                            cstackCOMRAM 000043
?_vfprintf                             cstackCOMRAM 000053
LCDAddSpecialCharacter@character_index cstackCOMRAM 00000A
LCDAddSpecialCharacter@data            cstackCOMRAM 000008
LCDAddSpecialCharacter@i               cstackCOMRAM 00000B
LCDCmd@cmd                             cstackCOMRAM 000005
LCDDat@dat                             cstackCOMRAM 000005
LCDGoto@p_1                            cstackCOMRAM 000006
LCDGoto@p_2                            cstackCOMRAM 000007
LCDStr@i                               cstackCOMRAM 00000A
LCDStr@str                             cstackCOMRAM 000008
_ADCON1                                (abs)        000FC1
_AddCustomCharacters                   text16       001C42
_INTCON2bits                           (abs)        000FF1
_INTCON3bits                           (abs)        000FF0
_INTCONbits                            (abs)        000FF2
_InitInterrupts                        text15       001D1E
_InitLCD                               text14       001F70
_LCDAddSpecialCharacter                text17       001E78
_LCDCmd                                text19       001FD4
_LCDDat                                text20       001FA2
_LCDGoto                               text18       001BCE
_LCDStr                                text13       001B5A
_PORTB                                 (abs)        000F81
_PORTD                                 (abs)        000F83
_PORTEbits                             (abs)        000F84
_SetupDebouncingTimer                  text26       002004
_T0CON                                 (abs)        000FD5
_T0CONbits                             (abs)        000FD5
_T3CON                                 (abs)        000FB1
_T3CONbits                             (abs)        000FB1
_TMR0H                                 (abs)        000FD7
_TMR0L                                 (abs)        000FD6
_TMR3H                                 (abs)        000FB3
_TMR3L                                 (abs)        000FB2
_TRISA                                 (abs)        000F92
_TRISB                                 (abs)        000F93
_TRISD                                 (abs)        000F95
_TRISEbits                             (abs)        000F96
__HRAM                                 (abs)        000000
__Habs1                                abs1         000000
__Hbank0                               bank0        000000
__Hbank1                               bank1        000000
__Hbank10                              bank10       000000
__Hbank11                              bank11       000000
__Hbank12                              bank12       000000
__Hbank13                              bank13       000000
__Hbank14                              bank14       000000
__Hbank15                              bank15       000000
__Hbank2                               bank2        000000
__Hbank3                               bank3        000000
__Hbank4                               bank4        000000
__Hbank5                               bank5        000000
__Hbank6                               bank6        000000
__Hbank7                               bank7        000000
__Hbank8                               bank8        000000
__Hbank9                               bank9        000000
__Hbigbss                              bigbss       000000
__Hbigdata                             bigdata      000000
__Hbigram                              bigram       000000
__Hbss                                 bss          000000
__HbssBANK0                            bssBANK0     000000
__HbssBANK1                            bssBANK1     000000
__HbssCOMRAM                           bssCOMRAM    000000
__Hcinit                               cinit        000000
__Hclrtext                             clrtext      000000
__Hcomram                              comram       000000
__Hconfig                              config       30000E
__Hconst                               const        000000
__HcstackBANK2                         cstackBANK2  000000
__HcstackCOMRAM                        cstackCOMRAM 000000
__Hdata                                data         000000
__HdataBANK0                           dataBANK0    000000
__HdataCOMRAM                          dataCOMRAM   000000
__Heeprom_data                         eeprom_data  000000
__Hfarbss                              farbss       000000
__Hfardata                             fardata      000000
__Hibigdata                            ibigdata     000000
__Hidata                               idata        000000
__HidataBANK0                          idataBANK0   000000
__HidataCOMRAM                         idataCOMRAM  000000
__Hidloc                               idloc        200008
__Hifardata                            ifardata     000000
__Hinit                                init         000012
__Hintcode                             intcode      00000E
__Hintcode_body                        intcode_body 000000
__Hintcodelo                           intcodelo    00000E
__Hintentry                            intentry     000000
__Hintret                              intret       000000
__Hintsave_regs                        intsave_regs 000000
__Hirdata                              irdata       000000
__Hmediumconst                         mediumconst  000000
__HnvBANK0                             nvBANK0      000000
__HnvFARRAM                            nvFARRAM     000000
__Hnvbit                               nvbit        000000
__Hnvrram                              nvrram       000000
__Hparam                               rparam       000000
__Hpowerup                             powerup      00000E
__Hram                                 ram          000000
__Hramtop                              ramtop       001000
__Hrbit                                rbit         000000
__Hrbss                                rbss         000000
__Hrdata                               rdata        000000
__Hreset_vec                           reset_vec    000004
__Hrparam                              rparam       000000
__Hsfr                                 sfr          000000
__Hsmallconst                          smallconst   001006
__Hspace_0                             (abs)        002034
__Hspace_1                             (abs)        000209
__Hspace_2                             (abs)        000000
__Hspace_4                             (abs)        60000E
__Hstack                               stack        000000
__Hstruct                              struct       000000
__Htemp                                temp         000077
__Htext                                text         000000
__Htext0                               text0        000000
__Htext1                               text1        000000
__Htext10                              text10       000000
__Htext11                              text11       000000
__Htext12                              text12       000000
__Htext13                              text13       000000
__Htext14                              text14       000000
__Htext15                              text15       000000
__Htext16                              text16       000000
__Htext17                              text17       000000
__Htext18                              text18       000000
__Htext19                              text19       000000
__Htext2                               text2        000000
__Htext20                              text20       000000
__Htext22                              text22       000000
__Htext23                              text23       000000
__Htext24                              text24       000000
__Htext25                              text25       000000
__Htext26                              text26       000000
__Htext3                               text3        000000
__Htext4                               text4        000000
__Htext5                               text5        000000
__Htext6                               text6        000000
__Htext7                               text7        000000
__Htext8                               text8        000000
__Htext9                               text9        000000
__LRAM                                 (abs)        000001
__Labs1                                abs1         000000
__Lbank0                               bank0        000000
__Lbank1                               bank1        000000
__Lbank10                              bank10       000000
__Lbank11                              bank11       000000
__Lbank12                              bank12       000000
__Lbank13                              bank13       000000
__Lbank14                              bank14       000000
__Lbank15                              bank15       000000
__Lbank2                               bank2        000000
__Lbank3                               bank3        000000
__Lbank4                               bank4        000000
__Lbank5                               bank5        000000
__Lbank6                               bank6        000000
__Lbank7                               bank7        000000
__Lbank8                               bank8        000000
__Lbank9                               bank9        000000
__Lbigbss                              bigbss       000000
__Lbigdata                             bigdata      000000
__Lbigram                              bigram       000000
__Lbss                                 bss          000000
__LbssBANK0                            bssBANK0     000000
__LbssBANK1                            bssBANK1     000000
__LbssCOMRAM                           bssCOMRAM    000000
__Lcinit                               cinit        000000
__Lclrtext                             clrtext      000000
__Lcomram                              comram       000000
__Lconfig                              config       000000
__Lconst                               const        000000
__LcstackBANK2                         cstackBANK2  000000
__LcstackCOMRAM                        cstackCOMRAM 000000
__Ldata                                data         000000
__LdataBANK0                           dataBANK0    000000
__LdataCOMRAM                          dataCOMRAM   000000
__Leeprom_data                         eeprom_data  000000
__Lfarbss                              farbss       000000
__Lfardata                             fardata      000000
__Libigdata                            ibigdata     000000
__Lidata                               idata        000000
__LidataBANK0                          idataBANK0   000000
__LidataCOMRAM                         idataCOMRAM  000000
__Lidloc                               idloc        000000
__Lifardata                            ifardata     000000
__Linit                                init         00000E
__Lintcode                             intcode      000008
__Lintcode_body                        intcode_body 000000
__Lintcodelo                           intcodelo    00000E
__Lintentry                            intentry     000000
__Lintret                              intret       000000
__Lintsave_regs                        intsave_regs 000000
__Lirdata                              irdata       000000
__Lmediumconst                         mediumconst  000000
__LnvBANK0                             nvBANK0      000000
__LnvFARRAM                            nvFARRAM     000000
__Lnvbit                               nvbit        000000
__Lnvrram                              nvrram       000000
__Lparam                               rparam       000000
__Lpowerup                             powerup      00000E
__Lram                                 ram          000000
__Lramtop                              ramtop       001000
__Lrbit                                rbit         000000
__Lrbss                                rbss         000000
__Lrdata                               rdata        000000
__Lreset_vec                           reset_vec    000000
__Lrparam                              rparam       000000
__Lsfr                                 sfr          000000
__Lsmallconst                          smallconst   001000
__Lspace_0                             (abs)        000000
__Lspace_1                             (abs)        000000
__Lspace_2                             (abs)        000000
__Lspace_4                             (abs)        000000
__Lstack                               stack        000000
__Lstruct                              struct       000000
__Ltemp                                temp         000076
__Ltext                                text         000000
__Ltext0                               text0        000000
__Ltext1                               text1        000000
__Ltext10                              text10       000000
__Ltext11                              text11       000000
__Ltext12                              text12       000000
__Ltext13                              text13       000000
__Ltext14                              text14       000000
__Ltext15                              text15       000000
__Ltext16                              text16       000000
__Ltext17                              text17       000000
__Ltext18                              text18       000000
__Ltext19                              text19       000000
__Ltext2                               text2        000000
__Ltext20                              text20       000000
__Ltext22                              text22       000000
__Ltext23                              text23       000000
__Ltext24                              text24       000000
__Ltext25                              text25       000000
__Ltext26                              text26       000000
__Ltext3                               text3        000000
__Ltext4                               text4        000000
__Ltext5                               text5        000000
__Ltext6                               text6        000000
__Ltext7                               text7        000000
__Ltext8                               text8        000000
__Ltext9                               text9        000000
__S0                                   (abs)        002034
__S1                                   (abs)        000209
__S2                                   (abs)        000000
__S4                                   (abs)        000000
__S5                                   (abs)        000000
___aodiv                               text12       001498
___aodiv@counter                       cstackCOMRAM 000014
___aodiv@dividend                      cstackCOMRAM 000004
___aodiv@divisor                       cstackCOMRAM 00000C
___aodiv@quotient                      cstackCOMRAM 000016
___aodiv@sign                          cstackCOMRAM 000015
___aomod                               text11       001620
___aomod@counter                       cstackCOMRAM 000014
___aomod@dividend                      cstackCOMRAM 000004
___aomod@divisor                       cstackCOMRAM 00000C
___aomod@sign                          cstackCOMRAM 000015
___inthi_sp                            stack        000000
___intlo_sp                            stack        000000
___param_bank                          (abs)        000000
___rparam_used                         (abs)        000001
___sp                                  stack        000000
__accesstop                            (abs)        000080
__activetblptr                         (abs)        000002
__end_of_AddCustomCharacters           text16       001CB4
__end_of_InitInterrupts                text15       001D84
__end_of_InitLCD                       text14       001FA2
__end_of_LCDAddSpecialCharacter        text17       001EBA
__end_of_LCDCmd                        text19       002004
__end_of_LCDDat                        text20       001FD4
__end_of_LCDGoto                       text18       001C42
__end_of_LCDStr                        text13       001BCE
__end_of_SetupDebouncingTimer          text26       002014
__end_of___aodiv                       text12       001620
__end_of___aomod                       text11       001784
__end_of__initialization               cinit        001D10
__end_of_abs                           text10       001F3A
__end_of_down                          text25       002024
__end_of_dtoa                          text4        0012E4
__end_of_fputc                         text8        001A98
__end_of_fputs                         text7        001E78
__end_of_highIsr                       intcode_body 0019CE
__end_of_left                          text24       002030
__end_of_main                          text0        0018CA
__end_of_pad                           text5        001B5A
__end_of_putch                         text9        002034
__end_of_right                         text23       00202A
__end_of_sprintf                       text1        001E34
__end_of_strlen                        text6        001F70
__end_of_up                            text22       00201C
__end_of_vfpfcnvrt                     text3        001498
__end_of_vfprintf                      text2        001DE6
__initialization                       cinit        001CB4
__mediumconst                          mediumconst  000000
__pbssBANK0                            bssBANK0     0000C0
__pbssBANK1                            bssBANK1     000100
__pbssCOMRAM                           bssCOMRAM    00006D
__pcinit                               cinit        001CB4
__pcstackBANK2                         cstackBANK2  000200
__pcstackCOMRAM                        cstackCOMRAM 000001
__pdataBANK0                           dataBANK0    000080
__pdataCOMRAM                          dataCOMRAM   000074
__pidataBANK0                          idataBANK0   001EBA
__pidataCOMRAM                         idataCOMRAM  002030
__pintcode                             intcode      000008
__pintcode_body                        intcode_body 0018CA
__pnvBANK0                             nvBANK0      0000FA
__psmallconst                          smallconst   001000
__ptext0                               text0        001784
__ptext1                               text1        001DE6
__ptext10                              text10       001EFA
__ptext11                              text11       001620
__ptext12                              text12       001498
__ptext13                              text13       001B5A
__ptext14                              text14       001F70
__ptext15                              text15       001D1E
__ptext16                              text16       001C42
__ptext17                              text17       001E78
__ptext18                              text18       001BCE
__ptext19                              text19       001FD4
__ptext2                               text2        001D84
__ptext20                              text20       001FA2
__ptext22                              text22       002014
__ptext23                              text23       002024
__ptext24                              text24       00202A
__ptext25                              text25       00201C
__ptext26                              text26       002004
__ptext3                               text3        0012E4
__ptext4                               text4        001006
__ptext5                               text5        001A98
__ptext6                               text6        001F3A
__ptext7                               text7        001E34
__ptext8                               text8        0019CE
__ptext9                               text9        002032
__ramtop                               ramtop       001000
__size_of_AddCustomCharacters          (abs)        000000
__size_of_InitInterrupts               (abs)        000000
__size_of_InitLCD                      (abs)        000000
__size_of_LCDAddSpecialCharacter       (abs)        000000
__size_of_LCDCmd                       (abs)        000000
__size_of_LCDDat                       (abs)        000000
__size_of_LCDGoto                      (abs)        000000
__size_of_LCDStr                       (abs)        000000
__size_of_SetupDebouncingTimer         (abs)        000000
__size_of___aodiv                      (abs)        000000
__size_of___aomod                      (abs)        000000
__size_of_abs                          (abs)        000000
__size_of_down                         (abs)        000000
__size_of_dtoa                         (abs)        000000
__size_of_fputc                        (abs)        000000
__size_of_fputs                        (abs)        000000
__size_of_highIsr                      (abs)        000000
__size_of_left                         (abs)        000000
__size_of_main                         (abs)        000000
__size_of_pad                          (abs)        000000
__size_of_putch                        (abs)        000000
__size_of_right                        (abs)        000000
__size_of_sprintf                      (abs)        000000
__size_of_strlen                       (abs)        000000
__size_of_up                           (abs)        000000
__size_of_vfpfcnvrt                    (abs)        000000
__size_of_vfprintf                     (abs)        000000
__smallconst                           smallconst   001000
_a                                     bssCOMRAM    000071
_abs                                   text10       001EFA
_acceptInterrupts                      bssCOMRAM    000073
_b                                     bssBANK0     0000D8
_c                                     bssBANK0     0000D6
_dbuf                                  bssBANK0     0000DA
_display                               bssBANK1     000100
_down                                  text25       00201C
_dtoa                                  text4        001006
_dtoa$1095                             cstackCOMRAM 000031
_flags                                 bssCOMRAM    00006F
_fputc                                 text8        0019CE
_fputs                                 text7        001E34
_frisbeeChar                           dataBANK0    000088
_frisbee_steps                         bssBANK1     0001C0
_frisbee_target                        dataBANK0    000080
_game_state                            nvBANK0      0000FA
_highIsr                               intcode      000008
_lcd_x                                 dataCOMRAM   000075
_lcd_y                                 dataCOMRAM   000074
_left                                  text24       00202A
_main                                  text0        001784
_main$548                              cstackBANK2  000205
_nout                                  bssBANK0     0000D2
_objs                                  bssBANK0     0000C0
_pad                                   text5        001A98
_prec                                  bssCOMRAM    00006D
_putch                                 text9        002032
_right                                 text23       002024
_selected_teamA_player                 dataBANK0    0000A8
_selected_teamA_player_with_frisbee    dataBANK0    000098
_selected_teamB_player                 dataBANK0    0000A0
_selected_teamB_player_with_frisbee    dataBANK0    000090
_sprintf                               text1        001DE6
_strlen                                text6        001F3A
_teamA_player                          dataBANK0    0000B8
_teamB_player                          dataBANK0    0000B0
_up                                    text22       002014
_vfpfcnvrt                             text3        0012E4
_vfprintf                              text2        001D84
_width                                 bssBANK0     0000D4
abs@a                                  cstackCOMRAM 000016
btemp                                  temp         000076
dtoa@d                                 cstackCOMRAM 000021
dtoa@fp                                cstackCOMRAM 00001F
dtoa@i                                 cstackCOMRAM 000041
dtoa@n                                 cstackCOMRAM 000039
dtoa@p                                 cstackCOMRAM 000033
dtoa@s                                 cstackCOMRAM 000037
dtoa@w                                 cstackCOMRAM 000035
end_of_initialization                  cinit        001D10
fputc@c                                cstackCOMRAM 000004
fputc@fp                               cstackCOMRAM 000006
fputs@c                                cstackCOMRAM 000011
fputs@fp                               cstackCOMRAM 00000F
fputs@i                                cstackCOMRAM 000012
fputs@s                                cstackCOMRAM 00000D
highIsr@portbVals                      cstackCOMRAM 000003
int$flags                              temp         000076
int_func                               intcode_body 0018CA
intlevel0                              text         000000
intlevel1                              text         000000
intlevel2                              text         000000
intlevel3                              text         000000
main@arr                               cstackBANK2  000200
main@i                                 cstackBANK2  000207
pad@buf                                cstackCOMRAM 000016
pad@fp                                 cstackCOMRAM 000014
pad@i                                  cstackCOMRAM 00001B
pad@p                                  cstackCOMRAM 000018
pad@w                                  cstackCOMRAM 00001D
sprintf@ap                             cstackCOMRAM 000063
sprintf@f                              cstackCOMRAM 000065
sprintf@fmt                            cstackCOMRAM 00005D
sprintf@s                              cstackCOMRAM 00005B
stackhi                                (abs)        000F7F
stacklo                                (abs)        000209
start                                  init         00000E
start_initialization                   cinit        001CB4
strlen@a                               cstackCOMRAM 000006
strlen@s                               cstackCOMRAM 000004
ttemp5                                 temp         000077
ttemp6                                 temp         00007A
ttemp7                                 temp         00007E
vfpfcnvrt@ap                           cstackCOMRAM 000047
vfpfcnvrt@fmt                          cstackCOMRAM 000045
vfpfcnvrt@fp                           cstackCOMRAM 000043
vfpfcnvrt@ll                           cstackCOMRAM 00004B
vfprintf@ap                            cstackCOMRAM 000057
vfprintf@cfmt                          cstackCOMRAM 000059
vfprintf@fmt                           cstackCOMRAM 000055
vfprintf@fp                            cstackCOMRAM 000053
wtemp8                                 temp         000077


FUNCTION INFORMATION:

 *************** function _main *****************
 Defined at:
		line 86 in file "main.c"
 Parameters:    Size  Location     Type
		None
 Auto vars:     Size  Location     Type
  i               2    7[BANK2 ] int 
  arr             5    0[BANK2 ] unsigned char [5]
 Return value:  Size  Location     Type
                  1    wreg      void 
 Registers used:
		wreg, fsr1l, fsr1h, fsr2l, fsr2h, status,2, status,0, tblptrl, tblptrh, tblptru, prodl, prodh, cstack
 Tracked objects:
		On entry : 
		On exit  : 
		Unchanged: 
 Data sizes:     COMRAM   BANK0   BANK1   BANK2   BANK3   BANK4   BANK5   BANK6   BANK7   BANK8   BANK9  BANK10  BANK11  BANK12  BANK13  BANK14  BANK15
      Params:         0       0       0       0       0       0       0       0       0       0       0       0       0       0       0       0       0
      Locals:         0       0       0       9       0       0       0       0       0       0       0       0       0       0       0       0       0
      Temps:          2       0       0       0       0       0       0       0       0       0       0       0       0       0       0       0       0
      Totals:         2       0       0       9       0       0       0       0       0       0       0       0       0       0       0       0       0
Total ram usage:       11 bytes
 Hardware stack levels required when called:   10
 This function calls:
		_AddCustomCharacters
		_InitInterrupts
		_InitLCD
		_LCDDat
		_LCDGoto
		_LCDStr
		_sprintf
 This function is called by:
		Startup code after reset
 This function uses a non-reentrant model


 *************** function _sprintf *****************
 Defined at:
		line 9 in file "/opt/microchip/xc8/v2.30/pic/sources/c99/common/nf_sprintf.c"
 Parameters:    Size  Location     Type
  s               2   90[COMRAM] PTR unsigned char 
		 -> main@arr(5), 
  fmt             2   92[COMRAM] PTR const unsigned char 
		 -> STR_3(3), STR_2(3), STR_1(3), 
 Auto vars:     Size  Location     Type
  f               6  100[COMRAM] struct _IO_FILE
  ap              2   98[COMRAM] PTR void [1]
		 -> ?_sprintf(2), 
  ret             2    0        int 
 Return value:  Size  Location     Type
                  2   90[COMRAM] int 
 Registers used:
		wreg, fsr1l, fsr1h, fsr2l, fsr2h, status,2, status,0, tblptrl, tblptrh, tblptru, cstack
 Tracked objects:
		On entry : 
		On exit  : 
		Unchanged: 
 Data sizes:     COMRAM   BANK0   BANK1   BANK2   BANK3   BANK4   BANK5   BANK6   BANK7   BANK8   BANK9  BANK10  BANK11  BANK12  BANK13  BANK14  BANK15
      Params:         6       0       0       0       0       0       0       0       0       0       0       0       0       0       0       0       0
      Locals:        10       0       0       0       0       0       0       0       0       0       0       0       0       0       0       0       0
      Temps:          0       0       0       0       0       0       0       0       0       0       0       0       0       0       0       0       0
      Totals:        16       0       0       0       0       0       0       0       0       0       0       0       0       0       0       0       0
Total ram usage:       16 bytes
 Hardware stack levels used:    1
 Hardware stack levels required when called:    9
 This function calls:
		_vfprintf
 This function is called by:
		_main
 This function uses a non-reentrant model


 *************** function _vfprintf *****************
 Defined at:
		line 1390 in file "/opt/microchip/xc8/v2.30/pic/sources/c99/common/doprnt.c"
 Parameters:    Size  Location     Type
  fp              2   82[COMRAM] PTR struct _IO_FILE
		 -> sprintf@f(6), 
  fmt             2   84[COMRAM] PTR const unsigned char 
		 -> STR_3(3), STR_2(3), STR_1(3), 
  ap              2   86[COMRAM] PTR PTR void 
		 -> sprintf@ap(2), 
 Auto vars:     Size  Location     Type
  cfmt            2   88[COMRAM] PTR unsigned char 
		 -> STR_3(3), STR_2(3), STR_1(3), 
 Return value:  Size  Location     Type
                  2   82[COMRAM] int 
 Registers used:
		wreg, fsr1l, fsr1h, fsr2l, fsr2h, status,2, status,0, tblptrl, tblptrh, tblptru, cstack
 Tracked objects:
		On entry : 
		On exit  : 
		Unchanged: 
 Data sizes:     COMRAM   BANK0   BANK1   BANK2   BANK3   BANK4   BANK5   BANK6   BANK7   BANK8   BANK9  BANK10  BANK11  BANK12  BANK13  BANK14  BANK15
      Params:         6       0       0       0       0       0       0       0       0       0       0       0       0       0       0       0       0
      Locals:         2       0       0       0       0       0       0       0       0       0       0       0       0       0       0       0       0
      Temps:          0       0       0       0       0       0       0       0       0       0       0       0       0       0       0       0       0
      Totals:         8       0       0       0       0       0       0       0       0       0       0       0       0       0       0       0       0
Total ram usage:        8 bytes
 Hardware stack levels used:    1
 Hardware stack levels required when called:    8
 This function calls:
		_vfpfcnvrt
 This function is called by:
		_sprintf
 This function uses a non-reentrant model


 *************** function _vfpfcnvrt *****************
 Defined at:
		line 692 in file "/opt/microchip/xc8/v2.30/pic/sources/c99/common/doprnt.c"
 Parameters:    Size  Location     Type
  fp              2   66[COMRAM] PTR struct _IO_FILE
		 -> sprintf@f(6), 
  fmt             2   68[COMRAM] PTR PTR unsigned char 
		 -> vfprintf@cfmt(2), 
  ap              2   70[COMRAM] PTR PTR void 
		 -> sprintf@ap(2), 
 Auto vars:     Size  Location     Type
  ll              8   74[COMRAM] long long 
  llu             8    0        unsigned long long 
  f               4    0        unsigned long long 
  vp              3    0        PTR void 
  ct              3    0        unsigned char [3]
  cp              3    0        PTR unsigned char 
  i               2    0        int 
  done            2    0        int 
  c               1    0        unsigned char 
 Return value:  Size  Location     Type
                  2   66[COMRAM] int 
 Registers used:
		wreg, fsr1l, fsr1h, fsr2l, fsr2h, status,2, status,0, tblptrl, tblptrh, tblptru, cstack
 Tracked objects:
		On entry : 
		On exit  : 
		Unchanged: 
 Data sizes:     COMRAM   BANK0   BANK1   BANK2   BANK3   BANK4   BANK5   BANK6   BANK7   BANK8   BANK9  BANK10  BANK11  BANK12  BANK13  BANK14  BANK15
      Params:         6       0       0       0       0       0       0       0       0       0       0       0       0       0       0       0       0
      Locals:         8       0       0       0       0       0       0       0       0       0       0       0       0       0       0       0       0
      Temps:          2       0       0       0       0       0       0       0       0       0       0       0       0       0       0       0       0
      Totals:        16       0       0       0       0       0       0       0       0       0       0       0       0       0       0       0       0
Total ram usage:       16 bytes
 Hardware stack levels used:    1
 Hardware stack levels required when called:    7
 This function calls:
		_dtoa
		_fputc
 This function is called by:
		_vfprintf
 This function uses a non-reentrant model


 *************** function _dtoa *****************
 Defined at:
		line 287 in file "/opt/microchip/xc8/v2.30/pic/sources/c99/common/doprnt.c"
 Parameters:    Size  Location     Type
  fp              2   30[COMRAM] PTR struct _IO_FILE
		 -> sprintf@f(6), 
  d               8   32[COMRAM] long long 
 Auto vars:     Size  Location     Type
  n               8   56[COMRAM] long long 
  i               2   64[COMRAM] int 
  s               2   54[COMRAM] int 
  w               2   52[COMRAM] int 
  p               2   50[COMRAM] int 
 Return value:  Size  Location     Type
                  2   30[COMRAM] int 
 Registers used:
		wreg, fsr1l, fsr1h, fsr2l, fsr2h, status,2, status,0, cstack
 Tracked objects:
		On entry : 
		On exit  : 
		Unchanged: 
 Data sizes:     COMRAM   BANK0   BANK1   BANK2   BANK3   BANK4   BANK5   BANK6   BANK7   BANK8   BANK9  BANK10  BANK11  BANK12  BANK13  BANK14  BANK15
      Params:        10       0       0       0       0       0       0       0       0       0       0       0       0       0       0       0       0
      Locals:        18       0       0       0       0       0       0       0       0       0       0       0       0       0       0       0       0
      Temps:          8       0       0       0       0       0       0       0       0       0       0       0       0       0       0       0       0
      Totals:        36       0       0       0       0       0       0       0       0       0       0       0       0       0       0       0       0
Total ram usage:       36 bytes
 Hardware stack levels used:    1
 Hardware stack levels required when called:    6
 This function calls:
		___aodiv
		___aomod
		_abs
		_pad
 This function is called by:
		_vfpfcnvrt
 This function uses a non-reentrant model


 *************** function _pad *****************
 Defined at:
		line 72 in file "/opt/microchip/xc8/v2.30/pic/sources/c99/common/doprnt.c"
 Parameters:    Size  Location     Type
  fp              2   19[COMRAM] PTR struct _IO_FILE
		 -> sprintf@f(6), 
  buf             2   21[COMRAM] PTR unsigned char 
		 -> dbuf(32), 
  p               2   23[COMRAM] int 
 Auto vars:     Size  Location     Type
  w               2   28[COMRAM] int 
  i               2   26[COMRAM] int 
 Return value:  Size  Location     Type
                  2   19[COMRAM] int 
 Registers used:
		wreg, fsr1l, fsr1h, fsr2l, fsr2h, status,2, status,0, cstack
 Tracked objects:
		On entry : 
		On exit  : 
		Unchanged: 
 Data sizes:     COMRAM   BANK0   BANK1   BANK2   BANK3   BANK4   BANK5   BANK6   BANK7   BANK8   BANK9  BANK10  BANK11  BANK12  BANK13  BANK14  BANK15
      Params:         6       0       0       0       0       0       0       0       0       0       0       0       0       0       0       0       0
      Locals:         4       0       0       0       0       0       0       0       0       0       0       0       0       0       0       0       0
      Temps:          1       0       0       0       0       0       0       0       0       0       0       0       0       0       0       0       0
      Totals:        11       0       0       0       0       0       0       0       0       0       0       0       0       0       0       0       0
Total ram usage:       11 bytes
 Hardware stack levels used:    1
 Hardware stack levels required when called:    5
 This function calls:
		_fputc
		_fputs
		_strlen
 This function is called by:
		_dtoa
 This function uses a non-reentrant model


 *************** function _strlen *****************
 Defined at:
		line 5 in file "/opt/microchip/xc8/v2.30/pic/sources/c99/common/strlen.c"
 Parameters:    Size  Location     Type
  s               2    3[COMRAM] PTR const unsigned char 
		 -> dbuf(32), 
 Auto vars:     Size  Location     Type
  a               2    5[COMRAM] PTR const unsigned char 
		 -> dbuf(32), 
 Return value:  Size  Location     Type
                  2    3[COMRAM] unsigned int 
 Registers used:
		wreg, fsr2l, fsr2h, status,2, status,0
 Tracked objects:
		On entry : 
		On exit  : 
		Unchanged: 
 Data sizes:     COMRAM   BANK0   BANK1   BANK2   BANK3   BANK4   BANK5   BANK6   BANK7   BANK8   BANK9  BANK10  BANK11  BANK12  BANK13  BANK14  BANK15
      Params:         2       0       0       0       0       0       0       0       0       0       0       0       0       0       0       0       0
      Locals:         2       0       0       0       0       0       0       0       0       0       0       0       0       0       0       0       0
      Temps:          0       0       0       0       0       0       0       0       0       0       0       0       0       0       0       0       0
      Totals:         4       0       0       0       0       0       0       0       0       0       0       0       0       0       0       0       0
Total ram usage:        4 bytes
 Hardware stack levels used:    1
 Hardware stack levels required when called:    2
 This function calls:
		Nothing
 This function is called by:
		_pad
 This function uses a non-reentrant model


 *************** function _fputs *****************
 Defined at:
		line 8 in file "/opt/microchip/xc8/v2.30/pic/sources/c99/common/nf_fputs.c"
 Parameters:    Size  Location     Type
  s               2   12[COMRAM] PTR const unsigned char 
		 -> dbuf(32), 
  fp              2   14[COMRAM] PTR struct _IO_FILE
		 -> sprintf@f(6), 
 Auto vars:     Size  Location     Type
  i               2   17[COMRAM] int 
  c               1   16[COMRAM] unsigned char 
 Return value:  Size  Location     Type
                  2   12[COMRAM] int 
 Registers used:
		wreg, fsr1l, fsr1h, fsr2l, fsr2h, status,2, status,0, cstack
 Tracked objects:
		On entry : 
		On exit  : 
		Unchanged: 
 Data sizes:     COMRAM   BANK0   BANK1   BANK2   BANK3   BANK4   BANK5   BANK6   BANK7   BANK8   BANK9  BANK10  BANK11  BANK12  BANK13  BANK14  BANK15
      Params:         4       0       0       0       0       0       0       0       0       0       0       0       0       0       0       0       0
      Locals:         3       0       0       0       0       0       0       0       0       0       0       0       0       0       0       0       0
      Temps:          0       0       0       0       0       0       0       0       0       0       0       0       0       0       0       0       0
      Totals:         7       0       0       0       0       0       0       0       0       0       0       0       0       0       0       0       0
Total ram usage:        7 bytes
 Hardware stack levels used:    1
 Hardware stack levels required when called:    4
 This function calls:
		_fputc
 This function is called by:
		_pad
 This function uses a non-reentrant model


 *************** function _fputc *****************
 Defined at:
		line 8 in file "/opt/microchip/xc8/v2.30/pic/sources/c99/common/nf_fputc.c"
 Parameters:    Size  Location     Type
  c               2    3[COMRAM] int 
  fp              2    5[COMRAM] PTR struct _IO_FILE
		 -> sprintf@f(6), 
 Auto vars:     Size  Location     Type
		None
 Return value:  Size  Location     Type
                  2    3[COMRAM] int 
 Registers used:
		wreg, fsr1l, fsr1h, fsr2l, fsr2h, status,2, status,0, cstack
 Tracked objects:
		On entry : 
		On exit  : 
		Unchanged: 
 Data sizes:     COMRAM   BANK0   BANK1   BANK2   BANK3   BANK4   BANK5   BANK6   BANK7   BANK8   BANK9  BANK10  BANK11  BANK12  BANK13  BANK14  BANK15
      Params:         4       0       0       0       0       0       0       0       0       0       0       0       0       0       0       0       0
      Locals:         0       0       0       0       0       0       0       0       0       0       0       0       0       0       0       0       0
      Temps:          5       0       0       0       0       0       0       0       0       0       0       0       0       0       0       0       0
      Totals:         9       0       0       0       0       0       0       0       0       0       0       0       0       0       0       0       0
Total ram usage:        9 bytes
 Hardware stack levels used:    1
 Hardware stack levels required when called:    3
 This function calls:
		_putch
 This function is called by:
		_pad
		_vfpfcnvrt
		_fputs
 This function uses a non-reentrant model


 *************** function _putch *****************
 Defined at:
		line 7 in file "/opt/microchip/xc8/v2.30/pic/sources/c99/common/putch.c"
 Parameters:    Size  Location     Type
  c               1    wreg     unsigned char 
 Auto vars:     Size  Location     Type
  c               1    0[COMRAM] unsigned char 
 Return value:  Size  Location     Type
                  1    wreg      void 
 Registers used:
		wreg
 Tracked objects:
		On entry : 
		On exit  : 
		Unchanged: 
 Data sizes:     COMRAM   BANK0   BANK1   BANK2   BANK3   BANK4   BANK5   BANK6   BANK7   BANK8   BANK9  BANK10  BANK11  BANK12  BANK13  BANK14  BANK15
      Params:         0       0       0       0       0       0       0       0       0       0       0       0       0       0       0       0       0
      Locals:         0       0       0       0       0       0       0       0       0       0       0       0       0       0       0       0       0
      Temps:          0       0       0       0       0       0       0       0       0       0       0       0       0       0       0       0       0
      Totals:         0       0       0       0       0       0       0       0       0       0       0       0       0       0       0       0       0
Total ram usage:        0 bytes
 Hardware stack levels used:    1
 Hardware stack levels required when called:    2
 This function calls:
		Nothing
 This function is called by:
		_fputc
 This function uses a non-reentrant model


 *************** function _abs *****************
 Defined at:
		line 1 in file "/opt/microchip/xc8/v2.30/pic/sources/c99/common/abs.c"
 Parameters:    Size  Location     Type
  a               2   21[COMRAM] int 
 Auto vars:     Size  Location     Type
		None
 Return value:  Size  Location     Type
                  2   21[COMRAM] int 
 Registers used:
		wreg, status,2, status,0
 Tracked objects:
		On entry : 
		On exit  : 
		Unchanged: 
 Data sizes:     COMRAM   BANK0   BANK1   BANK2   BANK3   BANK4   BANK5   BANK6   BANK7   BANK8   BANK9  BANK10  BANK11  BANK12  BANK13  BANK14  BANK15
      Params:         2       0       0       0       0       0       0       0       0       0       0       0       0       0       0       0       0
      Locals:         0       0       0       0       0       0       0       0       0       0       0       0       0       0       0       0       0
      Temps:          2       0       0       0       0       0       0       0       0       0       0       0       0       0       0       0       0
      Totals:         4       0       0       0       0       0       0       0       0       0       0       0       0       0       0       0       0
Total ram usage:        4 bytes
 Hardware stack levels used:    1
 Hardware stack levels required when called:    2
 This function calls:
		Nothing
 This function is called by:
		_dtoa
 This function uses a non-reentrant model


 *************** function ___aomod *****************
 Defined at:
		line 9 in file "/opt/microchip/xc8/v2.30/pic/sources/c99/common/aomod.c"
 Parameters:    Size  Location     Type
  dividend        8    3[COMRAM] long long 
  divisor         8   11[COMRAM] long long 
 Auto vars:     Size  Location     Type
  sign            1   20[COMRAM] unsigned char 
  counter         1   19[COMRAM] unsigned char 
 Return value:  Size  Location     Type
                  8    3[COMRAM] long long 
 Registers used:
		wreg, status,2, status,0
 Tracked objects:
		On entry : 
		On exit  : 
		Unchanged: 
 Data sizes:     COMRAM   BANK0   BANK1   BANK2   BANK3   BANK4   BANK5   BANK6   BANK7   BANK8   BANK9  BANK10  BANK11  BANK12  BANK13  BANK14  BANK15
      Params:        16       0       0       0       0       0       0       0       0       0       0       0       0       0       0       0       0
      Locals:         2       0       0       0       0       0       0       0       0       0       0       0       0       0       0       0       0
      Temps:          0       0       0       0       0       0       0       0       0       0       0       0       0       0       0       0       0
      Totals:        18       0       0       0       0       0       0       0       0       0       0       0       0       0       0       0       0
Total ram usage:       18 bytes
 Hardware stack levels used:    1
 Hardware stack levels required when called:    2
 This function calls:
		Nothing
 This function is called by:
		_dtoa
 This function uses a non-reentrant model


 *************** function ___aodiv *****************
 Defined at:
		line 9 in file "/opt/microchip/xc8/v2.30/pic/sources/c99/common/aodiv.c"
 Parameters:    Size  Location     Type
  dividend        8    3[COMRAM] long long 
  divisor         8   11[COMRAM] long long 
 Auto vars:     Size  Location     Type
  quotient        8   21[COMRAM] long long 
  sign            1   20[COMRAM] unsigned char 
  counter         1   19[COMRAM] unsigned char 
 Return value:  Size  Location     Type
                  8    3[COMRAM] long long 
 Registers used:
		wreg, fsr2l, fsr2h, status,2, status,0
 Tracked objects:
		On entry : 
		On exit  : 
		Unchanged: 
 Data sizes:     COMRAM   BANK0   BANK1   BANK2   BANK3   BANK4   BANK5   BANK6   BANK7   BANK8   BANK9  BANK10  BANK11  BANK12  BANK13  BANK14  BANK15
      Params:        16       0       0       0       0       0       0       0       0       0       0       0       0       0       0       0       0
      Locals:        10       0       0       0       0       0       0       0       0       0       0       0       0       0       0       0       0
      Temps:          0       0       0       0       0       0       0       0       0       0       0       0       0       0       0       0       0
      Totals:        26       0       0       0       0       0       0       0       0       0       0       0       0       0       0       0       0
Total ram usage:       26 bytes
 Hardware stack levels used:    1
 Hardware stack levels required when called:    2
 This function calls:
		Nothing
 This function is called by:
		_dtoa
 This function uses a non-reentrant model


 *************** function _LCDStr *****************
 Defined at:
		line 105 in file "./lcd.h"
 Parameters:    Size  Location     Type
  str             2    7[COMRAM] PTR const unsigned char 
		 -> main@arr(5), 
 Auto vars:     Size  Location     Type
  i               1    9[COMRAM] unsigned char 
 Return value:  Size  Location     Type
                  1    wreg      void 
 Registers used:
		wreg, fsr2l, fsr2h, status,2, status,0, cstack
 Tracked objects:
		On entry : 
		On exit  : 
		Unchanged: 
 Data sizes:     COMRAM   BANK0   BANK1   BANK2   BANK3   BANK4   BANK5   BANK6   BANK7   BANK8   BANK9  BANK10  BANK11  BANK12  BANK13  BANK14  BANK15
      Params:         2       0       0       0       0       0       0       0       0       0       0       0       0       0       0       0       0
      Locals:         1       0       0       0       0       0       0       0       0       0       0       0       0       0       0       0       0
      Temps:          0       0       0       0       0       0       0       0       0       0       0       0       0       0       0       0       0
      Totals:         3       0       0       0       0       0       0       0       0       0       0       0       0       0       0       0       0
Total ram usage:        3 bytes
 Hardware stack levels used:    1
 Hardware stack levels required when called:    4
 This function calls:
		_LCDDat
		_LCDGoto
 This function is called by:
		_main
 This function uses a non-reentrant model


 *************** function _InitLCD *****************
 Defined at:
		line 122 in file "./lcd.h"
 Parameters:    Size  Location     Type
		None
 Auto vars:     Size  Location     Type
		None
 Return value:  Size  Location     Type
                  1    wreg      void 
 Registers used:
		wreg, status,2, cstack
 Tracked objects:
		On entry : 
		On exit  : 
		Unchanged: 
 Data sizes:     COMRAM   BANK0   BANK1   BANK2   BANK3   BANK4   BANK5   BANK6   BANK7   BANK8   BANK9  BANK10  BANK11  BANK12  BANK13  BANK14  BANK15
      Params:         0       0       0       0       0       0       0       0       0       0       0       0       0       0       0       0       0
      Locals:         0       0       0       0       0       0       0       0       0       0       0       0       0       0       0       0       0
      Temps:          0       0       0       0       0       0       0       0       0       0       0       0       0       0       0       0       0
      Totals:         0       0       0       0       0       0       0       0       0       0       0       0       0       0       0       0       0
Total ram usage:        0 bytes
 Hardware stack levels used:    1
 Hardware stack levels required when called:    3
 This function calls:
		_LCDCmd
 This function is called by:
		_main
 This function uses a non-reentrant model


 *************** function _InitInterrupts *****************
 Defined at:
		line 132 in file "main.c"
 Parameters:    Size  Location     Type
		None
 Auto vars:     Size  Location     Type
		None
 Return value:  Size  Location     Type
                  1    wreg      void 
 Registers used:
		wreg, status,2
 Tracked objects:
		On entry : 
		On exit  : 
		Unchanged: 
 Data sizes:     COMRAM   BANK0   BANK1   BANK2   BANK3   BANK4   BANK5   BANK6   BANK7   BANK8   BANK9  BANK10  BANK11  BANK12  BANK13  BANK14  BANK15
      Params:         0       0       0       0       0       0       0       0       0       0       0       0       0       0       0       0       0
      Locals:         0       0       0       0       0       0       0       0       0       0       0       0       0       0       0       0       0
      Temps:          0       0       0       0       0       0       0       0       0       0       0       0       0       0       0       0       0
      Totals:         0       0       0       0       0       0       0       0       0       0       0       0       0       0       0       0       0
Total ram usage:        0 bytes
 Hardware stack levels used:    1
 Hardware stack levels required when called:    2
 This function calls:
		Nothing
 This function is called by:
		_main
 This function uses a non-reentrant model


 *************** function _AddCustomCharacters *****************
 Defined at:
		line 159 in file "./lcd.h"
 Parameters:    Size  Location     Type
		None
 Auto vars:     Size  Location     Type
		None
 Return value:  Size  Location     Type
                  1    wreg      void 
 Registers used:
		wreg, fsr2l, fsr2h, status,2, status,0, prodl, prodh, cstack
 Tracked objects:
		On entry : 
		On exit  : 
		Unchanged: 
 Data sizes:     COMRAM   BANK0   BANK1   BANK2   BANK3   BANK4   BANK5   BANK6   BANK7   BANK8   BANK9  BANK10  BANK11  BANK12  BANK13  BANK14  BANK15
      Params:         0       0       0       0       0       0       0       0       0       0       0       0       0       0       0       0       0
      Locals:         0       0       0       0       0       0       0       0       0       0       0       0       0       0       0       0       0
      Temps:          0       0       0       0       0       0       0       0       0       0       0       0       0       0       0       0       0
      Totals:         0       0       0       0       0       0       0       0       0       0       0       0       0       0       0       0       0
Total ram usage:        0 bytes
 Hardware stack levels used:    1
 Hardware stack levels required when called:    5
 This function calls:
		_LCDAddSpecialCharacter
 This function is called by:
		_main
 This function uses a non-reentrant model


 *************** function _LCDAddSpecialCharacter *****************
 Defined at:
		line 143 in file "./lcd.h"
 Parameters:    Size  Location     Type
  character_in    1    wreg     unsigned char 
  data            2    7[COMRAM] PTR unsigned char 
		 -> frisbee_target(8), frisbeeChar(8), selected_teamB_player_with_frisbee(8), selected_teamA_player_with_frisbee(8), 
		 -> selected_teamB_player(8), selected_teamA_player(8), teamB_player(8), teamA_player(8), 
 Auto vars:     Size  Location     Type
  character_in    1    9[COMRAM] unsigned char 
  i               1   10[COMRAM] unsigned char 
 Return value:  Size  Location     Type
                  1    wreg      void 
 Registers used:
		wreg, fsr2l, fsr2h, status,2, status,0, prodl, prodh, cstack
 Tracked objects:
		On entry : 
		On exit  : 
		Unchanged: 
 Data sizes:     COMRAM   BANK0   BANK1   BANK2   BANK3   BANK4   BANK5   BANK6   BANK7   BANK8   BANK9  BANK10  BANK11  BANK12  BANK13  BANK14  BANK15
      Params:         2       0       0       0       0       0       0       0       0       0       0       0       0       0       0       0       0
      Locals:         2       0       0       0       0       0       0       0       0       0       0       0       0       0       0       0       0
      Temps:          0       0       0       0       0       0       0       0       0       0       0       0       0       0       0       0       0
      Totals:         4       0       0       0       0       0       0       0       0       0       0       0       0       0       0       0       0
Total ram usage:        4 bytes
 Hardware stack levels used:    1
 Hardware stack levels required when called:    4
 This function calls:
		_LCDCmd
		_LCDDat
		_LCDGoto
 This function is called by:
		_AddCustomCharacters
 This function uses a non-reentrant model


 *************** function _LCDGoto *****************
 Defined at:
		line 86 in file "./lcd.h"
 Parameters:    Size  Location     Type
  p_2             1    wreg     unsigned char 
  p_1             1    5[COMRAM] unsigned char 
 Auto vars:     Size  Location     Type
  p_2             1    6[COMRAM] unsigned char 
 Return value:  Size  Location     Type
                  1    wreg      void 
 Registers used:
		wreg, status,2, status,0, cstack
 Tracked objects:
		On entry : 
		On exit  : 
		Unchanged: 
 Data sizes:     COMRAM   BANK0   BANK1   BANK2   BANK3   BANK4   BANK5   BANK6   BANK7   BANK8   BANK9  BANK10  BANK11  BANK12  BANK13  BANK14  BANK15
      Params:         1       0       0       0       0       0       0       0       0       0       0       0       0       0       0       0       0
      Locals:         1       0       0       0       0       0       0       0       0       0       0       0       0       0       0       0       0
      Temps:          0       0       0       0       0       0       0       0       0       0       0       0       0       0       0       0       0
      Totals:         2       0       0       0       0       0       0       0       0       0       0       0       0       0       0       0       0
Total ram usage:        2 bytes
 Hardware stack levels used:    1
 Hardware stack levels required when called:    3
 This function calls:
		_LCDCmd
 This function is called by:
		_LCDStr
		_LCDAddSpecialCharacter
		_main
 This function uses a non-reentrant model


 *************** function _LCDCmd *****************
 Defined at:
		line 62 in file "./lcd.h"
 Parameters:    Size  Location     Type
  cmd             1    wreg     unsigned char 
 Auto vars:     Size  Location     Type
  cmd             1    4[COMRAM] unsigned char 
 Return value:  Size  Location     Type
                  1    wreg      void 
 Registers used:
		wreg
 Tracked objects:
		On entry : 
		On exit  : 
		Unchanged: 
 Data sizes:     COMRAM   BANK0   BANK1   BANK2   BANK3   BANK4   BANK5   BANK6   BANK7   BANK8   BANK9  BANK10  BANK11  BANK12  BANK13  BANK14  BANK15
      Params:         0       0       0       0       0       0       0       0       0       0       0       0       0       0       0       0       0
      Locals:         1       0       0       0       0       0       0       0       0       0       0       0       0       0       0       0       0
      Temps:          1       0       0       0       0       0       0       0       0       0       0       0       0       0       0       0       0
      Totals:         2       0       0       0       0       0       0       0       0       0       0       0       0       0       0       0       0
Total ram usage:        2 bytes
 Hardware stack levels used:    1
 Hardware stack levels required when called:    2
 This function calls:
		Nothing
 This function is called by:
		_LCDGoto
		_InitLCD
		_LCDAddSpecialCharacter
 This function uses a non-reentrant model


 *************** function _LCDDat *****************
 Defined at:
		line 72 in file "./lcd.h"
 Parameters:    Size  Location     Type
  dat             1    wreg     unsigned char 
 Auto vars:     Size  Location     Type
  dat             1    4[COMRAM] unsigned char 
 Return value:  Size  Location     Type
                  1    wreg      void 
 Registers used:
		wreg
 Tracked objects:
		On entry : 
		On exit  : 
		Unchanged: 
 Data sizes:     COMRAM   BANK0   BANK1   BANK2   BANK3   BANK4   BANK5   BANK6   BANK7   BANK8   BANK9  BANK10  BANK11  BANK12  BANK13  BANK14  BANK15
      Params:         0       0       0       0       0       0       0       0       0       0       0       0       0       0       0       0       0
      Locals:         1       0       0       0       0       0       0       0       0       0       0       0       0       0       0       0       0
      Temps:          1       0       0       0       0       0       0       0       0       0       0       0       0       0       0       0       0
      Totals:         2       0       0       0       0       0       0       0       0       0       0       0       0       0       0       0       0
Total ram usage:        2 bytes
 Hardware stack levels used:    1
 Hardware stack levels required when called:    2
 This function calls:
		Nothing
 This function is called by:
		_LCDStr
		_LCDAddSpecialCharacter
		_main
 This function uses a non-reentrant model


 *************** function _highIsr *****************
 Defined at:
		line 27 in file "main.c"
 Parameters:    Size  Location     Type
		None
 Auto vars:     Size  Location     Type
  portbVals       1    2[COMRAM] unsigned char 
 Return value:  Size  Location     Type
                  1    wreg      void 
 Registers used:
		wreg, status,2, status,0, cstack
 Tracked objects:
		On entry : 
		On exit  : 
		Unchanged: 
 Data sizes:     COMRAM   BANK0   BANK1   BANK2   BANK3   BANK4   BANK5   BANK6   BANK7   BANK8   BANK9  BANK10  BANK11  BANK12  BANK13  BANK14  BANK15
      Params:         0       0       0       0       0       0       0       0       0       0       0       0       0       0       0       0       0
      Locals:         1       0       0       0       0       0       0       0       0       0       0       0       0       0       0       0       0
      Temps:          2       0       0       0       0       0       0       0       0       0       0       0       0       0       0       0       0
      Totals:         3       0       0       0       0       0       0       0       0       0       0       0       0       0       0       0       0
Total ram usage:        3 bytes
 Hardware stack levels used:    1
 Hardware stack levels required when called:    1
 This function calls:
		_SetupDebouncingTimer
		_down
		_left
		_right
		_up
 This function is called by:
		Interrupt level 2
 This function uses a non-reentrant model


 *************** function _up *****************
 Defined at:
		line 190 in file "main.c"
 Parameters:    Size  Location     Type
		None
 Auto vars:     Size  Location     Type
		None
 Return value:  Size  Location     Type
                  1    wreg      void 
 Registers used:
		status,2, status,0
 Tracked objects:
		On entry : 
		On exit  : 
		Unchanged: 
 Data sizes:     COMRAM   BANK0   BANK1   BANK2   BANK3   BANK4   BANK5   BANK6   BANK7   BANK8   BANK9  BANK10  BANK11  BANK12  BANK13  BANK14  BANK15
      Params:         0       0       0       0       0       0       0       0       0       0       0       0       0       0       0       0       0
      Locals:         0       0       0       0       0       0       0       0       0       0       0       0       0       0       0       0       0
      Temps:          0       0       0       0       0       0       0       0       0       0       0       0       0       0       0       0       0
      Totals:         0       0       0       0       0       0       0       0       0       0       0       0       0       0       0       0       0
Total ram usage:        0 bytes
 Hardware stack levels used:    1
 This function calls:
		Nothing
 This function is called by:
		_highIsr
 This function uses a non-reentrant model


 *************** function _right *****************
 Defined at:
		line 186 in file "main.c"
 Parameters:    Size  Location     Type
		None
 Auto vars:     Size  Location     Type
		None
 Return value:  Size  Location     Type
                  1    wreg      void 
 Registers used:
		status,2, status,0
 Tracked objects:
		On entry : 
		On exit  : 
		Unchanged: 
 Data sizes:     COMRAM   BANK0   BANK1   BANK2   BANK3   BANK4   BANK5   BANK6   BANK7   BANK8   BANK9  BANK10  BANK11  BANK12  BANK13  BANK14  BANK15
      Params:         0       0       0       0       0       0       0       0       0       0       0       0       0       0       0       0       0
      Locals:         0       0       0       0       0       0       0       0       0       0       0       0       0       0       0       0       0
      Temps:          0       0       0       0       0       0       0       0       0       0       0       0       0       0       0       0       0
      Totals:         0       0       0       0       0       0       0       0       0       0       0       0       0       0       0       0       0
Total ram usage:        0 bytes
 Hardware stack levels used:    1
 This function calls:
		Nothing
 This function is called by:
		_highIsr
 This function uses a non-reentrant model


 *************** function _left *****************
 Defined at:
		line 182 in file "main.c"
 Parameters:    Size  Location     Type
		None
 Auto vars:     Size  Location     Type
		None
 Return value:  Size  Location     Type
                  1    wreg      void 
 Registers used:
		status,2, status,0
 Tracked objects:
		On entry : 
		On exit  : 
		Unchanged: 
 Data sizes:     COMRAM   BANK0   BANK1   BANK2   BANK3   BANK4   BANK5   BANK6   BANK7   BANK8   BANK9  BANK10  BANK11  BANK12  BANK13  BANK14  BANK15
      Params:         0       0       0       0       0       0       0       0       0       0       0       0       0       0       0       0       0
      Locals:         0       0       0       0       0       0       0       0       0       0       0       0       0       0       0       0       0
      Temps:          0       0       0       0       0       0       0       0       0       0       0       0       0       0       0       0       0
      Totals:         0       0       0       0       0       0       0       0       0       0       0       0       0       0       0       0       0
Total ram usage:        0 bytes
 Hardware stack levels used:    1
 This function calls:
		Nothing
 This function is called by:
		_highIsr
 This function uses a non-reentrant model


 *************** function _down *****************
 Defined at:
		line 194 in file "main.c"
 Parameters:    Size  Location     Type
		None
 Auto vars:     Size  Location     Type
		None
 Return value:  Size  Location     Type
                  1    wreg      void 
 Registers used:
		status,2, status,0
 Tracked objects:
		On entry : 
		On exit  : 
		Unchanged: 
 Data sizes:     COMRAM   BANK0   BANK1   BANK2   BANK3   BANK4   BANK5   BANK6   BANK7   BANK8   BANK9  BANK10  BANK11  BANK12  BANK13  BANK14  BANK15
      Params:         0       0       0       0       0       0       0       0       0       0       0       0       0       0       0       0       0
      Locals:         0       0       0       0       0       0       0       0       0       0       0       0       0       0       0       0       0
      Temps:          0       0       0       0       0       0       0       0       0       0       0       0       0       0       0       0       0
      Totals:         0       0       0       0       0       0       0       0       0       0       0       0       0       0       0       0       0
Total ram usage:        0 bytes
 Hardware stack levels used:    1
 This function calls:
		Nothing
 This function is called by:
		_highIsr
 This function uses a non-reentrant model


 *************** function _SetupDebouncingTimer *****************
 Defined at:
		line 175 in file "main.c"
 Parameters:    Size  Location     Type
		None
 Auto vars:     Size  Location     Type
		None
 Return value:  Size  Location     Type
                  1    wreg      void 
 Registers used:
		wreg, status,2
 Tracked objects:
		On entry : 
		On exit  : 
		Unchanged: 
 Data sizes:     COMRAM   BANK0   BANK1   BANK2   BANK3   BANK4   BANK5   BANK6   BANK7   BANK8   BANK9  BANK10  BANK11  BANK12  BANK13  BANK14  BANK15
      Params:         0       0       0       0       0       0       0       0       0       0       0       0       0       0       0       0       0
      Locals:         0       0       0       0       0       0       0       0       0       0       0       0       0       0       0       0       0
      Temps:          0       0       0       0       0       0       0       0       0       0       0       0       0       0       0       0       0
      Totals:         0       0       0       0       0       0       0       0       0       0       0       0       0       0       0       0       0
Total ram usage:        0 bytes
 Hardware stack levels used:    1
 This function calls:
		Nothing
 This function is called by:
		_highIsr
 This function uses a non-reentrant model



MODULE INFORMATION

Module		Function		Class		Link	Load	Size
/opt/microchip/xc8/v2.30/pic/sources/c99/common/nf_fputc.c
		_fputc         		CODE           	19CE	0000	202

/opt/microchip/xc8/v2.30/pic/sources/c99/common/nf_fputc.c estimated size: 202

/opt/microchip/xc8/v2.30/pic/sources/c99/common/aomod.c
		___aomod       		CODE           	1620	0000	356

/opt/microchip/xc8/v2.30/pic/sources/c99/common/aomod.c estimated size: 356

/opt/microchip/xc8/v2.30/pic/sources/c99/common/strlen.c
		_strlen        		CODE           	1F3A	0000	54

/opt/microchip/xc8/v2.30/pic/sources/c99/common/strlen.c estimated size: 54

./lcd.h
		_AddCustomCharacters		CODE           	1C42	0000	114
		_LCDCmd        		CODE           	1FD4	0000	48
		_LCDStr        		CODE           	1B5A	0000	116
		_InitLCD       		CODE           	1F70	0000	50
		_LCDDat        		CODE           	1FA2	0000	50
		_LCDAddSpecialCharacter		CODE           	1E78	0000	66
		_LCDGoto       		CODE           	1BCE	0000	116

./lcd.h estimated size: 560

/opt/microchip/xc8/v2.30/pic/sources/c99/common/putch.c
		_putch         		CODE           	2032	0000	2

/opt/microchip/xc8/v2.30/pic/sources/c99/common/putch.c estimated size: 2

/opt/microchip/xc8/v2.30/pic/sources/c99/common/doprnt.c
		_vfpfcnvrt     		CODE           	12E4	0000	436
		_pad           		CODE           	1A98	0000	194
		_dtoa          		CODE           	1006	0000	734
		_vfprintf      		CODE           	1D84	0000	98

/opt/microchip/xc8/v2.30/pic/sources/c99/common/doprnt.c estimated size: 1462

/opt/microchip/xc8/v2.30/pic/sources/c99/common/nf_sprintf.c
		_sprintf       		CODE           	1DE6	0000	78

/opt/microchip/xc8/v2.30/pic/sources/c99/common/nf_sprintf.c estimated size: 78

/opt/microchip/xc8/v2.30/pic/sources/c99/common/aodiv.c
		___aodiv       		CODE           	1498	0000	392

/opt/microchip/xc8/v2.30/pic/sources/c99/common/aodiv.c estimated size: 392

/opt/microchip/xc8/v2.30/pic/sources/c99/common/nf_fputs.c
		_fputs         		CODE           	1E34	0000	68

/opt/microchip/xc8/v2.30/pic/sources/c99/common/nf_fputs.c estimated size: 68

shared
		__initialization		CODE           	1CB4	0000	92

shared estimated size: 92

main.c
		_down          		CODE           	201C	0000	8
		_InitInterrupts		CODE           	1D1E	0000	102
		_main          		CODE           	1784	0000	326
		_highIsr       		CODE           	0008	0000	266
		_up            		CODE           	2014	0000	8
		_left          		CODE           	202A	0000	6
		_right         		CODE           	2024	0000	6
		_SetupDebouncingTimer		CODE           	2004	0000	16

main.c estimated size: 738

/opt/microchip/xc8/v2.30/pic/sources/c99/common/abs.c
		_abs           		CODE           	1EFA	0000	64

/opt/microchip/xc8/v2.30/pic/sources/c99/common/abs.c estimated size: 64

