Microchip MPLAB XC8 Compiler V2.30

Linker command line:

-W-3 --edf=/opt/microchip/xc8/v2.30/pic/dat/en_msgs.txt -cn \
  -h+dist/18F4620/debug/THE3.X.debug.sym \
  --cmf=dist/18F4620/debug/THE3.X.debug.cmf -z -Q18F4620 -o/tmp/xcXnOgjiA \
  --defsym=__MPLAB_BUILD=1 -Mdist/18F4620/debug/THE3.X.debug.map -E1 \
  -ver=XC8 Compiler --acfsm=1493 -ASTACK=01D0h-0F7Fh -pstack=STACK \
  -ACODE=00h-0FFFFh -ACONST=00h-0FFFFh -ASMALLCONST=01000h-010FFhx240 \
  -AMEDIUMCONST=01000h-0FFFFh -ACOMRAM=01h-07Fh -AABS1=00h-0F7Fh \
  -ABIGRAM=01h-0F7Fh -ARAM=080h-0FFh,0100h-01FFhx14,0F00h-0F7Fh \
  -ABANK0=080h-0FFh -ABANK1=0100h-01FFh -ABANK2=0200h-02FFh \
  -ABANK3=0300h-03FFh -ABANK4=0400h-04FFh -ABANK5=0500h-05FFh \
  -ABANK6=0600h-06FFh -ABANK7=0700h-07FFh -ABANK8=0800h-08FFh \
  -ABANK9=0900h-09FFh -ABANK10=0A00h-0AFFh -ABANK11=0B00h-0BFFh \
  -ABANK12=0C00h-0CFFh -ABANK13=0D00h-0DFFh -ABANK14=0E00h-0EFFh \
  -ABANK15=0F00h-0F7Fh -ASFR=0F80h-0FFFh -ACONFIG=0300000h-030000Dh \
  -AIDLOC=0200000h-0200007h -AEEDATA=0F00000h-0F003FFh -peeprom_data=EEDATA \
  -preset_vec=00h,intcode=08h,intcodelo=018h,powerup,init -pramtop=01000h \
  -psmallconst=SMALLCONST -pmediumconst=MEDIUMCONST -pconst=CONST \
  -AFARRAM=00h-00h \
  -prdata=COMRAM,nvrram=COMRAM,nvbit=COMRAM,rbss=COMRAM,rbit=COMRAM \
  -pfarbss=FARRAM,fardata=FARRAM,nvFARRAM=FARRAM \
  -pintsave_regs=BIGRAM,bigbss=BIGRAM,bigdata=BIGRAM -pbss=RAM \
  -pidata=CODE,irdata=CODE,ibigdata=CODE,ifardata=CODE -prparam=COMRAM \
  /tmp/xcXjgjCEB.o dist/18F4620/debug/THE3.X.debug.o 

Object code version is 3.11

Machine type is 18F4620



                Name                               Link     Load   Length Selector   Space Scale
/tmp/xcXjgjCEB.o
                idloc                            200000   200000        8        0       5
                config                           300000   300000        E        0       4
                init                                 C2       C2        4        C       0
                reset_vec                             0        0        4        0       0
dist/18F4620/debug/THE3.X.debug.o
                intcodelo                            18       18       AA        C       0
                intcode                               8        8        6        4       0
                idloc                            200000   200000        8        0       5
                config                           300000   300000        E        0       4
                temp                                 68       68        1        1       1
                smallconst                         1000     1000        6      800       0
                text23                             30BA     30BA       26      803       0
                text22                             2ADA     2ADA      14C      803       0
                text21                             3112     3112       10      803       0
                text20                             2F12     2F12       64      803       0
                text19                             2EA8     2EA8       6A      803       0
                text18                             1C2E     1C2E      358      803       0
                text17                             2C26     2C26       8C      803       0
                text16                             2688     2688      232      803       0
                text15                             21E6     21E6      258      803       0
                text14                             243E     243E      24A      803       0
                text13                             1F86     1F86      260      803       0
                intcode_body                       16E6     16E6      548      803       0
                text10                             2FFA     2FFA       34      803       0
                text9                              3060     3060       32      803       0
                text8                              2DBE     2DBE       78      803       0
                text7                              2F76     2F76       4A      803       0
                text6                              2D3C     2D3C       82      803       0
                text5                              3092     3092       28      803       0
                text4                              28BA     28BA      220      803       0
                text3                              2CB2     2CB2       8A      803       0
                text2                              302E     302E       32      803       0
                text1                              1006     1006      6E0      803       0
                text0                              30E0     30E0       1C      803       0
                cstackCOMRAM                          1        1       3B        1       1
                cstackBANK0                          E4       E4       14       80       1
                cstackBANK1                         1BC      1BC       14      100       1
                bssBANK1                            100      100       BC      100       1
                dataBANK0                            80       80       3A       80       1
                bssBANK0                             BA       BA       2A       80       1
                dataCOMRAM                           52       52       16        1       1
                bssCOMRAM                            3C       3C       16        1       1
                cinit                              2E36     2E36       72      803       0
                idataBANK0                         2FC0     2FC0       3A      803       0
                idataCOMRAM                        30FC     30FC       16      803       0

TOTAL           Name                               Link     Load   Length     Space
        CLASS   STACK          

        CLASS   CODE           
                intcodelo                            18       18       AA         0
                intcode                               8        8        6         0
                init                                 C2       C2        4         0
                reset_vec                             0        0        4         0
                text23                             30BA     30BA       26         0
                text22                             2ADA     2ADA      14C         0
                text21                             3112     3112       10         0
                text20                             2F12     2F12       64         0
                text19                             2EA8     2EA8       6A         0
                text18                             1C2E     1C2E      358         0
                text17                             2C26     2C26       8C         0
                text16                             2688     2688      232         0
                text15                             21E6     21E6      258         0
                text14                             243E     243E      24A         0
                text13                             1F86     1F86      260         0
                intcode_body                       16E6     16E6      548         0
                text10                             2FFA     2FFA       34         0
                text9                              3060     3060       32         0
                text8                              2DBE     2DBE       78         0
                text7                              2F76     2F76       4A         0
                text6                              2D3C     2D3C       82         0
                text5                              3092     3092       28         0
                text4                              28BA     28BA      220         0
                text3                              2CB2     2CB2       8A         0
                text2                              302E     302E       32         0
                text1                              1006     1006      6E0         0
                text0                              30E0     30E0       1C         0
                cinit                              2E36     2E36       72         0
                idataBANK0                         2FC0     2FC0       3A         0
                idataCOMRAM                        30FC     30FC       16         0

        CLASS   CONST          

        CLASS   SMALLCONST     
                smallconst                         1000     1000        6         0

        CLASS   MEDIUMCONST    

        CLASS   COMRAM         
                temp                                 68       68        1         1
                cstackCOMRAM                          1        1       3B         1
                dataCOMRAM                           52       52       16         1
                bssCOMRAM                            3C       3C       16         1

        CLASS   ABS1           

        CLASS   BIGRAM         

        CLASS   RAM            

        CLASS   BANK0          
                cstackBANK0                          E4       E4       14         1
                dataBANK0                            80       80       3A         1
                bssBANK0                             BA       BA       2A         1

        CLASS   BANK1          
                cstackBANK1                         1BC      1BC       14         1
                bssBANK1                            100      100       BC         1

        CLASS   BANK2          

        CLASS   BANK3          

        CLASS   BANK4          

        CLASS   BANK5          

        CLASS   BANK6          

        CLASS   BANK7          

        CLASS   BANK8          

        CLASS   BANK9          

        CLASS   BANK10         

        CLASS   BANK11         

        CLASS   BANK12         

        CLASS   BANK13         

        CLASS   BANK14         

        CLASS   BANK15         

        CLASS   SFR            

        CLASS   CONFIG         
                config                           300000   300000        E         4

        CLASS   IDLOC          
                idloc                            200000   200000        8         5

        CLASS   EEDATA         

        CLASS   FARRAM         



SEGMENTS        Name                           Load    Length   Top    Selector   Space  Class

                dataBANK0                      000080  000078  0000F8        80       1  BANK0   
                reset_vec                      000000  000004  000004         0       0  CODE    
                bssBANK1                       000100  0000D0  0001D0       100       1  BANK1   
                text1                          001006  00211C  003122       803       0  CODE    
                cstackCOMRAM                   000001  000068  000069         1       1  COMRAM  
                intcode                        000008  000006  00000E         4       0  CODE    
                smallconst                     001000  000006  001006       800       0  SMALLCON
                intcodelo                      000018  0000AE  0000C6         C       0  CODE    


UNUSED ADDRESS RANGES

        Name                Unused          Largest block    Delta
        BANK0            0000F8-0000FF                8
        BANK1            0001D0-0001FF               30
        BANK10           000A00-000AFF              100
        BANK11           000B00-000BFF              100
        BANK12           000C00-000CFF              100
        BANK13           000D00-000DFF              100
        BANK14           000E00-000EFF              100
        BANK15           000F00-000F7F               80
        BANK2            000200-0002FF              100
        BANK3            000300-0003FF              100
        BANK4            000400-0004FF              100
        BANK5            000500-0005FF              100
        BANK6            000600-0006FF              100
        BANK7            000700-0007FF              100
        BANK8            000800-0008FF              100
        BANK9            000900-0009FF              100
        BIGRAM           000069-00007F               17
                         0000F8-0000FF                8
                         0001D0-000F7F              DB0
        CODE             000004-000007                4
                         00000E-000017                A
                         0000C6-000FFF              F3A
                         003122-00FFFF             CEDE
        COMRAM           000069-00007F               17
        CONST            000004-000007                4
                         00000E-000017                A
                         0000C6-000FFF              F3A
                         003122-00FFFF             CEDE
        EEDATA           F00000-F003FF              400
        MEDIUMCONST      003122-00FFFF             CEDE
        RAM              0000F8-0000FF                8
                         0001D0-000F7F              100
        SFR              000F80-000FFF               80
        SMALLCONST       003122-00FFFF              100
        STACK            0001D0-000F7F              DB0

                                  Symbol Table

?___lwmod                                                  cstackCOMRAM 000001
?___wmul                                                   cstackBANK0  0000EC
?_compute_frisbee_target_and_route                         cstackCOMRAM 00000E
?_random_generator                                         cstackCOMRAM 000006
?i2___wmul                                                 cstackCOMRAM 000001
CatchFrisbee@pl                                            cstackCOMRAM 000001
CheckIfCaughtFrisbee@i                                     cstackCOMRAM 000008
InitGameObjects@i                                          cstackBANK0  0000F2
InitGameObjects@i_841                                      cstackBANK0  0000F6
InitGameObjects@j                                          cstackBANK0  0000F4
LCDAddSpecialCharacter@character_index                     cstackBANK0  0000F2
LCDAddSpecialCharacter@data                                cstackBANK0  0000F0
LCDAddSpecialCharacter@i                                   cstackBANK0  0000F3
LCDCmd@cmd                                                 cstackBANK0  0000ED
LCDDat@dat                                                 cstackBANK0  0000ED
LCDGoto@p_1                                                cstackBANK0  0000EE
LCDGoto@p_2                                                cstackBANK0  0000EF
UpdateAndPrintDisplay@i                                    cstackBANK1  0001C6
UpdateAndPrintDisplay@i_828                                cstackBANK1  0001CA
UpdateAndPrintDisplay@i_829                                cstackBANK1  0001CC
UpdateAndPrintDisplay@i_830                                cstackBANK1  0001CE
UpdateAndPrintDisplay@j                                    cstackBANK1  0001C8
_ADCON1                                                    (abs)        000FC1
_AddCustomCharacters                                       text6        002D3C
_CatchFrisbee                                              text17       002C26
_CheckIfCaughtFrisbee                                      text22       002ADA
_INTCON2bits                                               (abs)        000FF1
_INTCON3bits                                               (abs)        000FF0
_INTCONbits                                                (abs)        000FF2
_IPR1bits                                                  (abs)        000F9F
_InitGameObjects                                           text4        0028BA
_InitInterrupts                                            text3        002CB2
_InitLCD                                                   text2        00302E
_LATA                                                      (abs)        000F89
_LATD                                                      (abs)        000F8C
_LCDAddSpecialCharacter                                    text7        002F76
_LCDCmd                                                    text9        003060
_LCDDat                                                    text10       002FFA
_LCDGoto                                                   text8        002DBE
_PIE1bits                                                  (abs)        000F9D
_PIR1bits                                                  (abs)        000F9E
_PORTA                                                     (abs)        000F80
_PORTB                                                     (abs)        000F81
_PORTD                                                     (abs)        000F83
_PORTEbits                                                 (abs)        000F84
_RCONbits                                                  (abs)        000FD0
_SetupDebouncingTimer                                      text21       003112
_T0CON                                                     (abs)        000FD5
_T0CONbits                                                 (abs)        000FD5
_T1CON                                                     (abs)        000FCD
_T1CONbits                                                 (abs)        000FCD
_T2CON                                                     (abs)        000FCA
_T3CON                                                     (abs)        000FB1
_T3CONbits                                                 (abs)        000FB1
_TMR0H                                                     (abs)        000FD7
_TMR0L                                                     (abs)        000FD6
_TMR1H                                                     (abs)        000FCF
_TMR1L                                                     (abs)        000FCE
_TMR3H                                                     (abs)        000FB3
_TMR3L                                                     (abs)        000FB2
_TRISA                                                     (abs)        000F92
_TRISB                                                     (abs)        000F93
_TRISD                                                     (abs)        000F95
_TRISEbits                                                 (abs)        000F96
_UpdateAndPrintDisplay                                     text1        001006
__HRAM                                                     (abs)        000000
__Habs1                                                    abs1         000000
__Hbank0                                                   bank0        000000
__Hbank1                                                   bank1        000000
__Hbank10                                                  bank10       000000
__Hbank11                                                  bank11       000000
__Hbank12                                                  bank12       000000
__Hbank13                                                  bank13       000000
__Hbank14                                                  bank14       000000
__Hbank15                                                  bank15       000000
__Hbank2                                                   bank2        000000
__Hbank3                                                   bank3        000000
__Hbank4                                                   bank4        000000
__Hbank5                                                   bank5        000000
__Hbank6                                                   bank6        000000
__Hbank7                                                   bank7        000000
__Hbank8                                                   bank8        000000
__Hbank9                                                   bank9        000000
__Hbigbss                                                  bigbss       000000
__Hbigdata                                                 bigdata      000000
__Hbigram                                                  bigram       000000
__Hbss                                                     bss          000000
__HbssBANK0                                                bssBANK0     000000
__HbssBANK1                                                bssBANK1     000000
__HbssCOMRAM                                               bssCOMRAM    000000
__Hcinit                                                   cinit        000000
__Hclrtext                                                 clrtext      000000
__Hcomram                                                  comram       000000
__Hconfig                                                  config       30000E
__Hconst                                                   const        000000
__HcstackBANK0                                             cstackBANK0  000000
__HcstackBANK1                                             cstackBANK1  000000
__HcstackCOMRAM                                            cstackCOMRAM 000000
__Hdata                                                    data         000000
__HdataBANK0                                               dataBANK0    000000
__HdataCOMRAM                                              dataCOMRAM   000000
__Heeprom_data                                             eeprom_data  000000
__Hfarbss                                                  farbss       000000
__Hfardata                                                 fardata      000000
__Hibigdata                                                ibigdata     000000
__Hidata                                                   idata        000000
__HidataBANK0                                              idataBANK0   000000
__HidataCOMRAM                                             idataCOMRAM  000000
__Hidloc                                                   idloc        200008
__Hifardata                                                ifardata     000000
__Hinit                                                    init         0000C6
__Hintcode                                                 intcode      00000E
__Hintcode_body                                            intcode_body 000000
__Hintcodelo                                               intcodelo    0000C2
__Hintentry                                                intentry     000000
__Hintret                                                  intret       000000
__Hintsave_regs                                            intsave_regs 000000
__Hirdata                                                  irdata       000000
__Hmediumconst                                             mediumconst  000000
__HnvFARRAM                                                nvFARRAM     000000
__Hnvbit                                                   nvbit        000000
__Hnvrram                                                  nvrram       000000
__Hparam                                                   rparam       000000
__Hpowerup                                                 powerup      0000C2
__Hram                                                     ram          000000
__Hramtop                                                  ramtop       001000
__Hrbit                                                    rbit         000000
__Hrbss                                                    rbss         000000
__Hrdata                                                   rdata        000000
__Hreset_vec                                               reset_vec    000004
__Hrparam                                                  rparam       000000
__Hsfr                                                     sfr          000000
__Hsmallconst                                              smallconst   001006
__Hspace_0                                                 (abs)        003122
__Hspace_1                                                 (abs)        0001D0
__Hspace_2                                                 (abs)        000000
__Hspace_4                                                 (abs)        60000E
__Hstack                                                   stack        000000
__Hstruct                                                  struct       000000
__Htemp                                                    temp         000069
__Htext                                                    text         000000
__Htext0                                                   text0        000000
__Htext1                                                   text1        000000
__Htext10                                                  text10       000000
__Htext13                                                  text13       000000
__Htext14                                                  text14       000000
__Htext15                                                  text15       000000
__Htext16                                                  text16       000000
__Htext17                                                  text17       000000
__Htext18                                                  text18       000000
__Htext19                                                  text19       000000
__Htext2                                                   text2        000000
__Htext20                                                  text20       000000
__Htext21                                                  text21       000000
__Htext22                                                  text22       000000
__Htext23                                                  text23       000000
__Htext3                                                   text3        000000
__Htext4                                                   text4        000000
__Htext5                                                   text5        000000
__Htext6                                                   text6        000000
__Htext7                                                   text7        000000
__Htext8                                                   text8        000000
__Htext9                                                   text9        000000
__LRAM                                                     (abs)        000001
__Labs1                                                    abs1         000000
__Lbank0                                                   bank0        000000
__Lbank1                                                   bank1        000000
__Lbank10                                                  bank10       000000
__Lbank11                                                  bank11       000000
__Lbank12                                                  bank12       000000
__Lbank13                                                  bank13       000000
__Lbank14                                                  bank14       000000
__Lbank15                                                  bank15       000000
__Lbank2                                                   bank2        000000
__Lbank3                                                   bank3        000000
__Lbank4                                                   bank4        000000
__Lbank5                                                   bank5        000000
__Lbank6                                                   bank6        000000
__Lbank7                                                   bank7        000000
__Lbank8                                                   bank8        000000
__Lbank9                                                   bank9        000000
__Lbigbss                                                  bigbss       000000
__Lbigdata                                                 bigdata      000000
__Lbigram                                                  bigram       000000
__Lbss                                                     bss          000000
__LbssBANK0                                                bssBANK0     000000
__LbssBANK1                                                bssBANK1     000000
__LbssCOMRAM                                               bssCOMRAM    000000
__Lcinit                                                   cinit        000000
__Lclrtext                                                 clrtext      000000
__Lcomram                                                  comram       000000
__Lconfig                                                  config       000000
__Lconst                                                   const        000000
__LcstackBANK0                                             cstackBANK0  000000
__LcstackBANK1                                             cstackBANK1  000000
__LcstackCOMRAM                                            cstackCOMRAM 000000
__Ldata                                                    data         000000
__LdataBANK0                                               dataBANK0    000000
__LdataCOMRAM                                              dataCOMRAM   000000
__Leeprom_data                                             eeprom_data  000000
__Lfarbss                                                  farbss       000000
__Lfardata                                                 fardata      000000
__Libigdata                                                ibigdata     000000
__Lidata                                                   idata        000000
__LidataBANK0                                              idataBANK0   000000
__LidataCOMRAM                                             idataCOMRAM  000000
__Lidloc                                                   idloc        000000
__Lifardata                                                ifardata     000000
__Linit                                                    init         0000C2
__Lintcode                                                 intcode      000008
__Lintcode_body                                            intcode_body 000000
__Lintcodelo                                               intcodelo    000018
__Lintentry                                                intentry     000000
__Lintret                                                  intret       000000
__Lintsave_regs                                            intsave_regs 000000
__Lirdata                                                  irdata       000000
__Lmediumconst                                             mediumconst  000000
__LnvFARRAM                                                nvFARRAM     000000
__Lnvbit                                                   nvbit        000000
__Lnvrram                                                  nvrram       000000
__Lparam                                                   rparam       000000
__Lpowerup                                                 powerup      0000C2
__Lram                                                     ram          000000
__Lramtop                                                  ramtop       001000
__Lrbit                                                    rbit         000000
__Lrbss                                                    rbss         000000
__Lrdata                                                   rdata        000000
__Lreset_vec                                               reset_vec    000000
__Lrparam                                                  rparam       000000
__Lsfr                                                     sfr          000000
__Lsmallconst                                              smallconst   001000
__Lspace_0                                                 (abs)        000000
__Lspace_1                                                 (abs)        000000
__Lspace_2                                                 (abs)        000000
__Lspace_4                                                 (abs)        000000
__Lstack                                                   stack        000000
__Lstruct                                                  struct       000000
__Ltemp                                                    temp         000068
__Ltext                                                    text         000000
__Ltext0                                                   text0        000000
__Ltext1                                                   text1        000000
__Ltext10                                                  text10       000000
__Ltext13                                                  text13       000000
__Ltext14                                                  text14       000000
__Ltext15                                                  text15       000000
__Ltext16                                                  text16       000000
__Ltext17                                                  text17       000000
__Ltext18                                                  text18       000000
__Ltext19                                                  text19       000000
__Ltext2                                                   text2        000000
__Ltext20                                                  text20       000000
__Ltext21                                                  text21       000000
__Ltext22                                                  text22       000000
__Ltext23                                                  text23       000000
__Ltext3                                                   text3        000000
__Ltext4                                                   text4        000000
__Ltext5                                                   text5        000000
__Ltext6                                                   text6        000000
__Ltext7                                                   text7        000000
__Ltext8                                                   text8        000000
__Ltext9                                                   text9        000000
__S0                                                       (abs)        003122
__S1                                                       (abs)        0001D0
__S2                                                       (abs)        000000
__S4                                                       (abs)        000000
__S5                                                       (abs)        000000
___inthi_sp                                                stack        000000
___intlo_sp                                                stack        000000
___lwmod                                                   text20       002F12
___lwmod@counter                                           cstackCOMRAM 000005
___lwmod@dividend                                          cstackCOMRAM 000001
___lwmod@divisor                                           cstackCOMRAM 000003
___param_bank                                              (abs)        000000
___rparam_used                                             (abs)        000001
___sp                                                      stack        000000
___wmul                                                    text5        003092
___wmul@multiplicand                                       cstackBANK0  0000EE
___wmul@multiplier                                         cstackBANK0  0000EC
___wmul@product                                            cstackBANK0  0000F0
__accesstop                                                (abs)        000080
__activetblptr                                             (abs)        000002
__end_of_AddCustomCharacters                               text6        002DBE
__end_of_CatchFrisbee                                      text17       002CB2
__end_of_CheckIfCaughtFrisbee                              text22       002C26
__end_of_InitGameObjects                                   text4        002ADA
__end_of_InitInterrupts                                    text3        002D3C
__end_of_InitLCD                                           text2        003060
__end_of_LCDAddSpecialCharacter                            text7        002FC0
__end_of_LCDCmd                                            text9        003092
__end_of_LCDDat                                            text10       00302E
__end_of_LCDGoto                                           text8        002E36
__end_of_SetupDebouncingTimer                              text21       003122
__end_of_UpdateAndPrintDisplay                             text1        0016E6
__end_of___lwmod                                           text20       002F76
__end_of___wmul                                            text5        0030BA
__end_of__initialization                                   cinit        002E9A
__end_of_compute_frisbee_target_and_route                  text18       001F86
__end_of_down                                              text16       0028BA
__end_of_highIsr                                           intcode_body 001C2E
__end_of_left                                              text15       00243E
__end_of_lowIsr                                            intcodelo    0000C2
__end_of_main                                              text0        0030FC
__end_of_random_generator                                  text19       002F12
__end_of_right                                             text14       002688
__end_of_up                                                text13       0021E6
__end_ofi2___wmul                                          text23       0030E0
__initialization                                           cinit        002E36
__mediumconst                                              mediumconst  000000
__pbssBANK0                                                bssBANK0     0000BA
__pbssBANK1                                                bssBANK1     000100
__pbssCOMRAM                                               bssCOMRAM    00003C
__pcinit                                                   cinit        002E36
__pcstackBANK0                                             cstackBANK0  0000E4
__pcstackBANK1                                             cstackBANK1  0001BC
__pcstackCOMRAM                                            cstackCOMRAM 000001
__pdataBANK0                                               dataBANK0    000080
__pdataCOMRAM                                              dataCOMRAM   000052
__pidataBANK0                                              idataBANK0   002FC0
__pidataCOMRAM                                             idataCOMRAM  0030FC
__pintcode                                                 intcode      000008
__pintcode_body                                            intcode_body 0016E6
__pintcodelo                                               intcodelo    000018
__psmallconst                                              smallconst   001000
__ptext0                                                   text0        0030E0
__ptext1                                                   text1        001006
__ptext10                                                  text10       002FFA
__ptext13                                                  text13       001F86
__ptext14                                                  text14       00243E
__ptext15                                                  text15       0021E6
__ptext16                                                  text16       002688
__ptext17                                                  text17       002C26
__ptext18                                                  text18       001C2E
__ptext19                                                  text19       002EA8
__ptext2                                                   text2        00302E
__ptext20                                                  text20       002F12
__ptext21                                                  text21       003112
__ptext22                                                  text22       002ADA
__ptext23                                                  text23       0030BA
__ptext3                                                   text3        002CB2
__ptext4                                                   text4        0028BA
__ptext5                                                   text5        003092
__ptext6                                                   text6        002D3C
__ptext7                                                   text7        002F76
__ptext8                                                   text8        002DBE
__ptext9                                                   text9        003060
__ramtop                                                   ramtop       001000
__size_of_AddCustomCharacters                              (abs)        000000
__size_of_CatchFrisbee                                     (abs)        000000
__size_of_CheckIfCaughtFrisbee                             (abs)        000000
__size_of_InitGameObjects                                  (abs)        000000
__size_of_InitInterrupts                                   (abs)        000000
__size_of_InitLCD                                          (abs)        000000
__size_of_LCDAddSpecialCharacter                           (abs)        000000
__size_of_LCDCmd                                           (abs)        000000
__size_of_LCDDat                                           (abs)        000000
__size_of_LCDGoto                                          (abs)        000000
__size_of_SetupDebouncingTimer                             (abs)        000000
__size_of_UpdateAndPrintDisplay                            (abs)        000000
__size_of___lwmod                                          (abs)        000000
__size_of___wmul                                           (abs)        000000
__size_of_compute_frisbee_target_and_route                 (abs)        000000
__size_of_down                                             (abs)        000000
__size_of_highIsr                                          (abs)        000000
__size_of_left                                             (abs)        000000
__size_of_lowIsr                                           (abs)        000000
__size_of_main                                             (abs)        000000
__size_of_random_generator                                 (abs)        000000
__size_of_right                                            (abs)        000000
__size_of_up                                               (abs)        000000
__size_ofi2___wmul                                         (abs)        000000
__smallconst                                               smallconst   001000
_a                                                         bssCOMRAM    00004E
_acceptInterrupts                                          bssCOMRAM    000051
_b                                                         bssCOMRAM    00004C
_c                                                         bssCOMRAM    00004A
_compute_frisbee_target_and_route                          text18       001C2E
_curFrisbeeSteps                                           bssCOMRAM    00003C
_currentSegment                                            bssCOMRAM    000042
_display                                                   bssBANK1     000100
_down                                                      text16       002688
_frisbeeChar                                               dataBANK0    000082
_frisbeeSteps                                              bssCOMRAM    00003E
_frisbee_steps                                             bssBANK1     000180
_frisbee_target                                            dataCOMRAM   000060
_gameSpeed                                                 dataCOMRAM   00005D
_game_state                                                dataCOMRAM   00005F
_highIsr                                                   intcode      000008
_lcd_x                                                     dataBANK0    000081
_lcd_y                                                     dataBANK0    000080
_left                                                      text15       0021E6
_lowIsr                                                    intcodelo    000018
_main                                                      text0        0030E0
_objs                                                      bssBANK0     0000BA
_portbVals                                                 bssCOMRAM    000050
_pulseCounter                                              bssCOMRAM    000040
_random_generator                                          text19       002EA8
_right                                                     text14       00243E
_scoreA                                                    bssCOMRAM    000046
_scoreB                                                    bssCOMRAM    000044
_segValues                                                 dataCOMRAM   000052
_selectedPlayer                                            bssCOMRAM    000048
_selected_teamA_player                                     dataBANK0    0000A2
_selected_teamA_player_with_frisbee                        dataBANK0    000092
_selected_teamB_player                                     dataBANK0    00009A
_selected_teamB_player_with_frisbee                        dataBANK0    00008A
_teamA_player                                              dataBANK0    0000B2
_teamB_player                                              dataBANK0    0000AA
_up                                                        text13       001F86
btemp                                                      temp         000068
compute_frisbee_target_and_route@current_fisbee_x_position cstackCOMRAM 00000E
compute_frisbee_target_and_route@current_fisbee_y_position cstackCOMRAM 000010
compute_frisbee_target_and_route@i                         cstackCOMRAM 000014
compute_frisbee_target_and_route@i_686                     cstackCOMRAM 000016
compute_frisbee_target_and_route@i_687                     cstackCOMRAM 000018
compute_frisbee_target_and_route@i_689                     cstackCOMRAM 00001A
compute_frisbee_target_and_route@i_690                     cstackCOMRAM 00001C
compute_frisbee_target_and_route@i_691                     cstackCOMRAM 00001E
compute_frisbee_target_and_route@number_of_steps           cstackCOMRAM 000020
compute_frisbee_target_and_route@target_x                  cstackCOMRAM 000022
compute_frisbee_target_and_route@target_y                  cstackCOMRAM 000024
compute_frisbee_target_and_route@x                         cstackCOMRAM 000026
compute_frisbee_target_and_route@x_step_size               cstackCOMRAM 00002A
compute_frisbee_target_and_route@y                         cstackCOMRAM 000028
compute_frisbee_target_and_route@y_step_size               cstackCOMRAM 00002C
down@pl                                                    cstackCOMRAM 00000B
end_of_initialization                                      cinit        002E9A
i2___wmul                                                  text23       0030BA
i2___wmul@multiplicand                                     cstackCOMRAM 000003
i2___wmul@multiplier                                       cstackCOMRAM 000001
i2___wmul@product                                          cstackCOMRAM 000005
int$flags                                                  temp         000068
int_func                                                   intcode_body 0016E6
intlevel0                                                  text         000000
intlevel1                                                  text         000000
intlevel2                                                  text         000000
intlevel3                                                  text         000000
left@pl                                                    cstackCOMRAM 00000B
lowIsr@temp_a                                              cstackBANK0  0000EB
lowIsr@temp_d                                              cstackBANK0  0000EA
random_generator@i                                         cstackCOMRAM 00000A
random_generator@modulo                                    cstackCOMRAM 000006
random_generator@res                                       cstackCOMRAM 00000D
random_generator@temp                                      cstackCOMRAM 00000C
right@pl                                                   cstackCOMRAM 00000B
stackhi                                                    (abs)        000F7F
stacklo                                                    (abs)        0001D0
start                                                      init         0000C2
start_initialization                                       cinit        002E36
ttemp5                                                     temp         000069
ttemp6                                                     temp         00006C
ttemp7                                                     temp         000070
up@pl                                                      cstackCOMRAM 00000B
wtemp8                                                     temp         000069


FUNCTION INFORMATION:

 *************** function _main *****************
 Defined at:
		line 207 in file "main.c"
 Parameters:    Size  Location     Type
		None
 Auto vars:     Size  Location     Type
		None
 Return value:  Size  Location     Type
                  1    wreg      void 
 Registers used:
		wreg, fsr1l, fsr1h, fsr2l, fsr2h, status,2, status,0, prodl, prodh, cstack
 Tracked objects:
		On entry : 
		On exit  : 
		Unchanged: 
 Data sizes:     COMRAM   BANK0   BANK1   BANK2   BANK3   BANK4   BANK5   BANK6   BANK7   BANK8   BANK9  BANK10  BANK11  BANK12  BANK13  BANK14  BANK15
      Params:         0       0       0       0       0       0       0       0       0       0       0       0       0       0       0       0       0
      Locals:         0       0       0       0       0       0       0       0       0       0       0       0       0       0       0       0       0
      Temps:          0       0       0       0       0       0       0       0       0       0       0       0       0       0       0       0       0
      Totals:         0       0       0       0       0       0       0       0       0       0       0       0       0       0       0       0       0
Total ram usage:        0 bytes
 Hardware stack levels required when called:    9
 This function calls:
		_AddCustomCharacters
		_InitGameObjects
		_InitInterrupts
		_InitLCD
		_UpdateAndPrintDisplay
 This function is called by:
		Startup code after reset
 This function uses a non-reentrant model


 *************** function _UpdateAndPrintDisplay *****************
 Defined at:
		line 222 in file "main.c"
 Parameters:    Size  Location     Type
		None
 Auto vars:     Size  Location     Type
  j               2   12[BANK1 ] int 
  i               2   18[BANK1 ] int 
  i               2   16[BANK1 ] int 
  i               2   14[BANK1 ] int 
  i               2   10[BANK1 ] int 
 Return value:  Size  Location     Type
                  1    wreg      void 
 Registers used:
		wreg, fsr1l, fsr1h, fsr2l, fsr2h, status,2, status,0, prodl, prodh, cstack
 Tracked objects:
		On entry : 
		On exit  : 
		Unchanged: 
 Data sizes:     COMRAM   BANK0   BANK1   BANK2   BANK3   BANK4   BANK5   BANK6   BANK7   BANK8   BANK9  BANK10  BANK11  BANK12  BANK13  BANK14  BANK15
      Params:         0       0       0       0       0       0       0       0       0       0       0       0       0       0       0       0       0
      Locals:         0       0      10       0       0       0       0       0       0       0       0       0       0       0       0       0       0
      Temps:          0       0      10       0       0       0       0       0       0       0       0       0       0       0       0       0       0
      Totals:         0       0      20       0       0       0       0       0       0       0       0       0       0       0       0       0       0
Total ram usage:       20 bytes
 Hardware stack levels used:    1
 Hardware stack levels required when called:    7
 This function calls:
		_LCDDat
		_LCDGoto
		___wmul
 This function is called by:
		_main
 This function uses a non-reentrant model


 *************** function _InitLCD *****************
 Defined at:
		line 124 in file "./lcd.h"
 Parameters:    Size  Location     Type
		None
 Auto vars:     Size  Location     Type
		None
 Return value:  Size  Location     Type
                  1    wreg      void 
 Registers used:
		wreg, status,2, cstack
 Tracked objects:
		On entry : 
		On exit  : 
		Unchanged: 
 Data sizes:     COMRAM   BANK0   BANK1   BANK2   BANK3   BANK4   BANK5   BANK6   BANK7   BANK8   BANK9  BANK10  BANK11  BANK12  BANK13  BANK14  BANK15
      Params:         0       0       0       0       0       0       0       0       0       0       0       0       0       0       0       0       0
      Locals:         0       0       0       0       0       0       0       0       0       0       0       0       0       0       0       0       0
      Temps:          0       0       0       0       0       0       0       0       0       0       0       0       0       0       0       0       0
      Totals:         0       0       0       0       0       0       0       0       0       0       0       0       0       0       0       0       0
Total ram usage:        0 bytes
 Hardware stack levels used:    1
 Hardware stack levels required when called:    6
 This function calls:
		_LCDCmd
 This function is called by:
		_main
 This function uses a non-reentrant model


 *************** function _InitInterrupts *****************
 Defined at:
		line 400 in file "main.c"
 Parameters:    Size  Location     Type
		None
 Auto vars:     Size  Location     Type
		None
 Return value:  Size  Location     Type
                  1    wreg      void 
 Registers used:
		wreg, status,2
 Tracked objects:
		On entry : 
		On exit  : 
		Unchanged: 
 Data sizes:     COMRAM   BANK0   BANK1   BANK2   BANK3   BANK4   BANK5   BANK6   BANK7   BANK8   BANK9  BANK10  BANK11  BANK12  BANK13  BANK14  BANK15
      Params:         0       0       0       0       0       0       0       0       0       0       0       0       0       0       0       0       0
      Locals:         0       0       0       0       0       0       0       0       0       0       0       0       0       0       0       0       0
      Temps:          0       0       0       0       0       0       0       0       0       0       0       0       0       0       0       0       0
      Totals:         0       0       0       0       0       0       0       0       0       0       0       0       0       0       0       0       0
Total ram usage:        0 bytes
 Hardware stack levels used:    1
 Hardware stack levels required when called:    5
 This function calls:
		Nothing
 This function is called by:
		_main
 This function uses a non-reentrant model


 *************** function _InitGameObjects *****************
 Defined at:
		line 310 in file "main.c"
 Parameters:    Size  Location     Type
		None
 Auto vars:     Size  Location     Type
  j               2   16[BANK0 ] int 
  i               2   18[BANK0 ] int 
  i               2   14[BANK0 ] int 
 Return value:  Size  Location     Type
                  1    wreg      void 
 Registers used:
		wreg, fsr2l, fsr2h, status,2, status,0, prodl, prodh, cstack
 Tracked objects:
		On entry : 
		On exit  : 
		Unchanged: 
 Data sizes:     COMRAM   BANK0   BANK1   BANK2   BANK3   BANK4   BANK5   BANK6   BANK7   BANK8   BANK9  BANK10  BANK11  BANK12  BANK13  BANK14  BANK15
      Params:         0       0       0       0       0       0       0       0       0       0       0       0       0       0       0       0       0
      Locals:         0       6       0       0       0       0       0       0       0       0       0       0       0       0       0       0       0
      Temps:          0       0      12       0       0       0       0       0       0       0       0       0       0       0       0       0       0
      Totals:         0       6      12       0       0       0       0       0       0       0       0       0       0       0       0       0       0
Total ram usage:       18 bytes
 Hardware stack levels used:    1
 Hardware stack levels required when called:    6
 This function calls:
		___wmul
 This function is called by:
		_main
 This function uses a non-reentrant model


 *************** function ___wmul *****************
 Defined at:
		line 15 in file "/opt/microchip/xc8/v2.30/pic/sources/c99/common/Umul16.c"
 Parameters:    Size  Location     Type
  multiplier      2    8[BANK0 ] unsigned int 
  multiplicand    2   10[BANK0 ] unsigned int 
 Auto vars:     Size  Location     Type
  product         2   12[BANK0 ] unsigned int 
 Return value:  Size  Location     Type
                  2    8[BANK0 ] unsigned int 
 Registers used:
		wreg, status,2, status,0, prodl, prodh
 Tracked objects:
		On entry : 
		On exit  : 
		Unchanged: 
 Data sizes:     COMRAM   BANK0   BANK1   BANK2   BANK3   BANK4   BANK5   BANK6   BANK7   BANK8   BANK9  BANK10  BANK11  BANK12  BANK13  BANK14  BANK15
      Params:         0       4       0       0       0       0       0       0       0       0       0       0       0       0       0       0       0
      Locals:         0       2       0       0       0       0       0       0       0       0       0       0       0       0       0       0       0
      Temps:          0       0       0       0       0       0       0       0       0       0       0       0       0       0       0       0       0
      Totals:         0       6       0       0       0       0       0       0       0       0       0       0       0       0       0       0       0
Total ram usage:        6 bytes
 Hardware stack levels used:    1
 Hardware stack levels required when called:    5
 This function calls:
		Nothing
 This function is called by:
		_UpdateAndPrintDisplay
		_InitGameObjects
 This function uses a non-reentrant model


 *************** function _AddCustomCharacters *****************
 Defined at:
		line 161 in file "./lcd.h"
 Parameters:    Size  Location     Type
		None
 Auto vars:     Size  Location     Type
		None
 Return value:  Size  Location     Type
                  1    wreg      void 
 Registers used:
		wreg, fsr2l, fsr2h, status,2, status,0, prodl, prodh, cstack
 Tracked objects:
		On entry : 
		On exit  : 
		Unchanged: 
 Data sizes:     COMRAM   BANK0   BANK1   BANK2   BANK3   BANK4   BANK5   BANK6   BANK7   BANK8   BANK9  BANK10  BANK11  BANK12  BANK13  BANK14  BANK15
      Params:         0       0       0       0       0       0       0       0       0       0       0       0       0       0       0       0       0
      Locals:         0       0       0       0       0       0       0       0       0       0       0       0       0       0       0       0       0
      Temps:          0       0       0       0       0       0       0       0       0       0       0       0       0       0       0       0       0
      Totals:         0       0       0       0       0       0       0       0       0       0       0       0       0       0       0       0       0
Total ram usage:        0 bytes
 Hardware stack levels used:    1
 Hardware stack levels required when called:    8
 This function calls:
		_LCDAddSpecialCharacter
 This function is called by:
		_main
 This function uses a non-reentrant model


 *************** function _LCDAddSpecialCharacter *****************
 Defined at:
		line 145 in file "./lcd.h"
 Parameters:    Size  Location     Type
  character_in    1    wreg     unsigned char 
  data            2   12[BANK0 ] PTR unsigned char 
		 -> frisbee_target(8), frisbeeChar(8), selected_teamB_player_with_frisbee(8), selected_teamA_player_with_frisbee(8), 
		 -> selected_teamB_player(8), selected_teamA_player(8), teamB_player(8), teamA_player(8), 
 Auto vars:     Size  Location     Type
  character_in    1   14[BANK0 ] unsigned char 
  i               1   15[BANK0 ] unsigned char 
 Return value:  Size  Location     Type
                  1    wreg      void 
 Registers used:
		wreg, fsr2l, fsr2h, status,2, status,0, prodl, prodh, cstack
 Tracked objects:
		On entry : 
		On exit  : 
		Unchanged: 
 Data sizes:     COMRAM   BANK0   BANK1   BANK2   BANK3   BANK4   BANK5   BANK6   BANK7   BANK8   BANK9  BANK10  BANK11  BANK12  BANK13  BANK14  BANK15
      Params:         0       2       0       0       0       0       0       0       0       0       0       0       0       0       0       0       0
      Locals:         0       2       0       0       0       0       0       0       0       0       0       0       0       0       0       0       0
      Temps:          0       0       0       0       0       0       0       0       0       0       0       0       0       0       0       0       0
      Totals:         0       4       0       0       0       0       0       0       0       0       0       0       0       0       0       0       0
Total ram usage:        4 bytes
 Hardware stack levels used:    1
 Hardware stack levels required when called:    7
 This function calls:
		_LCDCmd
		_LCDDat
		_LCDGoto
 This function is called by:
		_AddCustomCharacters
 This function uses a non-reentrant model


 *************** function _LCDGoto *****************
 Defined at:
		line 88 in file "./lcd.h"
 Parameters:    Size  Location     Type
  p_2             1    wreg     unsigned char 
  p_1             1   10[BANK0 ] unsigned char 
 Auto vars:     Size  Location     Type
  p_2             1   11[BANK0 ] unsigned char 
 Return value:  Size  Location     Type
                  1    wreg      void 
 Registers used:
		wreg, status,2, status,0, cstack
 Tracked objects:
		On entry : 
		On exit  : 
		Unchanged: 
 Data sizes:     COMRAM   BANK0   BANK1   BANK2   BANK3   BANK4   BANK5   BANK6   BANK7   BANK8   BANK9  BANK10  BANK11  BANK12  BANK13  BANK14  BANK15
      Params:         0       1       0       0       0       0       0       0       0       0       0       0       0       0       0       0       0
      Locals:         0       1       0       0       0       0       0       0       0       0       0       0       0       0       0       0       0
      Temps:          0       0       0       0       0       0       0       0       0       0       0       0       0       0       0       0       0
      Totals:         0       2       0       0       0       0       0       0       0       0       0       0       0       0       0       0       0
Total ram usage:        2 bytes
 Hardware stack levels used:    1
 Hardware stack levels required when called:    6
 This function calls:
		_LCDCmd
 This function is called by:
		_LCDAddSpecialCharacter
		_UpdateAndPrintDisplay
		_LCDStr
		_PrintPORTBandIntCounts
 This function uses a non-reentrant model


 *************** function _LCDCmd *****************
 Defined at:
		line 64 in file "./lcd.h"
 Parameters:    Size  Location     Type
  cmd             1    wreg     unsigned char 
 Auto vars:     Size  Location     Type
  cmd             1    9[BANK0 ] unsigned char 
 Return value:  Size  Location     Type
                  1    wreg      void 
 Registers used:
		wreg
 Tracked objects:
		On entry : 
		On exit  : 
		Unchanged: 
 Data sizes:     COMRAM   BANK0   BANK1   BANK2   BANK3   BANK4   BANK5   BANK6   BANK7   BANK8   BANK9  BANK10  BANK11  BANK12  BANK13  BANK14  BANK15
      Params:         0       0       0       0       0       0       0       0       0       0       0       0       0       0       0       0       0
      Locals:         0       1       0       0       0       0       0       0       0       0       0       0       0       0       0       0       0
      Temps:          0       1       0       0       0       0       0       0       0       0       0       0       0       0       0       0       0
      Totals:         0       2       0       0       0       0       0       0       0       0       0       0       0       0       0       0       0
Total ram usage:        2 bytes
 Hardware stack levels used:    1
 Hardware stack levels required when called:    5
 This function calls:
		Nothing
 This function is called by:
		_LCDGoto
		_InitLCD
		_LCDAddSpecialCharacter
 This function uses a non-reentrant model


 *************** function _LCDDat *****************
 Defined at:
		line 74 in file "./lcd.h"
 Parameters:    Size  Location     Type
  dat             1    wreg     unsigned char 
 Auto vars:     Size  Location     Type
  dat             1    9[BANK0 ] unsigned char 
 Return value:  Size  Location     Type
                  1    wreg      void 
 Registers used:
		wreg
 Tracked objects:
		On entry : 
		On exit  : 
		Unchanged: 
 Data sizes:     COMRAM   BANK0   BANK1   BANK2   BANK3   BANK4   BANK5   BANK6   BANK7   BANK8   BANK9  BANK10  BANK11  BANK12  BANK13  BANK14  BANK15
      Params:         0       0       0       0       0       0       0       0       0       0       0       0       0       0       0       0       0
      Locals:         0       1       0       0       0       0       0       0       0       0       0       0       0       0       0       0       0
      Temps:          0       1       0       0       0       0       0       0       0       0       0       0       0       0       0       0       0
      Totals:         0       2       0       0       0       0       0       0       0       0       0       0       0       0       0       0       0
Total ram usage:        2 bytes
 Hardware stack levels used:    1
 Hardware stack levels required when called:    5
 This function calls:
		Nothing
 This function is called by:
		_LCDAddSpecialCharacter
		_UpdateAndPrintDisplay
		_LCDStr
		_PrintPORTBandIntCounts
 This function uses a non-reentrant model


 *************** function _lowIsr *****************
 Defined at:
		line 178 in file "main.c"
 Parameters:    Size  Location     Type
		None
 Auto vars:     Size  Location     Type
  temp_a          1    7[BANK0 ] unsigned char 
  temp_d          1    6[BANK0 ] unsigned char 
 Return value:  Size  Location     Type
                  1    wreg      void 
 Registers used:
		wreg, fsr2l, fsr2h, status,2, status,0
 Tracked objects:
		On entry : 
		On exit  : 
		Unchanged: 
 Data sizes:     COMRAM   BANK0   BANK1   BANK2   BANK3   BANK4   BANK5   BANK6   BANK7   BANK8   BANK9  BANK10  BANK11  BANK12  BANK13  BANK14  BANK15
      Params:         0       0       0       0       0       0       0       0       0       0       0       0       0       0       0       0       0
      Locals:         0       2       0       0       0       0       0       0       0       0       0       0       0       0       0       0       0
      Temps:          0       6       0       0       0       0       0       0       0       0       0       0       0       0       0       0       0
      Totals:         0       8       0       0       0       0       0       0       0       0       0       0       0       0       0       0       0
Total ram usage:        8 bytes
 Hardware stack levels used:    1
 Hardware stack levels required when called:    4
 This function calls:
		Nothing
 This function is called by:
		Interrupt level 1
 This function uses a non-reentrant model


 *************** function _highIsr *****************
 Defined at:
		line 45 in file "main.c"
 Parameters:    Size  Location     Type
		None
 Auto vars:     Size  Location     Type
		None
 Return value:  Size  Location     Type
                  1    wreg      void 
 Registers used:
		wreg, fsr1l, fsr1h, fsr2l, fsr2h, status,2, status,0, prodl, prodh, cstack
 Tracked objects:
		On entry : 
		On exit  : 
		Unchanged: 
 Data sizes:     COMRAM   BANK0   BANK1   BANK2   BANK3   BANK4   BANK5   BANK6   BANK7   BANK8   BANK9  BANK10  BANK11  BANK12  BANK13  BANK14  BANK15
      Params:         0       0       0       0       0       0       0       0       0       0       0       0       0       0       0       0       0
      Locals:         0       0       0       0       0       0       0       0       0       0       0       0       0       0       0       0       0
      Temps:         14       0       0       0       0       0       0       0       0       0       0       0       0       0       0       0       0
      Totals:        14       0       0       0       0       0       0       0       0       0       0       0       0       0       0       0       0
Total ram usage:       14 bytes
 Hardware stack levels used:    1
 Hardware stack levels required when called:    3
 This function calls:
		_CheckIfCaughtFrisbee
		_SetupDebouncingTimer
		_compute_frisbee_target_and_route
		_down
		_left
		_right
		_up
		i2___wmul
 This function is called by:
		Interrupt level 2
 This function uses a non-reentrant model


 *************** function _up *****************
 Defined at:
		line 535 in file "main.c"
 Parameters:    Size  Location     Type
  pl              2   10[COMRAM] PTR struct GameElement
		 -> objs(42), 
 Auto vars:     Size  Location     Type
		None
 Return value:  Size  Location     Type
                  1    wreg      void 
 Registers used:
		wreg, fsr1l, fsr1h, fsr2l, fsr2h, status,2, status,0, cstack
 Tracked objects:
		On entry : 
		On exit  : 
		Unchanged: 
 Data sizes:     COMRAM   BANK0   BANK1   BANK2   BANK3   BANK4   BANK5   BANK6   BANK7   BANK8   BANK9  BANK10  BANK11  BANK12  BANK13  BANK14  BANK15
      Params:         2       0       0       0       0       0       0       0       0       0       0       0       0       0       0       0       0
      Locals:         0       0       0       0       0       0       0       0       0       0       0       0       0       0       0       0       0
      Temps:         10       0       0       0       0       0       0       0       0       0       0       0       0       0       0       0       0
      Totals:        12       0       0       0       0       0       0       0       0       0       0       0       0       0       0       0       0
Total ram usage:       12 bytes
 Hardware stack levels used:    1
 Hardware stack levels required when called:    1
 This function calls:
		_CatchFrisbee
 This function is called by:
		_highIsr
 This function uses a non-reentrant model


 *************** function _right *****************
 Defined at:
		line 521 in file "main.c"
 Parameters:    Size  Location     Type
  pl              2   10[COMRAM] PTR struct GameElement
		 -> objs(42), 
 Auto vars:     Size  Location     Type
		None
 Return value:  Size  Location     Type
                  1    wreg      void 
 Registers used:
		wreg, fsr1l, fsr1h, fsr2l, fsr2h, status,2, status,0, prodl, prodh, cstack
 Tracked objects:
		On entry : 
		On exit  : 
		Unchanged: 
 Data sizes:     COMRAM   BANK0   BANK1   BANK2   BANK3   BANK4   BANK5   BANK6   BANK7   BANK8   BANK9  BANK10  BANK11  BANK12  BANK13  BANK14  BANK15
      Params:         2       0       0       0       0       0       0       0       0       0       0       0       0       0       0       0       0
      Locals:         0       0       0       0       0       0       0       0       0       0       0       0       0       0       0       0       0
      Temps:          9       0       0       0       0       0       0       0       0       0       0       0       0       0       0       0       0
      Totals:        11       0       0       0       0       0       0       0       0       0       0       0       0       0       0       0       0
Total ram usage:       11 bytes
 Hardware stack levels used:    1
 Hardware stack levels required when called:    1
 This function calls:
		_CatchFrisbee
 This function is called by:
		_highIsr
 This function uses a non-reentrant model


 *************** function _left *****************
 Defined at:
		line 507 in file "main.c"
 Parameters:    Size  Location     Type
  pl              2   10[COMRAM] PTR struct GameElement
		 -> objs(42), 
 Auto vars:     Size  Location     Type
		None
 Return value:  Size  Location     Type
                  1    wreg      void 
 Registers used:
		wreg, fsr1l, fsr1h, fsr2l, fsr2h, status,2, status,0, cstack
 Tracked objects:
		On entry : 
		On exit  : 
		Unchanged: 
 Data sizes:     COMRAM   BANK0   BANK1   BANK2   BANK3   BANK4   BANK5   BANK6   BANK7   BANK8   BANK9  BANK10  BANK11  BANK12  BANK13  BANK14  BANK15
      Params:         2       0       0       0       0       0       0       0       0       0       0       0       0       0       0       0       0
      Locals:         0       0       0       0       0       0       0       0       0       0       0       0       0       0       0       0       0
      Temps:         10       0       0       0       0       0       0       0       0       0       0       0       0       0       0       0       0
      Totals:        12       0       0       0       0       0       0       0       0       0       0       0       0       0       0       0       0
Total ram usage:       12 bytes
 Hardware stack levels used:    1
 Hardware stack levels required when called:    1
 This function calls:
		_CatchFrisbee
 This function is called by:
		_highIsr
 This function uses a non-reentrant model


 *************** function _down *****************
 Defined at:
		line 549 in file "main.c"
 Parameters:    Size  Location     Type
  pl              2   10[COMRAM] PTR struct GameElement
		 -> objs(42), 
 Auto vars:     Size  Location     Type
		None
 Return value:  Size  Location     Type
                  1    wreg      void 
 Registers used:
		wreg, fsr1l, fsr1h, fsr2l, fsr2h, status,2, status,0, prodl, prodh, cstack
 Tracked objects:
		On entry : 
		On exit  : 
		Unchanged: 
 Data sizes:     COMRAM   BANK0   BANK1   BANK2   BANK3   BANK4   BANK5   BANK6   BANK7   BANK8   BANK9  BANK10  BANK11  BANK12  BANK13  BANK14  BANK15
      Params:         2       0       0       0       0       0       0       0       0       0       0       0       0       0       0       0       0
      Locals:         0       0       0       0       0       0       0       0       0       0       0       0       0       0       0       0       0
      Temps:          9       0       0       0       0       0       0       0       0       0       0       0       0       0       0       0       0
      Totals:        11       0       0       0       0       0       0       0       0       0       0       0       0       0       0       0       0
Total ram usage:       11 bytes
 Hardware stack levels used:    1
 Hardware stack levels required when called:    1
 This function calls:
		_CatchFrisbee
 This function is called by:
		_highIsr
 This function uses a non-reentrant model


 *************** function _CatchFrisbee *****************
 Defined at:
		line 497 in file "main.c"
 Parameters:    Size  Location     Type
  pl              2    0[COMRAM] PTR struct GameElement
		 -> objs(42), 
 Auto vars:     Size  Location     Type
		None
 Return value:  Size  Location     Type
                  1    wreg      void 
 Registers used:
		wreg, fsr2l, fsr2h, status,2, status,0
 Tracked objects:
		On entry : 
		On exit  : 
		Unchanged: 
 Data sizes:     COMRAM   BANK0   BANK1   BANK2   BANK3   BANK4   BANK5   BANK6   BANK7   BANK8   BANK9  BANK10  BANK11  BANK12  BANK13  BANK14  BANK15
      Params:         2       0       0       0       0       0       0       0       0       0       0       0       0       0       0       0       0
      Locals:         0       0       0       0       0       0       0       0       0       0       0       0       0       0       0       0       0
      Temps:          8       0       0       0       0       0       0       0       0       0       0       0       0       0       0       0       0
      Totals:        10       0       0       0       0       0       0       0       0       0       0       0       0       0       0       0       0
Total ram usage:       10 bytes
 Hardware stack levels used:    1
 This function calls:
		Nothing
 This function is called by:
		_left
		_right
		_up
		_down
		_upleft
		_upright
		_downleft
		_downright
 This function uses a non-reentrant model


 *************** function _compute_frisbee_target_and_route *****************
 Defined at:
		line 151 in file "./the3.h"
 Parameters:    Size  Location     Type
  current_fisb    2   13[COMRAM] unsigned short 
  current_fisb    2   15[COMRAM] unsigned short 
 Auto vars:     Size  Location     Type
  i               2   27[COMRAM] unsigned short 
  i               2   25[COMRAM] unsigned short 
  i               2   21[COMRAM] unsigned short 
  i               2   19[COMRAM] unsigned short 
  i               2   29[COMRAM] unsigned short 
  i               2   23[COMRAM] unsigned short 
  y_step_size     2   43[COMRAM] unsigned short 
  x_step_size     2   41[COMRAM] unsigned short 
  y               2   39[COMRAM] unsigned short 
  x               2   37[COMRAM] unsigned short 
  target_y        2   35[COMRAM] unsigned short 
  target_x        2   33[COMRAM] unsigned short 
  number_of_st    2   31[COMRAM] unsigned short 
 Return value:  Size  Location     Type
                  2   13[COMRAM] unsigned short 
 Registers used:
		wreg, fsr2l, fsr2h, status,2, status,0, cstack
 Tracked objects:
		On entry : 
		On exit  : 
		Unchanged: 
 Data sizes:     COMRAM   BANK0   BANK1   BANK2   BANK3   BANK4   BANK5   BANK6   BANK7   BANK8   BANK9  BANK10  BANK11  BANK12  BANK13  BANK14  BANK15
      Params:         4       0       0       0       0       0       0       0       0       0       0       0       0       0       0       0       0
      Locals:        26       0       0       0       0       0       0       0       0       0       0       0       0       0       0       0       0
      Temps:          2       0       0       0       0       0       0       0       0       0       0       0       0       0       0       0       0
      Totals:        32       0       0       0       0       0       0       0       0       0       0       0       0       0       0       0       0
Total ram usage:       32 bytes
 Hardware stack levels used:    1
 Hardware stack levels required when called:    2
 This function calls:
		_random_generator
 This function is called by:
		_highIsr
 This function uses a non-reentrant model


 *************** function _random_generator *****************
 Defined at:
		line 237 in file "./the3.h"
 Parameters:    Size  Location     Type
  modulo          2    5[COMRAM] unsigned short 
 Auto vars:     Size  Location     Type
  i               2    9[COMRAM] unsigned short 
  res             1   12[COMRAM] unsigned char 
  temp            1   11[COMRAM] unsigned char 
 Return value:  Size  Location     Type
                  2    5[COMRAM] unsigned short 
 Registers used:
		wreg, status,2, status,0, cstack
 Tracked objects:
		On entry : 
		On exit  : 
		Unchanged: 
 Data sizes:     COMRAM   BANK0   BANK1   BANK2   BANK3   BANK4   BANK5   BANK6   BANK7   BANK8   BANK9  BANK10  BANK11  BANK12  BANK13  BANK14  BANK15
      Params:         2       0       0       0       0       0       0       0       0       0       0       0       0       0       0       0       0
      Locals:         4       0       0       0       0       0       0       0       0       0       0       0       0       0       0       0       0
      Temps:          2       0       0       0       0       0       0       0       0       0       0       0       0       0       0       0       0
      Totals:         8       0       0       0       0       0       0       0       0       0       0       0       0       0       0       0       0
Total ram usage:        8 bytes
 Hardware stack levels used:    1
 Hardware stack levels required when called:    1
 This function calls:
		___lwmod
 This function is called by:
		_compute_frisbee_target_and_route
 This function uses a non-reentrant model


 *************** function ___lwmod *****************
 Defined at:
		line 7 in file "/opt/microchip/xc8/v2.30/pic/sources/c99/common/lwmod.c"
 Parameters:    Size  Location     Type
  dividend        2    0[COMRAM] unsigned int 
  divisor         2    2[COMRAM] unsigned int 
 Auto vars:     Size  Location     Type
  counter         1    4[COMRAM] unsigned char 
 Return value:  Size  Location     Type
                  2    0[COMRAM] unsigned int 
 Registers used:
		wreg, status,2, status,0
 Tracked objects:
		On entry : 
		On exit  : 
		Unchanged: 
 Data sizes:     COMRAM   BANK0   BANK1   BANK2   BANK3   BANK4   BANK5   BANK6   BANK7   BANK8   BANK9  BANK10  BANK11  BANK12  BANK13  BANK14  BANK15
      Params:         4       0       0       0       0       0       0       0       0       0       0       0       0       0       0       0       0
      Locals:         1       0       0       0       0       0       0       0       0       0       0       0       0       0       0       0       0
      Temps:          0       0       0       0       0       0       0       0       0       0       0       0       0       0       0       0       0
      Totals:         5       0       0       0       0       0       0       0       0       0       0       0       0       0       0       0       0
Total ram usage:        5 bytes
 Hardware stack levels used:    1
 This function calls:
		Nothing
 This function is called by:
		_random_generator
 This function uses a non-reentrant model


 *************** function _SetupDebouncingTimer *****************
 Defined at:
		line 461 in file "main.c"
 Parameters:    Size  Location     Type
		None
 Auto vars:     Size  Location     Type
		None
 Return value:  Size  Location     Type
                  1    wreg      void 
 Registers used:
		wreg, status,2
 Tracked objects:
		On entry : 
		On exit  : 
		Unchanged: 
 Data sizes:     COMRAM   BANK0   BANK1   BANK2   BANK3   BANK4   BANK5   BANK6   BANK7   BANK8   BANK9  BANK10  BANK11  BANK12  BANK13  BANK14  BANK15
      Params:         0       0       0       0       0       0       0       0       0       0       0       0       0       0       0       0       0
      Locals:         0       0       0       0       0       0       0       0       0       0       0       0       0       0       0       0       0
      Temps:          0       0       0       0       0       0       0       0       0       0       0       0       0       0       0       0       0
      Totals:         0       0       0       0       0       0       0       0       0       0       0       0       0       0       0       0       0
Total ram usage:        0 bytes
 Hardware stack levels used:    1
 This function calls:
		Nothing
 This function is called by:
		_highIsr
 This function uses a non-reentrant model


 *************** function _CheckIfCaughtFrisbee *****************
 Defined at:
		line 468 in file "main.c"
 Parameters:    Size  Location     Type
		None
 Auto vars:     Size  Location     Type
  i               2    7[COMRAM] int 
 Return value:  Size  Location     Type
                  2   34[None  ] PTR struct GameElement
 Registers used:
		wreg, fsr2l, fsr2h, status,2, status,0, prodl, prodh, cstack
 Tracked objects:
		On entry : 
		On exit  : 
		Unchanged: 
 Data sizes:     COMRAM   BANK0   BANK1   BANK2   BANK3   BANK4   BANK5   BANK6   BANK7   BANK8   BANK9  BANK10  BANK11  BANK12  BANK13  BANK14  BANK15
      Params:         0       0       0       0       0       0       0       0       0       0       0       0       0       0       0       0       0
      Locals:         2       0       0       0       0       0       0       0       0       0       0       0       0       0       0       0       0
      Temps:          1       0       0       0       0       0       0       0       0       0       0       0       0       0       0       0       0
      Totals:         3       0       0       0       0       0       0       0       0       0       0       0       0       0       0       0       0
Total ram usage:        3 bytes
 Hardware stack levels used:    1
 Hardware stack levels required when called:    1
 This function calls:
		i2___wmul
 This function is called by:
		_highIsr
 This function uses a non-reentrant model


 *************** function i2___wmul *****************
 Defined at:
		line 15 in file "/opt/microchip/xc8/v2.30/pic/sources/c99/common/Umul16.c"
 Parameters:    Size  Location     Type
  multiplier      2    0[COMRAM] unsigned int 
  multiplicand    2    2[COMRAM] unsigned int 
 Auto vars:     Size  Location     Type
  product         2    4[COMRAM] unsigned int 
 Return value:  Size  Location     Type
                  2    0[COMRAM] unsigned int 
 Registers used:
		wreg, status,2, status,0, prodl, prodh
 Tracked objects:
		On entry : 
		On exit  : 
		Unchanged: 
 Data sizes:     COMRAM   BANK0   BANK1   BANK2   BANK3   BANK4   BANK5   BANK6   BANK7   BANK8   BANK9  BANK10  BANK11  BANK12  BANK13  BANK14  BANK15
      Params:         4       0       0       0       0       0       0       0       0       0       0       0       0       0       0       0       0
      Locals:         2       0       0       0       0       0       0       0       0       0       0       0       0       0       0       0       0
      Temps:          0       0       0       0       0       0       0       0       0       0       0       0       0       0       0       0       0
      Totals:         6       0       0       0       0       0       0       0       0       0       0       0       0       0       0       0       0
Total ram usage:        6 bytes
 Hardware stack levels used:    1
 This function calls:
		Nothing
 This function is called by:
		_highIsr
		_CheckIfCaughtFrisbee
 This function uses a non-reentrant model



MODULE INFORMATION

Module		Function		Class		Link	Load	Size
./lcd.h
		_AddCustomCharacters		CODE           	2D3C	0000	130
		_LCDCmd        		CODE           	3060	0000	50
		_InitLCD       		CODE           	302E	0000	50
		_LCDDat        		CODE           	2FFA	0000	52
		_LCDAddSpecialCharacter		CODE           	2F76	0000	74
		_LCDGoto       		CODE           	2DBE	0000	120

./lcd.h estimated size: 476

/opt/microchip/xc8/v2.30/pic/sources/c99/common/lwmod.c
		___lwmod       		CODE           	2F12	0000	100

/opt/microchip/xc8/v2.30/pic/sources/c99/common/lwmod.c estimated size: 100

./the3.h
		_compute_frisbee_target_and_route		CODE           	1C2E	0000	856
		_random_generator		CODE           	2EA8	0000	106

./the3.h estimated size: 962

shared
		i2___wmul      		CODE           	30BA	0000	38
		__initialization		CODE           	2E36	0000	100

shared estimated size: 138

/opt/microchip/xc8/v2.30/pic/sources/c99/common/Umul16.c
		___wmul        		CODE           	3092	0000	40

/opt/microchip/xc8/v2.30/pic/sources/c99/common/Umul16.c estimated size: 40

main.c
		_lowIsr        		CODE           	0018	0000	170
		_CheckIfCaughtFrisbee		CODE           	2ADA	0000	332
		_down          		CODE           	2688	0000	562
		_InitInterrupts		CODE           	2CB2	0000	138
		_main          		CODE           	30E0	0000	28
		_highIsr       		CODE           	0008	0000	1358
		_up            		CODE           	1F86	0000	608
		_left          		CODE           	21E6	0000	600
		_CatchFrisbee  		CODE           	2C26	0000	140
		_InitGameObjects		CODE           	28BA	0000	544
		_right         		CODE           	243E	0000	586
		_UpdateAndPrintDisplay		CODE           	1006	0000	1760
		_SetupDebouncingTimer		CODE           	3112	0000	16

main.c estimated size: 6842

